--- Running CatBoost (Imputed) for surface density---
Best Score: 0.8426
Best Params: {'impute__strategy': 'mean', 'model__bagging_temperature': 0.5432255695256468, 'model__depth': 6, 'model__iterations': 100, 'model__l2_leaf_reg': 7.292844062146713, 'model__learning_rate': 0.10470168051228446, 'model__random_strength': 1e-09, 'scale': 'passthrough'}

--- Running Catboost (No Impute) for surface density---
Best Score: 0.8470
Best Params: {'model__bagging_temperature': 0.6702626905867995, 'model__depth': 4, 'model__iterations': 500, 'model__l2_leaf_reg': 1.0, 'model__learning_rate': 0.01780433097274598, 'model__random_strength': 10.0, 'scale': StandardScaler()}

--- Running XGBoost (Imputed) for surface density---
Best Score: 0.8452
Best Params: {'impute__strategy': 'mean', 'model__colsample_bytree': 0.7293622145968831, 'model__gamma': 2.9423218978922874, 'model__learning_rate': 0.028826360298166893, 'model__max_depth': 9, 'model__min_child_weight': 5, 'model__n_estimators': 258, 'model__reg_alpha': 0.0029238250160032848, 'model__reg_lambda': 0.0092440750413992, 'model__subsample': 0.8384811829992442, 'scale': RobustScaler()}

--- Running XGBoost (No Impute) for surface density---
Best Score: 0.8382
Best Params: {'model__colsample_bytree': 0.6053736746204773, 'model__gamma': 5.0, 'model__learning_rate': 0.01, 'model__max_depth': 3, 'model__min_child_weight': 7, 'model__n_estimators': 800, 'model__reg_alpha': 10.0, 'model__reg_lambda': 10.0, 'model__subsample': 0.7984734982387633, 'scale': StandardScaler()}

--- Running Random Forest for surface density---
Best Score: 0.8365
Best Params: {'impute__strategy': 'median', 'model__bootstrap': True, 'model__max_depth': 31, 'model__max_features': 'log2', 'model__min_samples_leaf': 10, 'model__min_samples_split': 5, 'model__n_estimators': 717, 'scale': StandardScaler()}

--- Running CatBoost (Imputed) for log of surface density---
Best Score: 0.9597
Best Params: {'impute__strategy': 'median', 'model__bagging_temperature': 0.40003713050866463, 'model__depth': 7, 'model__iterations': 579, 'model__l2_leaf_reg': 5.407846188608166, 'model__learning_rate': 0.016112434685790933, 'model__random_strength': 0.6447303625671337, 'scale': StandardScaler()}

--- Running Catboost (No Impute) for log of surface density---
Best Score: 0.9516
Best Params: {'model__bagging_temperature': 0.9589359070530045, 'model__depth': 8, 'model__iterations': 438, 'model__l2_leaf_reg': 1.0, 'model__learning_rate': 0.01, 'model__random_strength': 0.0005467495326274698, 'scale': 'passthrough'}

--- Running XGBoost (Imputed) for log of surface density---
Best Score: 0.9639
Best Params: {'impute__strategy': 'mean', 'model__colsample_bytree': 0.7764750632024067, 'model__gamma': 3.52015153480934, 'model__learning_rate': 0.012525419069386683, 'model__max_depth': 7, 'model__min_child_weight': 3, 'model__n_estimators': 388, 'model__reg_alpha': 0.35711784844561445, 'model__reg_lambda': 1.1377745779622996, 'model__subsample': 0.7269158268646885, 'scale': 'passthrough'}

--- Running XGBoost (No Impute) for log of surface density---
Best Score: 0.9484
Best Params: {'model__colsample_bytree': 0.6, 'model__gamma': 5.0, 'model__learning_rate': 0.022418366260318075, 'model__max_depth': 9, 'model__min_child_weight': 1, 'model__n_estimators': 800, 'model__reg_alpha': 0.0001, 'model__reg_lambda': 0.0001, 'model__subsample': 0.6, 'scale': 'passthrough'}

--- Running Random Forest for log of surface density---
Best Score: 0.9632
Best Params: {'impute__strategy': 'median', 'model__bootstrap': True, 'model__max_depth': 31, 'model__max_features': 'log2', 'model__min_samples_leaf': 10, 'model__min_samples_split': 5, 'model__n_estimators': 717, 'scale': StandardScaler()}

Best overall model is: Pipeline(steps=[('impute', SimpleImputer(strategy='median')),
                ('ratio', RatioGenerator(cols=['F70', 'F24', 'F12', 'F8'])),
                ('scale', StandardScaler()),
                ('model',
                 RandomForestRegressor(max_depth=31, max_features='log2',
                                       min_samples_leaf=10, min_samples_split=5,
                                       n_estimators=717, n_jobs=-1,
                                       random_state=2026))])
Best overall model performance on test set:
RMSE: 0.9800
R^2: 0.3869
Best overall log model is: Pipeline(steps=[('impute', 'passthrough'),
                ('ratio', RatioGenerator(cols=['F70', 'F24', 'F12', 'F8'])),
                ('scale', 'passthrough'),
                ('model',
                 XGBRegressor(base_score=None, booster=None, callbacks=None,
                              colsample_bylevel=None, colsample_bynode=None,
                              colsample_bytree=0.6, device=None,
                              early_stopping_rounds=None,
                              enable_categorical=False, eval_metric=None,
                              feature_types=No...
                              gamma=5.0, grow_policy=None, importance_type=None,
                              interaction_constraints=None,
                              learning_rate=0.022418366260318075, max_bin=None,
                              max_cat_threshold=None, max_cat_to_onehot=None,
                              max_delta_step=None, max_depth=9, max_leaves=None,
                              min_child_weight=1, missing=nan,
                              monotone_constraints=None, multi_strategy=None,
                              n_estimators=800, n_jobs=-1,
                              num_parallel_tree=None, ...))])
Best overall log model performance on test set:
RMSE: 0.9484
R^2: 0.5003
