/bsuhome/alexanderemert/miniforge3/envs/starform-alex/lib/python3.14/site-packages/skopt/optimizer/optimizer.py:517: UserWarning: The objective has been evaluated at point [SimpleImputer(), np.int64(15), None, np.int64(1), np.int64(10), StandardScaler()] before, using random point [SimpleImputer(), np.int64(29), 'sqrt', np.int64(5), np.int64(14), StandardScaler()]
  warnings.warn(
/bsuhome/alexanderemert/miniforge3/envs/starform-alex/lib/python3.14/site-packages/skopt/optimizer/optimizer.py:517: UserWarning: The objective has been evaluated at point [SimpleImputer(), np.int64(16), None, np.int64(1), np.int64(10), RobustScaler()] before, using random point [KNNImputer(), np.int64(12), 'sqrt', np.int64(17), np.int64(12), StandardScaler()]
  warnings.warn(
/bsuhome/alexanderemert/miniforge3/envs/starform-alex/lib/python3.14/site-packages/skopt/optimizer/optimizer.py:517: UserWarning: The objective has been evaluated at point [SimpleImputer(), np.int64(16), None, np.int64(1), np.int64(10), np.str_('passthrough')] before, using random point [SimpleImputer(), np.int64(4), 'log2', np.int64(3), np.int64(2), 'passthrough']
  warnings.warn(
/bsuhome/alexanderemert/miniforge3/envs/starform-alex/lib/python3.14/site-packages/skopt/optimizer/optimizer.py:517: UserWarning: The objective has been evaluated at point [SimpleImputer(), np.int64(16), None, np.int64(1), np.int64(10), StandardScaler()] before, using random point [KNNImputer(), np.int64(4), 'sqrt', np.int64(16), np.int64(9), RobustScaler()]
  warnings.warn(
/bsuhome/alexanderemert/miniforge3/envs/starform-alex/lib/python3.14/site-packages/skopt/optimizer/optimizer.py:517: UserWarning: The objective has been evaluated at point [SimpleImputer(), np.int64(16), None, np.int64(1), np.int64(10), StandardScaler()] before, using random point [SimpleImputer(strategy='median'), np.int64(27), 'log2', np.int64(2), np.int64(4), 'passthrough']
  warnings.warn(
/bsuhome/alexanderemert/miniforge3/envs/starform-alex/lib/python3.14/site-packages/skopt/optimizer/optimizer.py:517: UserWarning: The objective has been evaluated at point [SimpleImputer(), np.int64(16), None, np.int64(1), np.int64(10), StandardScaler()] before, using random point [SimpleImputer(strategy='median'), np.int64(11), 'sqrt', np.int64(12), np.int64(16), RobustScaler()]
  warnings.warn(
/bsuhome/alexanderemert/miniforge3/envs/starform-alex/lib/python3.14/site-packages/skopt/optimizer/optimizer.py:517: UserWarning: The objective has been evaluated at point [SimpleImputer(), np.int64(16), None, np.int64(1), np.int64(10), StandardScaler()] before, using random point [KNNImputer(), np.int64(22), None, np.int64(4), np.int64(4), RobustScaler()]
  warnings.warn(
/bsuhome/alexanderemert/miniforge3/envs/starform-alex/lib/python3.14/site-packages/skopt/optimizer/optimizer.py:517: UserWarning: The objective has been evaluated at point [SimpleImputer(), np.int64(18), None, np.int64(1), np.int64(8), StandardScaler()] before, using random point [KNNImputer(), np.int64(20), 'log2', np.int64(18), np.int64(10), 'passthrough']
  warnings.warn(
/bsuhome/alexanderemert/miniforge3/envs/starform-alex/lib/python3.14/site-packages/skopt/optimizer/optimizer.py:517: UserWarning: The objective has been evaluated at point [SimpleImputer(), np.int64(18), None, np.int64(1), np.int64(8), StandardScaler()] before, using random point [KNNImputer(), np.int64(14), None, np.int64(17), np.int64(4), RobustScaler()]
  warnings.warn(
/bsuhome/alexanderemert/miniforge3/envs/starform-alex/lib/python3.14/site-packages/skopt/optimizer/optimizer.py:517: UserWarning: The objective has been evaluated at point [SimpleImputer(strategy='median'), np.int64(20), None, np.int64(1), np.int64(6), StandardScaler()] before, using random point [SimpleImputer(strategy='median'), np.int64(6), 'log2', np.int64(6), np.int64(7), 'passthrough']
  warnings.warn(
/bsuhome/alexanderemert/miniforge3/envs/starform-alex/lib/python3.14/site-packages/skopt/optimizer/optimizer.py:517: UserWarning: The objective has been evaluated at point [SimpleImputer(), np.int64(18), None, np.int64(1), np.int64(8), StandardScaler()] before, using random point [KNNImputer(), np.int64(8), None, np.int64(12), np.int64(7), RobustScaler()]
  warnings.warn(
/bsuhome/alexanderemert/miniforge3/envs/starform-alex/lib/python3.14/site-packages/skopt/optimizer/optimizer.py:517: UserWarning: The objective has been evaluated at point [SimpleImputer(), np.int64(18), None, np.int64(1), np.int64(8), StandardScaler()] before, using random point [KNNImputer(), np.int64(11), 'log2', np.int64(15), np.int64(8), 'passthrough']
  warnings.warn(
/bsuhome/alexanderemert/miniforge3/envs/starform-alex/lib/python3.14/site-packages/skopt/optimizer/optimizer.py:517: UserWarning: The objective has been evaluated at point [KNNImputer(), np.int64(20), None, np.int64(5), np.int64(4), RobustScaler()] before, using random point [KNNImputer(), np.int64(5), 'sqrt', np.int64(8), np.int64(13), RobustScaler()]
  warnings.warn(
/bsuhome/alexanderemert/miniforge3/envs/starform-alex/lib/python3.14/site-packages/skopt/optimizer/optimizer.py:517: UserWarning: The objective has been evaluated at point [KNNImputer(), np.int64(20), None, np.int64(5), np.int64(4), RobustScaler()] before, using random point [SimpleImputer(), np.int64(17), None, np.int64(1), np.int64(12), RobustScaler()]
  warnings.warn(
/bsuhome/alexanderemert/miniforge3/envs/starform-alex/lib/python3.14/site-packages/skopt/optimizer/optimizer.py:517: UserWarning: The objective has been evaluated at point [KNNImputer(), np.int64(20), None, np.int64(5), np.int64(4), RobustScaler()] before, using random point [KNNImputer(), np.int64(13), 'log2', np.int64(2), np.int64(3), StandardScaler()]
  warnings.warn(
/bsuhome/alexanderemert/miniforge3/envs/starform-alex/lib/python3.14/site-packages/skopt/optimizer/optimizer.py:517: UserWarning: The objective has been evaluated at point [KNNImputer(), np.int64(20), None, np.int64(5), np.int64(4), RobustScaler()] before, using random point [SimpleImputer(strategy='median'), np.int64(4), 'sqrt', np.int64(8), np.int64(18), StandardScaler()]
  warnings.warn(
/bsuhome/alexanderemert/miniforge3/envs/starform-alex/lib/python3.14/site-packages/skopt/optimizer/optimizer.py:517: UserWarning: The objective has been evaluated at point [KNNImputer(), np.int64(20), None, np.int64(5), np.int64(4), RobustScaler()] before, using random point [SimpleImputer(), np.int64(19), None, np.int64(15), np.int64(9), RobustScaler()]
  warnings.warn(
/bsuhome/alexanderemert/miniforge3/envs/starform-alex/lib/python3.14/site-packages/skopt/optimizer/optimizer.py:517: UserWarning: The objective has been evaluated at point [KNNImputer(), np.int64(20), None, np.int64(5), np.int64(4), RobustScaler()] before, using random point [SimpleImputer(strategy='median'), np.int64(26), 'sqrt', np.int64(7), np.int64(16), 'passthrough']
  warnings.warn(
/bsuhome/alexanderemert/miniforge3/envs/starform-alex/lib/python3.14/site-packages/skopt/optimizer/optimizer.py:517: UserWarning: The objective has been evaluated at point [SimpleImputer(), np.int64(30), None, np.int64(1), np.int64(2), StandardScaler()] before, using random point [SimpleImputer(strategy='median'), np.int64(11), 'log2', np.int64(5), np.int64(12), 'passthrough']
  warnings.warn(
