[I 2026-07-13 14:51:06,860] Using an existing study with name 'my-study' instead of creating a new one.
[W 2026-07-13 14:51:07,009] Trial 1 failed with parameters: {'scalers': 'robust', 'ratios': 'norm_ratio', 'imputers': 'none'} because of the following error: ValueError('Samplers and other components in Optuna only accept step is 1 when `log` argument is True.').
Traceback (most recent call last):
  File "/bsuscratch/alexanderemert/miniforge3/envs/starform-alex/lib/python3.14/site-packages/optuna/study/_optimize.py", line 206, in _run_trial
    value_or_values = func(trial)
  File "/bsuhome/alexanderemert/Research/Star-Formation-Research-Project-2026/pipeline/scripts/optuna_search_mult_quant_reg.py", line 159, in objective
    "n_estimators": trial.suggest_int("n_estimators", space['n_estimators'][0], space['n_estimators'][1],step=100, log=True),
                    ~~~~~~~~~~~~~~~~~^^^^^^^^^^^^^^^^^^^^^^^^^^^^^^^^^^^^^^^^^^^^^^^^^^^^^^^^^^^^^^^^^^^^^^^^^^^^^^^^^^^^^^^
  File "/bsuscratch/alexanderemert/miniforge3/envs/starform-alex/lib/python3.14/site-packages/optuna/_convert_positional_args.py", line 127, in converter_wrapper
    return func(**kwargs)  # type: ignore[call-arg]
  File "/bsuscratch/alexanderemert/miniforge3/envs/starform-alex/lib/python3.14/site-packages/optuna/trial/_trial.py", line 335, in suggest_int
    distribution = IntDistribution(low=low, high=high, log=log, step=step)
  File "/bsuscratch/alexanderemert/miniforge3/envs/starform-alex/lib/python3.14/site-packages/optuna/distributions.py", line 342, in __init__
    raise ValueError(
    ...<2 lines>...
    )
ValueError: Samplers and other components in Optuna only accept step is 1 when `log` argument is True.
[W 2026-07-13 14:51:07,024] Trial 1 failed with value None.
[W 2026-07-13 14:51:07,088] Trial 7 failed with parameters: {'scalers': 'robust', 'ratios': 'log_ratio', 'imputers': 'median'} because of the following error: ValueError('Samplers and other components in Optuna only accept step is 1 when `log` argument is True.').
Traceback (most recent call last):
  File "/bsuscratch/alexanderemert/miniforge3/envs/starform-alex/lib/python3.14/site-packages/optuna/study/_optimize.py", line 206, in _run_trial
    value_or_values = func(trial)
  File "/bsuhome/alexanderemert/Research/Star-Formation-Research-Project-2026/pipeline/scripts/optuna_search_mult_quant_reg.py", line 159, in objective
    "n_estimators": trial.suggest_int("n_estimators", space['n_estimators'][0], space['n_estimators'][1],step=100, log=True),
                    ~~~~~~~~~~~~~~~~~^^^^^^^^^^^^^^^^^^^^^^^^^^^^^^^^^^^^^^^^^^^^^^^^^^^^^^^^^^^^^^^^^^^^^^^^^^^^^^^^^^^^^^^
  File "/bsuscratch/alexanderemert/miniforge3/envs/starform-alex/lib/python3.14/site-packages/optuna/_convert_positional_args.py", line 127, in converter_wrapper
    return func(**kwargs)  # type: ignore[call-arg]
  File "/bsuscratch/alexanderemert/miniforge3/envs/starform-alex/lib/python3.14/site-packages/optuna/trial/_trial.py", line 335, in suggest_int
    distribution = IntDistribution(low=low, high=high, log=log, step=step)
  File "/bsuscratch/alexanderemert/miniforge3/envs/starform-alex/lib/python3.14/site-packages/optuna/distributions.py", line 342, in __init__
    raise ValueError(
    ...<2 lines>...
    )
ValueError: Samplers and other components in Optuna only accept step is 1 when `log` argument is True.
[W 2026-07-13 14:51:07,089] Trial 7 failed with value None.
[W 2026-07-13 14:51:07,093] Trial 2 failed with parameters: {'scalers': 'robust', 'ratios': 'norm_ratio', 'imputers': 'mean'} because of the following error: ValueError('Samplers and other components in Optuna only accept step is 1 when `log` argument is True.').
Traceback (most recent call last):
  File "/bsuscratch/alexanderemert/miniforge3/envs/starform-alex/lib/python3.14/site-packages/optuna/study/_optimize.py", line 206, in _run_trial
    value_or_values = func(trial)
  File "/bsuhome/alexanderemert/Research/Star-Formation-Research-Project-2026/pipeline/scripts/optuna_search_mult_quant_reg.py", line 159, in objective
    "n_estimators": trial.suggest_int("n_estimators", space['n_estimators'][0], space['n_estimators'][1],step=100, log=True),
                    ~~~~~~~~~~~~~~~~~^^^^^^^^^^^^^^^^^^^^^^^^^^^^^^^^^^^^^^^^^^^^^^^^^^^^^^^^^^^^^^^^^^^^^^^^^^^^^^^^^^^^^^^
  File "/bsuscratch/alexanderemert/miniforge3/envs/starform-alex/lib/python3.14/site-packages/optuna/_convert_positional_args.py", line 127, in converter_wrapper
    return func(**kwargs)  # type: ignore[call-arg]
  File "/bsuscratch/alexanderemert/miniforge3/envs/starform-alex/lib/python3.14/site-packages/optuna/trial/_trial.py", line 335, in suggest_int
    distribution = IntDistribution(low=low, high=high, log=log, step=step)
  File "/bsuscratch/alexanderemert/miniforge3/envs/starform-alex/lib/python3.14/site-packages/optuna/distributions.py", line 342, in __init__
    raise ValueError(
    ...<2 lines>...
    )
ValueError: Samplers and other components in Optuna only accept step is 1 when `log` argument is True.
[W 2026-07-13 14:51:07,094] Trial 2 failed with value None.
[W 2026-07-13 14:51:07,100] Trial 3 failed with parameters: {'scalers': 'robust', 'ratios': 'log_ratio', 'imputers': 'median'} because of the following error: ValueError('Samplers and other components in Optuna only accept step is 1 when `log` argument is True.').
Traceback (most recent call last):
  File "/bsuscratch/alexanderemert/miniforge3/envs/starform-alex/lib/python3.14/site-packages/optuna/study/_optimize.py", line 206, in _run_trial
    value_or_values = func(trial)
  File "/bsuhome/alexanderemert/Research/Star-Formation-Research-Project-2026/pipeline/scripts/optuna_search_mult_quant_reg.py", line 159, in objective
    "n_estimators": trial.suggest_int("n_estimators", space['n_estimators'][0], space['n_estimators'][1],step=100, log=True),
                    ~~~~~~~~~~~~~~~~~^^^^^^^^^^^^^^^^^^^^^^^^^^^^^^^^^^^^^^^^^^^^^^^^^^^^^^^^^^^^^^^^^^^^^^^^^^^^^^^^^^^^^^^
  File "/bsuscratch/alexanderemert/miniforge3/envs/starform-alex/lib/python3.14/site-packages/optuna/_convert_positional_args.py", line 127, in converter_wrapper
    return func(**kwargs)  # type: ignore[call-arg]
  File "/bsuscratch/alexanderemert/miniforge3/envs/starform-alex/lib/python3.14/site-packages/optuna/trial/_trial.py", line 335, in suggest_int
    distribution = IntDistribution(low=low, high=high, log=log, step=step)
  File "/bsuscratch/alexanderemert/miniforge3/envs/starform-alex/lib/python3.14/site-packages/optuna/distributions.py", line 342, in __init__
    raise ValueError(
    ...<2 lines>...
    )
ValueError: Samplers and other components in Optuna only accept step is 1 when `log` argument is True.
[W 2026-07-13 14:51:07,101] Trial 3 failed with value None.
[W 2026-07-13 14:51:07,105] Trial 4 failed with parameters: {'scalers': 'none', 'ratios': 'norm_ratio', 'imputers': 'mean'} because of the following error: ValueError('Samplers and other components in Optuna only accept step is 1 when `log` argument is True.').
Traceback (most recent call last):
  File "/bsuscratch/alexanderemert/miniforge3/envs/starform-alex/lib/python3.14/site-packages/optuna/study/_optimize.py", line 206, in _run_trial
    value_or_values = func(trial)
  File "/bsuhome/alexanderemert/Research/Star-Formation-Research-Project-2026/pipeline/scripts/optuna_search_mult_quant_reg.py", line 159, in objective
    "n_estimators": trial.suggest_int("n_estimators", space['n_estimators'][0], space['n_estimators'][1],step=100, log=True),
                    ~~~~~~~~~~~~~~~~~^^^^^^^^^^^^^^^^^^^^^^^^^^^^^^^^^^^^^^^^^^^^^^^^^^^^^^^^^^^^^^^^^^^^^^^^^^^^^^^^^^^^^^^
  File "/bsuscratch/alexanderemert/miniforge3/envs/starform-alex/lib/python3.14/site-packages/optuna/_convert_positional_args.py", line 127, in converter_wrapper
    return func(**kwargs)  # type: ignore[call-arg]
  File "/bsuscratch/alexanderemert/miniforge3/envs/starform-alex/lib/python3.14/site-packages/optuna/trial/_trial.py", line 335, in suggest_int
    distribution = IntDistribution(low=low, high=high, log=log, step=step)
  File "/bsuscratch/alexanderemert/miniforge3/envs/starform-alex/lib/python3.14/site-packages/optuna/distributions.py", line 342, in __init__
    raise ValueError(
    ...<2 lines>...
    )
ValueError: Samplers and other components in Optuna only accept step is 1 when `log` argument is True.
[W 2026-07-13 14:51:07,106] Trial 4 failed with value None.
[W 2026-07-13 14:51:07,111] Trial 5 failed with parameters: {'scalers': 'none', 'ratios': 'log_ratio', 'imputers': 'mean'} because of the following error: ValueError('Samplers and other components in Optuna only accept step is 1 when `log` argument is True.').
Traceback (most recent call last):
  File "/bsuscratch/alexanderemert/miniforge3/envs/starform-alex/lib/python3.14/site-packages/optuna/study/_optimize.py", line 206, in _run_trial
    value_or_values = func(trial)
  File "/bsuhome/alexanderemert/Research/Star-Formation-Research-Project-2026/pipeline/scripts/optuna_search_mult_quant_reg.py", line 159, in objective
    "n_estimators": trial.suggest_int("n_estimators", space['n_estimators'][0], space['n_estimators'][1],step=100, log=True),
                    ~~~~~~~~~~~~~~~~~^^^^^^^^^^^^^^^^^^^^^^^^^^^^^^^^^^^^^^^^^^^^^^^^^^^^^^^^^^^^^^^^^^^^^^^^^^^^^^^^^^^^^^^
  File "/bsuscratch/alexanderemert/miniforge3/envs/starform-alex/lib/python3.14/site-packages/optuna/_convert_positional_args.py", line 127, in converter_wrapper
    return func(**kwargs)  # type: ignore[call-arg]
  File "/bsuscratch/alexanderemert/miniforge3/envs/starform-alex/lib/python3.14/site-packages/optuna/trial/_trial.py", line 335, in suggest_int
    distribution = IntDistribution(low=low, high=high, log=log, step=step)
  File "/bsuscratch/alexanderemert/miniforge3/envs/starform-alex/lib/python3.14/site-packages/optuna/distributions.py", line 342, in __init__
    raise ValueError(
    ...<2 lines>...
    )
ValueError: Samplers and other components in Optuna only accept step is 1 when `log` argument is True.
[W 2026-07-13 14:51:07,112] Trial 5 failed with value None.
[W 2026-07-13 14:51:07,116] Trial 6 failed with parameters: {'scalers': 'robust', 'ratios': 'norm_ratio', 'imputers': 'none'} because of the following error: ValueError('Samplers and other components in Optuna only accept step is 1 when `log` argument is True.').
Traceback (most recent call last):
  File "/bsuscratch/alexanderemert/miniforge3/envs/starform-alex/lib/python3.14/site-packages/optuna/study/_optimize.py", line 206, in _run_trial
    value_or_values = func(trial)
  File "/bsuhome/alexanderemert/Research/Star-Formation-Research-Project-2026/pipeline/scripts/optuna_search_mult_quant_reg.py", line 159, in objective
    "n_estimators": trial.suggest_int("n_estimators", space['n_estimators'][0], space['n_estimators'][1],step=100, log=True),
                    ~~~~~~~~~~~~~~~~~^^^^^^^^^^^^^^^^^^^^^^^^^^^^^^^^^^^^^^^^^^^^^^^^^^^^^^^^^^^^^^^^^^^^^^^^^^^^^^^^^^^^^^^
  File "/bsuscratch/alexanderemert/miniforge3/envs/starform-alex/lib/python3.14/site-packages/optuna/_convert_positional_args.py", line 127, in converter_wrapper
    return func(**kwargs)  # type: ignore[call-arg]
  File "/bsuscratch/alexanderemert/miniforge3/envs/starform-alex/lib/python3.14/site-packages/optuna/trial/_trial.py", line 335, in suggest_int
    distribution = IntDistribution(low=low, high=high, log=log, step=step)
  File "/bsuscratch/alexanderemert/miniforge3/envs/starform-alex/lib/python3.14/site-packages/optuna/distributions.py", line 342, in __init__
    raise ValueError(
    ...<2 lines>...
    )
ValueError: Samplers and other components in Optuna only accept step is 1 when `log` argument is True.
[W 2026-07-13 14:51:07,117] Trial 6 failed with value None.
[W 2026-07-13 14:51:07,121] Trial 8 failed with parameters: {'scalers': 'standard', 'ratios': 'log_ratio', 'imputers': 'mean'} because of the following error: ValueError('Samplers and other components in Optuna only accept step is 1 when `log` argument is True.').
Traceback (most recent call last):
  File "/bsuscratch/alexanderemert/miniforge3/envs/starform-alex/lib/python3.14/site-packages/optuna/study/_optimize.py", line 206, in _run_trial
    value_or_values = func(trial)
  File "/bsuhome/alexanderemert/Research/Star-Formation-Research-Project-2026/pipeline/scripts/optuna_search_mult_quant_reg.py", line 159, in objective
    "n_estimators": trial.suggest_int("n_estimators", space['n_estimators'][0], space['n_estimators'][1],step=100, log=True),
                    ~~~~~~~~~~~~~~~~~^^^^^^^^^^^^^^^^^^^^^^^^^^^^^^^^^^^^^^^^^^^^^^^^^^^^^^^^^^^^^^^^^^^^^^^^^^^^^^^^^^^^^^^
  File "/bsuscratch/alexanderemert/miniforge3/envs/starform-alex/lib/python3.14/site-packages/optuna/_convert_positional_args.py", line 127, in converter_wrapper
    return func(**kwargs)  # type: ignore[call-arg]
  File "/bsuscratch/alexanderemert/miniforge3/envs/starform-alex/lib/python3.14/site-packages/optuna/trial/_trial.py", line 335, in suggest_int
    distribution = IntDistribution(low=low, high=high, log=log, step=step)
  File "/bsuscratch/alexanderemert/miniforge3/envs/starform-alex/lib/python3.14/site-packages/optuna/distributions.py", line 342, in __init__
    raise ValueError(
    ...<2 lines>...
    )
ValueError: Samplers and other components in Optuna only accept step is 1 when `log` argument is True.
[W 2026-07-13 14:51:07,122] Trial 8 failed with value None.
Traceback (most recent call last):
  File "/bsuhome/alexanderemert/Research/Star-Formation-Research-Project-2026/pipeline/scripts/optuna_search_mult_quant_reg.py", line 222, in <module>
    main()
    ~~~~^^
  File "/bsuhome/alexanderemert/Research/Star-Formation-Research-Project-2026/pipeline/scripts/optuna_search_mult_quant_reg.py", line 198, in main
    study.optimize(objective, n_trials=int(args.iters), n_jobs=8)
    ~~~~~~~~~~~~~~^^^^^^^^^^^^^^^^^^^^^^^^^^^^^^^^^^^^^^^^^^^^^^^
  File "/bsuscratch/alexanderemert/miniforge3/envs/starform-alex/lib/python3.14/site-packages/optuna/study/study.py", line 516, in optimize
    _optimize(
    ~~~~~~~~~^
        study=self,
        ^^^^^^^^^^^
    ...<7 lines>...
        show_progress_bar=show_progress_bar,
        ^^^^^^^^^^^^^^^^^^^^^^^^^^^^^^^^^^^^
    )
    ^
  File "/bsuscratch/alexanderemert/miniforge3/envs/starform-alex/lib/python3.14/site-packages/optuna/study/_optimize.py", line 105, in _optimize
    f.result()
    ~~~~~~~~^^
  File "/bsuscratch/alexanderemert/miniforge3/envs/starform-alex/lib/python3.14/concurrent/futures/_base.py", line 443, in result
    return self.__get_result()
           ~~~~~~~~~~~~~~~~~^^
  File "/bsuscratch/alexanderemert/miniforge3/envs/starform-alex/lib/python3.14/concurrent/futures/_base.py", line 395, in __get_result
    raise self._exception
  File "/bsuscratch/alexanderemert/miniforge3/envs/starform-alex/lib/python3.14/concurrent/futures/thread.py", line 86, in run
    result = ctx.run(self.task)
  File "/bsuscratch/alexanderemert/miniforge3/envs/starform-alex/lib/python3.14/concurrent/futures/thread.py", line 73, in run
    return fn(*args, **kwargs)
  File "/bsuscratch/alexanderemert/miniforge3/envs/starform-alex/lib/python3.14/site-packages/optuna/study/_optimize.py", line 165, in _optimize_sequential
    frozen_trial_id = _run_trial(study, func, catch)
  File "/bsuscratch/alexanderemert/miniforge3/envs/starform-alex/lib/python3.14/site-packages/optuna/study/_optimize.py", line 263, in _run_trial
    raise func_err
  File "/bsuscratch/alexanderemert/miniforge3/envs/starform-alex/lib/python3.14/site-packages/optuna/study/_optimize.py", line 206, in _run_trial
    value_or_values = func(trial)
  File "/bsuhome/alexanderemert/Research/Star-Formation-Research-Project-2026/pipeline/scripts/optuna_search_mult_quant_reg.py", line 159, in objective
    "n_estimators": trial.suggest_int("n_estimators", space['n_estimators'][0], space['n_estimators'][1],step=100, log=True),
                    ~~~~~~~~~~~~~~~~~^^^^^^^^^^^^^^^^^^^^^^^^^^^^^^^^^^^^^^^^^^^^^^^^^^^^^^^^^^^^^^^^^^^^^^^^^^^^^^^^^^^^^^^
  File "/bsuscratch/alexanderemert/miniforge3/envs/starform-alex/lib/python3.14/site-packages/optuna/_convert_positional_args.py", line 127, in converter_wrapper
    return func(**kwargs)  # type: ignore[call-arg]
  File "/bsuscratch/alexanderemert/miniforge3/envs/starform-alex/lib/python3.14/site-packages/optuna/trial/_trial.py", line 335, in suggest_int
    distribution = IntDistribution(low=low, high=high, log=log, step=step)
  File "/bsuscratch/alexanderemert/miniforge3/envs/starform-alex/lib/python3.14/site-packages/optuna/distributions.py", line 342, in __init__
    raise ValueError(
    ...<2 lines>...
    )
ValueError: Samplers and other components in Optuna only accept step is 1 when `log` argument is True.
