/bsuscratch/alexanderemert/miniforge3/envs/starform-alex/lib/python3.14/site-packages/skopt/optimizer/optimizer.py:517: UserWarning: The objective has been evaluated at point [SimpleImputer(), np.int64(30), np.str_('log2'), np.int64(18), np.int64(9), LogRatioGenerator(cols=['F8', 'F12', 'F24', 'F70', 'F160', 'F250', 'F350',
                        'F500', 'F870', 'F1100']), np.str_('passthrough')] before, using random point [KNNImputer(), np.int64(18), 'sqrt', np.int64(3), np.int64(13), 'passthrough', StandardScaler()]
  warnings.warn(
/bsuscratch/alexanderemert/miniforge3/envs/starform-alex/lib/python3.14/site-packages/skopt/optimizer/optimizer.py:517: UserWarning: The objective has been evaluated at point [SimpleImputer(), np.int64(27), np.str_('log2'), np.int64(18), np.int64(12), LogRatioGenerator(cols=['F8', 'F12', 'F24', 'F70', 'F160', 'F250', 'F350',
                        'F500', 'F870', 'F1100']), np.str_('passthrough')] before, using random point [SimpleImputer(), np.int64(8), 'sqrt', np.int64(11), np.int64(9), RatioGenerator(cols=['F8', 'F12', 'F24', 'F70', 'F160', 'F250', 'F350', 'F500',
                     'F870', 'F1100']), 'passthrough']
  warnings.warn(
/bsuscratch/alexanderemert/miniforge3/envs/starform-alex/lib/python3.14/site-packages/skopt/optimizer/optimizer.py:517: UserWarning: The objective has been evaluated at point [SimpleImputer(), np.int64(30), np.str_('log2'), np.int64(18), np.int64(10), LogRatioGenerator(cols=['F8', 'F12', 'F24', 'F70', 'F160', 'F250', 'F350',
                        'F500', 'F870', 'F1100']), np.str_('passthrough')] before, using random point [SimpleImputer(), np.int64(10), 'log2', np.int64(12), np.int64(15), LogRatioGenerator(cols=['F8', 'F12', 'F24', 'F70', 'F160', 'F250', 'F350',
                        'F500', 'F870', 'F1100']), StandardScaler()]
  warnings.warn(
/bsuscratch/alexanderemert/miniforge3/envs/starform-alex/lib/python3.14/site-packages/skopt/optimizer/optimizer.py:517: UserWarning: The objective has been evaluated at point [SimpleImputer(), np.int64(28), np.str_('log2'), np.int64(18), np.int64(6), LogRatioGenerator(cols=['F8', 'F12', 'F24', 'F70', 'F160', 'F250', 'F350',
                        'F500', 'F870', 'F1100']), np.str_('passthrough')] before, using random point [KNNImputer(), np.int64(29), 'sqrt', np.int64(17), np.int64(19), 'passthrough', 'passthrough']
  warnings.warn(
/bsuscratch/alexanderemert/miniforge3/envs/starform-alex/lib/python3.14/site-packages/skopt/optimizer/optimizer.py:517: UserWarning: The objective has been evaluated at point [SimpleImputer(), np.int64(30), np.str_('log2'), np.int64(18), np.int64(4), RatioGenerator(cols=['F8', 'F12', 'F24', 'F70', 'F160', 'F250', 'F350', 'F500',
                     'F870', 'F1100']), np.str_('passthrough')] before, using random point [KNNImputer(), np.int64(16), 'sqrt', np.int64(20), np.int64(18), RatioGenerator(cols=['F8', 'F12', 'F24', 'F70', 'F160', 'F250', 'F350', 'F500',
                     'F870', 'F1100']), 'passthrough']
  warnings.warn(
/bsuscratch/alexanderemert/miniforge3/envs/starform-alex/lib/python3.14/site-packages/skopt/optimizer/optimizer.py:517: UserWarning: The objective has been evaluated at point [SimpleImputer(), np.int64(30), np.str_('log2'), np.int64(18), np.int64(11), RatioGenerator(cols=['F8', 'F12', 'F24', 'F70', 'F160', 'F250', 'F350', 'F500',
                     'F870', 'F1100']), RobustScaler()] before, using random point [KNNImputer(), np.int64(11), 'sqrt', np.int64(10), np.int64(4), RatioGenerator(cols=['F8', 'F12', 'F24', 'F70', 'F160', 'F250', 'F350', 'F500',
                     'F870', 'F1100']), 'passthrough']
  warnings.warn(
/bsuscratch/alexanderemert/miniforge3/envs/starform-alex/lib/python3.14/site-packages/skopt/optimizer/optimizer.py:517: UserWarning: The objective has been evaluated at point [SimpleImputer(), np.int64(30), np.str_('log2'), np.int64(18), np.int64(6), LogRatioGenerator(cols=['F8', 'F12', 'F24', 'F70', 'F160', 'F250', 'F350',
                        'F500', 'F870', 'F1100']), np.str_('passthrough')] before, using random point [SimpleImputer(strategy='median'), np.int64(21), 'log2', np.int64(11), np.int64(15), LogRatioGenerator(cols=['F8', 'F12', 'F24', 'F70', 'F160', 'F250', 'F350',
                        'F500', 'F870', 'F1100']), RobustScaler()]
  warnings.warn(
/bsuscratch/alexanderemert/miniforge3/envs/starform-alex/lib/python3.14/site-packages/skopt/optimizer/optimizer.py:517: UserWarning: The objective has been evaluated at point [SimpleImputer(), np.int64(30), np.str_('log2'), np.int64(18), np.int64(8), RatioGenerator(cols=['F8', 'F12', 'F24', 'F70', 'F160', 'F250', 'F350', 'F500',
                     'F870', 'F1100']), RobustScaler()] before, using random point [SimpleImputer(strategy='median'), np.int64(19), None, np.int64(7), np.int64(16), RatioGenerator(cols=['F8', 'F12', 'F24', 'F70', 'F160', 'F250', 'F350', 'F500',
                     'F870', 'F1100']), RobustScaler()]
  warnings.warn(
/bsuscratch/alexanderemert/miniforge3/envs/starform-alex/lib/python3.14/site-packages/skopt/optimizer/optimizer.py:517: UserWarning: The objective has been evaluated at point [SimpleImputer(), np.int64(30), np.str_('log2'), np.int64(18), np.int64(18), RatioGenerator(cols=['F8', 'F12', 'F24', 'F70', 'F160', 'F250', 'F350', 'F500',
                     'F870', 'F1100']), np.str_('passthrough')] before, using random point [SimpleImputer(strategy='median'), np.int64(18), None, np.int64(16), np.int64(6), RatioGenerator(cols=['F8', 'F12', 'F24', 'F70', 'F160', 'F250', 'F350', 'F500',
                     'F870', 'F1100']), StandardScaler()]
  warnings.warn(
/bsuscratch/alexanderemert/miniforge3/envs/starform-alex/lib/python3.14/site-packages/skopt/optimizer/optimizer.py:517: UserWarning: The objective has been evaluated at point [SimpleImputer(strategy='median'), np.int64(3), None, np.int64(1), np.int64(2), RatioGenerator(cols=['F8', 'F12', 'F24', 'F70', 'F160', 'F250', 'F350', 'F500',
                     'F870', 'F1100']), StandardScaler()] before, using random point [SimpleImputer(), np.int64(28), 'sqrt', np.int64(19), np.int64(5), 'passthrough', StandardScaler()]
  warnings.warn(
