/bsuhome/alexanderemert/miniforge3/envs/starform-alex/lib/python3.14/site-packages/skopt/optimizer/optimizer.py:517: UserWarning: The objective has been evaluated at point [SimpleImputer(), np.int64(19), None, np.int64(2), np.int64(8), StandardScaler()] before, using random point [KNNImputer(), np.int64(26), 'sqrt', np.int64(13), np.int64(7), RobustScaler()]
  warnings.warn(
/bsuhome/alexanderemert/miniforge3/envs/starform-alex/lib/python3.14/site-packages/skopt/optimizer/optimizer.py:517: UserWarning: The objective has been evaluated at point [SimpleImputer(strategy='median'), np.int64(30), None, np.int64(1), np.int64(9), np.str_('passthrough')] before, using random point [KNNImputer(), np.int64(23), None, np.int64(16), np.int64(8), 'passthrough']
  warnings.warn(
/bsuhome/alexanderemert/miniforge3/envs/starform-alex/lib/python3.14/site-packages/skopt/optimizer/optimizer.py:517: UserWarning: The objective has been evaluated at point [SimpleImputer(strategy='median'), np.int64(28), None, np.int64(1), np.int64(9), np.str_('passthrough')] before, using random point [SimpleImputer(strategy='median'), np.int64(7), 'sqrt', np.int64(10), np.int64(13), RobustScaler()]
  warnings.warn(
/bsuhome/alexanderemert/miniforge3/envs/starform-alex/lib/python3.14/site-packages/skopt/optimizer/optimizer.py:517: UserWarning: The objective has been evaluated at point [SimpleImputer(strategy='median'), np.int64(28), None, np.int64(1), np.int64(9), np.str_('passthrough')] before, using random point [SimpleImputer(strategy='median'), np.int64(20), 'sqrt', np.int64(9), np.int64(3), RobustScaler()]
  warnings.warn(
/bsuhome/alexanderemert/miniforge3/envs/starform-alex/lib/python3.14/site-packages/skopt/optimizer/optimizer.py:517: UserWarning: The objective has been evaluated at point [SimpleImputer(strategy='median'), np.int64(27), None, np.int64(1), np.int64(9), StandardScaler()] before, using random point [SimpleImputer(), np.int64(26), 'log2', np.int64(14), np.int64(8), 'passthrough']
  warnings.warn(
/bsuhome/alexanderemert/miniforge3/envs/starform-alex/lib/python3.14/site-packages/skopt/optimizer/optimizer.py:517: UserWarning: The objective has been evaluated at point [SimpleImputer(strategy='median'), np.int64(28), None, np.int64(1), np.int64(9), np.str_('passthrough')] before, using random point [SimpleImputer(), np.int64(10), None, np.int64(9), np.int64(10), RobustScaler()]
  warnings.warn(
/bsuhome/alexanderemert/miniforge3/envs/starform-alex/lib/python3.14/site-packages/skopt/optimizer/optimizer.py:517: UserWarning: The objective has been evaluated at point [SimpleImputer(strategy='median'), np.int64(28), None, np.int64(1), np.int64(9), np.str_('passthrough')] before, using random point [SimpleImputer(), np.int64(5), 'sqrt', np.int64(19), np.int64(12), 'passthrough']
  warnings.warn(
/bsuhome/alexanderemert/miniforge3/envs/starform-alex/lib/python3.14/site-packages/skopt/optimizer/optimizer.py:517: UserWarning: The objective has been evaluated at point [SimpleImputer(strategy='median'), np.int64(22), None, np.int64(3), np.int64(2), RobustScaler()] before, using random point [KNNImputer(), np.int64(23), 'log2', np.int64(11), np.int64(10), StandardScaler()]
  warnings.warn(
/bsuhome/alexanderemert/miniforge3/envs/starform-alex/lib/python3.14/site-packages/skopt/optimizer/optimizer.py:517: UserWarning: The objective has been evaluated at point [SimpleImputer(strategy='median'), np.int64(29), None, np.int64(1), np.int64(9), np.str_('passthrough')] before, using random point [KNNImputer(), np.int64(18), 'sqrt', np.int64(5), np.int64(16), StandardScaler()]
  warnings.warn(
/bsuhome/alexanderemert/miniforge3/envs/starform-alex/lib/python3.14/site-packages/skopt/optimizer/optimizer.py:517: UserWarning: The objective has been evaluated at point [SimpleImputer(strategy='median'), np.int64(28), None, np.int64(1), np.int64(9), StandardScaler()] before, using random point [SimpleImputer(), np.int64(16), 'sqrt', np.int64(9), np.int64(5), RobustScaler()]
  warnings.warn(
/bsuhome/alexanderemert/miniforge3/envs/starform-alex/lib/python3.14/site-packages/skopt/optimizer/optimizer.py:517: UserWarning: The objective has been evaluated at point [SimpleImputer(), np.int64(30), None, np.int64(1), np.int64(2), np.str_('passthrough')] before, using random point [SimpleImputer(), np.int64(12), 'log2', np.int64(7), np.int64(20), StandardScaler()]
  warnings.warn(
