/bsuhome/alexanderemert/miniforge3/envs/starform-alex/lib/python3.14/site-packages/skopt/optimizer/optimizer.py:517: UserWarning: The objective has been evaluated at point [SimpleImputer(), np.int64(30), None, np.int64(1), np.int64(12), RobustScaler()] before, using random point [KNNImputer(), np.int64(27), 'log2', np.int64(5), np.int64(9), 'passthrough']
  warnings.warn(
/bsuhome/alexanderemert/miniforge3/envs/starform-alex/lib/python3.14/site-packages/skopt/optimizer/optimizer.py:517: UserWarning: The objective has been evaluated at point [SimpleImputer(), np.int64(30), None, np.int64(1), np.int64(9), RobustScaler()] before, using random point [SimpleImputer(strategy='median'), np.int64(26), None, np.int64(10), np.int64(11), RobustScaler()]
  warnings.warn(
/bsuhome/alexanderemert/miniforge3/envs/starform-alex/lib/python3.14/site-packages/skopt/optimizer/optimizer.py:517: UserWarning: The objective has been evaluated at point [SimpleImputer(), np.int64(30), None, np.int64(1), np.int64(20), RobustScaler()] before, using random point [SimpleImputer(), np.int64(6), 'sqrt', np.int64(14), np.int64(17), 'passthrough']
  warnings.warn(
/bsuhome/alexanderemert/miniforge3/envs/starform-alex/lib/python3.14/site-packages/skopt/optimizer/optimizer.py:517: UserWarning: The objective has been evaluated at point [SimpleImputer(), np.int64(30), None, np.int64(1), np.int64(20), RobustScaler()] before, using random point [SimpleImputer(), np.int64(23), 'sqrt', np.int64(14), np.int64(18), 'passthrough']
  warnings.warn(
/bsuhome/alexanderemert/miniforge3/envs/starform-alex/lib/python3.14/site-packages/skopt/optimizer/optimizer.py:517: UserWarning: The objective has been evaluated at point [SimpleImputer(), np.int64(30), None, np.int64(1), np.int64(20), RobustScaler()] before, using random point [KNNImputer(), np.int64(7), 'sqrt', np.int64(5), np.int64(19), RobustScaler()]
  warnings.warn(
/bsuhome/alexanderemert/miniforge3/envs/starform-alex/lib/python3.14/site-packages/skopt/optimizer/optimizer.py:517: UserWarning: The objective has been evaluated at point [SimpleImputer(), np.int64(23), None, np.int64(1), np.int64(2), StandardScaler()] before, using random point [KNNImputer(), np.int64(15), None, np.int64(19), np.int64(15), 'passthrough']
  warnings.warn(
/bsuhome/alexanderemert/miniforge3/envs/starform-alex/lib/python3.14/site-packages/skopt/optimizer/optimizer.py:517: UserWarning: The objective has been evaluated at point [SimpleImputer(), np.int64(23), None, np.int64(1), np.int64(2), StandardScaler()] before, using random point [SimpleImputer(), np.int64(6), 'log2', np.int64(7), np.int64(13), StandardScaler()]
  warnings.warn(
/bsuhome/alexanderemert/miniforge3/envs/starform-alex/lib/python3.14/site-packages/skopt/optimizer/optimizer.py:517: UserWarning: The objective has been evaluated at point [SimpleImputer(), np.int64(23), None, np.int64(1), np.int64(2), StandardScaler()] before, using random point [SimpleImputer(), np.int64(4), None, np.int64(8), np.int64(3), 'passthrough']
  warnings.warn(
/bsuhome/alexanderemert/miniforge3/envs/starform-alex/lib/python3.14/site-packages/skopt/optimizer/optimizer.py:517: UserWarning: The objective has been evaluated at point [SimpleImputer(), np.int64(23), None, np.int64(1), np.int64(2), StandardScaler()] before, using random point [KNNImputer(), np.int64(17), 'log2', np.int64(11), np.int64(11), 'passthrough']
  warnings.warn(
/bsuhome/alexanderemert/miniforge3/envs/starform-alex/lib/python3.14/site-packages/skopt/optimizer/optimizer.py:517: UserWarning: The objective has been evaluated at point [SimpleImputer(), np.int64(23), None, np.int64(1), np.int64(2), StandardScaler()] before, using random point [SimpleImputer(), np.int64(7), 'sqrt', np.int64(12), np.int64(7), RobustScaler()]
  warnings.warn(
/bsuhome/alexanderemert/miniforge3/envs/starform-alex/lib/python3.14/site-packages/skopt/optimizer/optimizer.py:517: UserWarning: The objective has been evaluated at point [SimpleImputer(), np.int64(23), None, np.int64(1), np.int64(2), StandardScaler()] before, using random point [SimpleImputer(), np.int64(22), 'log2', np.int64(10), np.int64(17), RobustScaler()]
  warnings.warn(
/bsuhome/alexanderemert/miniforge3/envs/starform-alex/lib/python3.14/site-packages/skopt/optimizer/optimizer.py:517: UserWarning: The objective has been evaluated at point [SimpleImputer(), np.int64(23), None, np.int64(1), np.int64(2), StandardScaler()] before, using random point [KNNImputer(), np.int64(13), None, np.int64(9), np.int64(12), 'passthrough']
  warnings.warn(
/bsuhome/alexanderemert/miniforge3/envs/starform-alex/lib/python3.14/site-packages/skopt/optimizer/optimizer.py:517: UserWarning: The objective has been evaluated at point [SimpleImputer(), np.int64(22), None, np.int64(1), np.int64(2), StandardScaler()] before, using random point [KNNImputer(), np.int64(25), 'log2', np.int64(12), np.int64(2), 'passthrough']
  warnings.warn(
/bsuhome/alexanderemert/miniforge3/envs/starform-alex/lib/python3.14/site-packages/skopt/optimizer/optimizer.py:517: UserWarning: The objective has been evaluated at point [SimpleImputer(), np.int64(22), None, np.int64(1), np.int64(2), StandardScaler()] before, using random point [SimpleImputer(strategy='median'), np.int64(24), 'sqrt', np.int64(20), np.int64(3), StandardScaler()]
  warnings.warn(
/bsuhome/alexanderemert/miniforge3/envs/starform-alex/lib/python3.14/site-packages/skopt/optimizer/optimizer.py:517: UserWarning: The objective has been evaluated at point [SimpleImputer(), np.int64(22), None, np.int64(1), np.int64(2), StandardScaler()] before, using random point [KNNImputer(), np.int64(24), None, np.int64(3), np.int64(10), 'passthrough']
  warnings.warn(
/bsuhome/alexanderemert/miniforge3/envs/starform-alex/lib/python3.14/site-packages/skopt/optimizer/optimizer.py:517: UserWarning: The objective has been evaluated at point [SimpleImputer(), np.int64(22), None, np.int64(1), np.int64(2), StandardScaler()] before, using random point [SimpleImputer(strategy='median'), np.int64(14), None, np.int64(6), np.int64(19), RobustScaler()]
  warnings.warn(
/bsuhome/alexanderemert/miniforge3/envs/starform-alex/lib/python3.14/site-packages/skopt/optimizer/optimizer.py:517: UserWarning: The objective has been evaluated at point [SimpleImputer(), np.int64(16), None, np.int64(1), np.int64(2), StandardScaler()] before, using random point [KNNImputer(), np.int64(11), None, np.int64(10), np.int64(4), StandardScaler()]
  warnings.warn(
/bsuhome/alexanderemert/miniforge3/envs/starform-alex/lib/python3.14/site-packages/skopt/optimizer/optimizer.py:517: UserWarning: The objective has been evaluated at point [SimpleImputer(), np.int64(13), None, np.int64(1), np.int64(2), StandardScaler()] before, using random point [SimpleImputer(), np.int64(7), 'log2', np.int64(3), np.int64(4), 'passthrough']
  warnings.warn(
/bsuhome/alexanderemert/miniforge3/envs/starform-alex/lib/python3.14/site-packages/skopt/optimizer/optimizer.py:517: UserWarning: The objective has been evaluated at point [SimpleImputer(), np.int64(11), None, np.int64(1), np.int64(2), RobustScaler()] before, using random point [SimpleImputer(strategy='median'), np.int64(11), 'sqrt', np.int64(11), np.int64(6), 'passthrough']
  warnings.warn(
/bsuhome/alexanderemert/miniforge3/envs/starform-alex/lib/python3.14/site-packages/skopt/optimizer/optimizer.py:517: UserWarning: The objective has been evaluated at point [SimpleImputer(), np.int64(11), None, np.int64(1), np.int64(2), RobustScaler()] before, using random point [KNNImputer(), np.int64(26), 'sqrt', np.int64(19), np.int64(4), 'passthrough']
  warnings.warn(
