/bsuhome/alexanderemert/miniforge3/envs/starform-alex/lib/python3.14/site-packages/skopt/optimizer/optimizer.py:517: UserWarning: The objective has been evaluated at point [KNNImputer(), np.True_, np.int64(30), None, np.int64(6), np.int64(20), np.int64(10), np.str_('passthrough')] before, using random point [SimpleImputer(strategy='median'), True, np.int64(17), 'log2', np.int64(14), np.int64(10), np.int64(215), 'passthrough']
  warnings.warn(
/bsuhome/alexanderemert/miniforge3/envs/starform-alex/lib/python3.14/site-packages/skopt/optimizer/optimizer.py:517: UserWarning: The objective has been evaluated at point [SimpleImputer(), np.True_, np.int64(30), None, np.int64(4), np.int64(20), np.int64(10), RobustScaler()] before, using random point [SimpleImputer(strategy='median'), False, np.int64(19), 'log2', np.int64(18), np.int64(16), np.int64(44), RobustScaler()]
  warnings.warn(
/bsuhome/alexanderemert/miniforge3/envs/starform-alex/lib/python3.14/site-packages/skopt/optimizer/optimizer.py:517: UserWarning: The objective has been evaluated at point [SimpleImputer(), np.True_, np.int64(30), None, np.int64(4), np.int64(20), np.int64(10), np.str_('passthrough')] before, using random point [KNNImputer(), True, np.int64(7), 'sqrt', np.int64(19), np.int64(15), np.int64(796), StandardScaler()]
  warnings.warn(
/bsuhome/alexanderemert/miniforge3/envs/starform-alex/lib/python3.14/site-packages/skopt/optimizer/optimizer.py:517: UserWarning: The objective has been evaluated at point [SimpleImputer(), np.True_, np.int64(30), None, np.int64(4), np.int64(20), np.int64(10), RobustScaler()] before, using random point [KNNImputer(), True, np.int64(22), 'sqrt', np.int64(7), np.int64(17), np.int64(647), RobustScaler()]
  warnings.warn(
/bsuhome/alexanderemert/miniforge3/envs/starform-alex/lib/python3.14/site-packages/skopt/optimizer/optimizer.py:517: UserWarning: The objective has been evaluated at point [SimpleImputer(), np.True_, np.int64(30), None, np.int64(3), np.int64(20), np.int64(10), RobustScaler()] before, using random point [SimpleImputer(), False, np.int64(26), 'log2', np.int64(17), np.int64(6), np.int64(591), 'passthrough']
  warnings.warn(
/bsuhome/alexanderemert/miniforge3/envs/starform-alex/lib/python3.14/site-packages/skopt/optimizer/optimizer.py:517: UserWarning: The objective has been evaluated at point [SimpleImputer(), np.True_, np.int64(30), None, np.int64(3), np.int64(20), np.int64(10), np.str_('passthrough')] before, using random point [SimpleImputer(strategy='median'), False, np.int64(19), 'sqrt', np.int64(16), np.int64(9), np.int64(967), RobustScaler()]
  warnings.warn(
/bsuhome/alexanderemert/miniforge3/envs/starform-alex/lib/python3.14/site-packages/skopt/optimizer/optimizer.py:517: UserWarning: The objective has been evaluated at point [SimpleImputer(), np.True_, np.int64(30), None, np.int64(3), np.int64(20), np.int64(10), np.str_('passthrough')] before, using random point [SimpleImputer(strategy='median'), True, np.int64(9), 'log2', np.int64(15), np.int64(12), np.int64(668), StandardScaler()]
  warnings.warn(
/bsuhome/alexanderemert/miniforge3/envs/starform-alex/lib/python3.14/site-packages/skopt/optimizer/optimizer.py:517: UserWarning: The objective has been evaluated at point [SimpleImputer(), np.True_, np.int64(30), None, np.int64(3), np.int64(20), np.int64(1000), RobustScaler()] before, using random point [KNNImputer(), True, np.int64(24), None, np.int64(12), np.int64(16), np.int64(711), 'passthrough']
  warnings.warn(
/bsuhome/alexanderemert/miniforge3/envs/starform-alex/lib/python3.14/site-packages/skopt/optimizer/optimizer.py:517: UserWarning: The objective has been evaluated at point [SimpleImputer(), np.True_, np.int64(30), None, np.int64(2), np.int64(20), np.int64(1000), RobustScaler()] before, using random point [SimpleImputer(strategy='median'), True, np.int64(6), None, np.int64(16), np.int64(12), np.int64(680), StandardScaler()]
  warnings.warn(
/bsuhome/alexanderemert/miniforge3/envs/starform-alex/lib/python3.14/site-packages/skopt/optimizer/optimizer.py:517: UserWarning: The objective has been evaluated at point [SimpleImputer(), np.True_, np.int64(30), None, np.int64(2), np.int64(20), np.int64(1000), RobustScaler()] before, using random point [KNNImputer(), False, np.int64(7), None, np.int64(6), np.int64(16), np.int64(32), 'passthrough']
  warnings.warn(
/bsuhome/alexanderemert/miniforge3/envs/starform-alex/lib/python3.14/site-packages/skopt/optimizer/optimizer.py:517: UserWarning: The objective has been evaluated at point [SimpleImputer(strategy='median'), np.True_, np.int64(25), None, np.int64(2), np.int64(12), np.int64(1000), np.str_('passthrough')] before, using random point [SimpleImputer(strategy='median'), False, np.int64(11), None, np.int64(18), np.int64(10), np.int64(126), 'passthrough']
  warnings.warn(
/bsuhome/alexanderemert/miniforge3/envs/starform-alex/lib/python3.14/site-packages/skopt/optimizer/optimizer.py:517: UserWarning: The objective has been evaluated at point [SimpleImputer(strategy='median'), np.True_, np.int64(30), None, np.int64(2), np.int64(10), np.int64(1000), RobustScaler()] before, using random point [KNNImputer(), False, np.int64(16), 'sqrt', np.int64(4), np.int64(8), np.int64(202), 'passthrough']
  warnings.warn(
