/bsuhome/alexanderemert/miniforge3/envs/starform-alex/lib/python3.14/site-packages/skopt/optimizer/optimizer.py:517: UserWarning: The objective has been evaluated at point [SimpleImputer(strategy='median'), np.False_, np.int64(10), None, np.int64(1), np.int64(2), np.int64(1000), np.str_('passthrough')] before, using random point [KNNImputer(), False, np.int64(4), None, np.int64(17), np.int64(15), np.int64(518), RobustScaler()]
  warnings.warn(
/bsuhome/alexanderemert/miniforge3/envs/starform-alex/lib/python3.14/site-packages/skopt/optimizer/optimizer.py:517: UserWarning: The objective has been evaluated at point [SimpleImputer(strategy='median'), np.True_, np.int64(30), np.str_('sqrt'), np.int64(1), np.int64(2), np.int64(1000), StandardScaler()] before, using random point [KNNImputer(), True, np.int64(16), 'sqrt', np.int64(13), np.int64(14), np.int64(293), StandardScaler()]
  warnings.warn(
/bsuhome/alexanderemert/miniforge3/envs/starform-alex/lib/python3.14/site-packages/skopt/optimizer/optimizer.py:517: UserWarning: The objective has been evaluated at point [SimpleImputer(strategy='median'), np.True_, np.int64(30), np.str_('sqrt'), np.int64(1), np.int64(2), np.int64(1000), StandardScaler()] before, using random point [KNNImputer(), True, np.int64(8), None, np.int64(14), np.int64(5), np.int64(634), RobustScaler()]
  warnings.warn(
/bsuhome/alexanderemert/miniforge3/envs/starform-alex/lib/python3.14/site-packages/skopt/optimizer/optimizer.py:517: UserWarning: The objective has been evaluated at point [SimpleImputer(strategy='median'), np.True_, np.int64(30), np.str_('sqrt'), np.int64(1), np.int64(2), np.int64(1000), StandardScaler()] before, using random point [SimpleImputer(strategy='median'), True, np.int64(26), 'log2', np.int64(5), np.int64(14), np.int64(837), StandardScaler()]
  warnings.warn(
/bsuhome/alexanderemert/miniforge3/envs/starform-alex/lib/python3.14/site-packages/skopt/optimizer/optimizer.py:517: UserWarning: The objective has been evaluated at point [SimpleImputer(strategy='median'), np.True_, np.int64(30), np.str_('sqrt'), np.int64(1), np.int64(2), np.int64(1000), StandardScaler()] before, using random point [SimpleImputer(), False, np.int64(25), 'log2', np.int64(9), np.int64(20), np.int64(616), 'passthrough']
  warnings.warn(
/bsuhome/alexanderemert/miniforge3/envs/starform-alex/lib/python3.14/site-packages/skopt/optimizer/optimizer.py:517: UserWarning: The objective has been evaluated at point [SimpleImputer(strategy='median'), np.True_, np.int64(30), np.str_('sqrt'), np.int64(1), np.int64(2), np.int64(1000), StandardScaler()] before, using random point [KNNImputer(), False, np.int64(7), 'log2', np.int64(6), np.int64(11), np.int64(179), 'passthrough']
  warnings.warn(
/bsuhome/alexanderemert/miniforge3/envs/starform-alex/lib/python3.14/site-packages/skopt/optimizer/optimizer.py:517: UserWarning: The objective has been evaluated at point [SimpleImputer(strategy='median'), np.True_, np.int64(30), np.str_('sqrt'), np.int64(1), np.int64(2), np.int64(1000), StandardScaler()] before, using random point [SimpleImputer(strategy='median'), False, np.int64(5), 'log2', np.int64(15), np.int64(12), np.int64(570), 'passthrough']
  warnings.warn(
/bsuhome/alexanderemert/miniforge3/envs/starform-alex/lib/python3.14/site-packages/skopt/optimizer/optimizer.py:517: UserWarning: The objective has been evaluated at point [SimpleImputer(strategy='median'), np.True_, np.int64(30), np.str_('sqrt'), np.int64(1), np.int64(2), np.int64(1000), StandardScaler()] before, using random point [SimpleImputer(), False, np.int64(23), None, np.int64(17), np.int64(3), np.int64(520), RobustScaler()]
  warnings.warn(
/bsuhome/alexanderemert/miniforge3/envs/starform-alex/lib/python3.14/site-packages/skopt/optimizer/optimizer.py:517: UserWarning: The objective has been evaluated at point [SimpleImputer(strategy='median'), np.True_, np.int64(30), np.str_('sqrt'), np.int64(1), np.int64(2), np.int64(1000), StandardScaler()] before, using random point [SimpleImputer(), False, np.int64(22), 'log2', np.int64(19), np.int64(6), np.int64(613), 'passthrough']
  warnings.warn(
/bsuhome/alexanderemert/miniforge3/envs/starform-alex/lib/python3.14/site-packages/skopt/optimizer/optimizer.py:517: UserWarning: The objective has been evaluated at point [SimpleImputer(strategy='median'), np.True_, np.int64(30), np.str_('sqrt'), np.int64(1), np.int64(2), np.int64(1000), StandardScaler()] before, using random point [KNNImputer(), False, np.int64(17), None, np.int64(5), np.int64(6), np.int64(960), StandardScaler()]
  warnings.warn(
