/bsuscratch/alexanderemert/miniforge3/envs/starform-alex/lib/python3.14/site-packages/skopt/optimizer/optimizer.py:517: UserWarning: The objective has been evaluated at point [SimpleImputer(strategy='median'), np.True_, np.int64(12), None, np.int64(1), np.int64(2), np.int64(277), LogRatioGenerator(cols=['F8', 'F12', 'F24', 'F70']), RobustScaler()] before, using random point [SimpleImputer(), True, np.int64(21), 'sqrt', np.int64(14), np.int64(16), np.int64(746), 'passthrough', StandardScaler()]
  warnings.warn(
/bsuscratch/alexanderemert/miniforge3/envs/starform-alex/lib/python3.14/site-packages/skopt/optimizer/optimizer.py:517: UserWarning: The objective has been evaluated at point [SimpleImputer(strategy='median'), np.True_, np.int64(12), None, np.int64(1), np.int64(2), np.int64(278), RatioGenerator(cols=['F8', 'F12', 'F24', 'F70']), RobustScaler()] before, using random point [SimpleImputer(), True, np.int64(26), 'log2', np.int64(18), np.int64(10), np.int64(388), LogRatioGenerator(cols=['F8', 'F12', 'F24', 'F70']), 'passthrough']
  warnings.warn(
/bsuscratch/alexanderemert/miniforge3/envs/starform-alex/lib/python3.14/site-packages/skopt/optimizer/optimizer.py:517: UserWarning: The objective has been evaluated at point [SimpleImputer(strategy='median'), np.True_, np.int64(12), None, np.int64(1), np.int64(2), np.int64(275), RatioGenerator(cols=['F8', 'F12', 'F24', 'F70']), RobustScaler()] before, using random point [SimpleImputer(), True, np.int64(17), 'sqrt', np.int64(8), np.int64(20), np.int64(704), 'passthrough', 'passthrough']
  warnings.warn(
/bsuscratch/alexanderemert/miniforge3/envs/starform-alex/lib/python3.14/site-packages/skopt/optimizer/optimizer.py:517: UserWarning: The objective has been evaluated at point [SimpleImputer(strategy='median'), np.True_, np.int64(12), None, np.int64(1), np.int64(2), np.int64(274), LogRatioGenerator(cols=['F8', 'F12', 'F24', 'F70']), RobustScaler()] before, using random point [KNNImputer(), True, np.int64(14), None, np.int64(15), np.int64(13), np.int64(882), RatioGenerator(cols=['F8', 'F12', 'F24', 'F70']), RobustScaler()]
  warnings.warn(
/bsuscratch/alexanderemert/miniforge3/envs/starform-alex/lib/python3.14/site-packages/skopt/optimizer/optimizer.py:517: UserWarning: The objective has been evaluated at point [SimpleImputer(strategy='median'), np.True_, np.int64(13), None, np.int64(1), np.int64(2), np.int64(248), RatioGenerator(cols=['F8', 'F12', 'F24', 'F70']), RobustScaler()] before, using random point [SimpleImputer(strategy='median'), False, np.int64(22), 'sqrt', np.int64(4), np.int64(19), np.int64(340), LogRatioGenerator(cols=['F8', 'F12', 'F24', 'F70']), RobustScaler()]
  warnings.warn(
/bsuscratch/alexanderemert/miniforge3/envs/starform-alex/lib/python3.14/site-packages/skopt/optimizer/optimizer.py:517: UserWarning: The objective has been evaluated at point [SimpleImputer(strategy='median'), np.True_, np.int64(12), None, np.int64(1), np.int64(2), np.int64(269), LogRatioGenerator(cols=['F8', 'F12', 'F24', 'F70']), RobustScaler()] before, using random point [SimpleImputer(), True, np.int64(21), None, np.int64(2), np.int64(8), np.int64(150), RatioGenerator(cols=['F8', 'F12', 'F24', 'F70']), StandardScaler()]
  warnings.warn(
/bsuscratch/alexanderemert/miniforge3/envs/starform-alex/lib/python3.14/site-packages/skopt/optimizer/optimizer.py:517: UserWarning: The objective has been evaluated at point [SimpleImputer(strategy='median'), np.True_, np.int64(30), None, np.int64(1), np.int64(2), np.int64(885), np.str_('passthrough'), RobustScaler()] before, using random point [KNNImputer(), False, np.int64(8), None, np.int64(13), np.int64(2), np.int64(590), LogRatioGenerator(cols=['F8', 'F12', 'F24', 'F70']), RobustScaler()]
  warnings.warn(
/bsuscratch/alexanderemert/miniforge3/envs/starform-alex/lib/python3.14/site-packages/skopt/optimizer/optimizer.py:517: UserWarning: The objective has been evaluated at point [SimpleImputer(strategy='median'), np.True_, np.int64(30), None, np.int64(1), np.int64(2), np.int64(1000), RatioGenerator(cols=['F8', 'F12', 'F24', 'F70']), RobustScaler()] before, using random point [SimpleImputer(), False, np.int64(7), 'log2', np.int64(4), np.int64(15), np.int64(284), 'passthrough', 'passthrough']
  warnings.warn(
/bsuscratch/alexanderemert/miniforge3/envs/starform-alex/lib/python3.14/site-packages/skopt/optimizer/optimizer.py:517: UserWarning: The objective has been evaluated at point [SimpleImputer(strategy='median'), np.True_, np.int64(29), None, np.int64(1), np.int64(2), np.int64(888), np.str_('passthrough'), RobustScaler()] before, using random point [SimpleImputer(strategy='median'), True, np.int64(5), None, np.int64(2), np.int64(2), np.int64(501), RatioGenerator(cols=['F8', 'F12', 'F24', 'F70']), 'passthrough']
  warnings.warn(
/bsuscratch/alexanderemert/miniforge3/envs/starform-alex/lib/python3.14/site-packages/skopt/optimizer/optimizer.py:517: UserWarning: The objective has been evaluated at point [SimpleImputer(), np.int64(22), None, np.int64(15), np.int64(20), np.str_('passthrough'), StandardScaler()] before, using random point [SimpleImputer(), np.int64(30), 'sqrt', np.int64(4), np.int64(7), RatioGenerator(cols=['F8', 'F12', 'F24', 'F70']), RobustScaler()]
  warnings.warn(
/bsuscratch/alexanderemert/miniforge3/envs/starform-alex/lib/python3.14/site-packages/skopt/optimizer/optimizer.py:517: UserWarning: The objective has been evaluated at point [SimpleImputer(), np.int64(22), None, np.int64(14), np.int64(20), np.str_('passthrough'), StandardScaler()] before, using random point [SimpleImputer(strategy='median'), np.int64(19), 'sqrt', np.int64(4), np.int64(8), LogRatioGenerator(cols=['F8', 'F12', 'F24', 'F70']), StandardScaler()]
  warnings.warn(
/bsuscratch/alexanderemert/miniforge3/envs/starform-alex/lib/python3.14/site-packages/skopt/optimizer/optimizer.py:517: UserWarning: The objective has been evaluated at point [SimpleImputer(), np.int64(22), None, np.int64(14), np.int64(20), np.str_('passthrough'), StandardScaler()] before, using random point [SimpleImputer(), np.int64(10), 'log2', np.int64(9), np.int64(15), LogRatioGenerator(cols=['F8', 'F12', 'F24', 'F70']), StandardScaler()]
  warnings.warn(
/bsuscratch/alexanderemert/miniforge3/envs/starform-alex/lib/python3.14/site-packages/skopt/optimizer/optimizer.py:517: UserWarning: The objective has been evaluated at point [SimpleImputer(), np.int64(22), None, np.int64(14), np.int64(20), np.str_('passthrough'), StandardScaler()] before, using random point [SimpleImputer(), np.int64(22), 'log2', np.int64(2), np.int64(5), LogRatioGenerator(cols=['F8', 'F12', 'F24', 'F70']), StandardScaler()]
  warnings.warn(
/bsuscratch/alexanderemert/miniforge3/envs/starform-alex/lib/python3.14/site-packages/skopt/optimizer/optimizer.py:517: UserWarning: The objective has been evaluated at point [SimpleImputer(), np.int64(22), None, np.int64(14), np.int64(20), np.str_('passthrough'), np.str_('passthrough')] before, using random point [KNNImputer(), np.int64(13), 'sqrt', np.int64(2), np.int64(8), RatioGenerator(cols=['F8', 'F12', 'F24', 'F70']), StandardScaler()]
  warnings.warn(
/bsuscratch/alexanderemert/miniforge3/envs/starform-alex/lib/python3.14/site-packages/skopt/optimizer/optimizer.py:517: UserWarning: The objective has been evaluated at point [SimpleImputer(), np.int64(22), None, np.int64(14), np.int64(20), np.str_('passthrough'), StandardScaler()] before, using random point [SimpleImputer(strategy='median'), np.int64(16), None, np.int64(10), np.int64(17), 'passthrough', 'passthrough']
  warnings.warn(
/bsuscratch/alexanderemert/miniforge3/envs/starform-alex/lib/python3.14/site-packages/skopt/optimizer/optimizer.py:517: UserWarning: The objective has been evaluated at point [SimpleImputer(), np.int64(22), None, np.int64(14), np.int64(20), np.str_('passthrough'), StandardScaler()] before, using random point [SimpleImputer(), np.int64(17), 'sqrt', np.int64(19), np.int64(15), 'passthrough', StandardScaler()]
  warnings.warn(
/bsuscratch/alexanderemert/miniforge3/envs/starform-alex/lib/python3.14/site-packages/skopt/optimizer/optimizer.py:517: UserWarning: The objective has been evaluated at point [SimpleImputer(), np.int64(23), None, np.int64(14), np.int64(20), np.str_('passthrough'), StandardScaler()] before, using random point [KNNImputer(), np.int64(17), None, np.int64(9), np.int64(7), 'passthrough', 'passthrough']
  warnings.warn(
/bsuscratch/alexanderemert/miniforge3/envs/starform-alex/lib/python3.14/site-packages/skopt/optimizer/optimizer.py:517: UserWarning: The objective has been evaluated at point [SimpleImputer(), np.int64(25), None, np.int64(14), np.int64(9), np.str_('passthrough'), StandardScaler()] before, using random point [SimpleImputer(strategy='median'), np.int64(5), None, np.int64(8), np.int64(18), LogRatioGenerator(cols=['F8', 'F12', 'F24', 'F70']), StandardScaler()]
  warnings.warn(
/bsuscratch/alexanderemert/miniforge3/envs/starform-alex/lib/python3.14/site-packages/skopt/optimizer/optimizer.py:517: UserWarning: The objective has been evaluated at point [SimpleImputer(), np.int64(25), None, np.int64(14), np.int64(2), np.str_('passthrough'), StandardScaler()] before, using random point [KNNImputer(), np.int64(27), 'log2', np.int64(18), np.int64(9), RatioGenerator(cols=['F8', 'F12', 'F24', 'F70']), StandardScaler()]
  warnings.warn(
/bsuscratch/alexanderemert/miniforge3/envs/starform-alex/lib/python3.14/site-packages/skopt/optimizer/optimizer.py:517: UserWarning: The objective has been evaluated at point [SimpleImputer(), np.int64(25), None, np.int64(14), np.int64(11), np.str_('passthrough'), StandardScaler()] before, using random point [SimpleImputer(strategy='median'), np.int64(8), None, np.int64(18), np.int64(16), RatioGenerator(cols=['F8', 'F12', 'F24', 'F70']), RobustScaler()]
  warnings.warn(
/bsuscratch/alexanderemert/miniforge3/envs/starform-alex/lib/python3.14/site-packages/skopt/optimizer/optimizer.py:517: UserWarning: The objective has been evaluated at point [SimpleImputer(), np.int64(25), None, np.int64(14), np.int64(2), np.str_('passthrough'), StandardScaler()] before, using random point [SimpleImputer(strategy='median'), np.int64(18), 'sqrt', np.int64(17), np.int64(17), 'passthrough', 'passthrough']
  warnings.warn(
