Traceback (most recent call last):
  File "/bsuhome/alexanderemert/Research/Star-Formation-Research-Project-2026/pipeline/scripts/search.py", line 188, in <module>
    main()
    ~~~~^^
  File "/bsuhome/alexanderemert/Research/Star-Formation-Research-Project-2026/pipeline/scripts/search.py", line 134, in main
    expanded, search_space = check_and_expand_space(
                             ~~~~~~~~~~~~~~~~~~~~~~^
        best_params=opt.best_params_,
        ^^^^^^^^^^^^^^^^^^^^^^^^^^^^^
    ...<3 lines>...
        expansion=0.5
        ^^^^^^^^^^^^^
    )
    ^
  File "/bsuhome/alexanderemert/Research/Star-Formation-Research-Project-2026/pipeline/scripts/ratio_function.py", line 152, in check_and_expand_space
    new_space[param_name] = Real(new_low, high, prior='log-uniform')
                            ~~~~^^^^^^^^^^^^^^^^^^^^^^^^^^^^^^^^^^^^
  File "/bsuscratch/alexanderemert/miniforge3/envs/starform-alex/lib/python3.14/site-packages/skopt/space/space.py", line 370, in __init__
    raise ValueError(
        "search space should not contain 0 when" " using log-uniform prior"
    )
ValueError: search space should not contain 0 when using log-uniform prior
