/bsuhome/alexanderemert/miniforge3/envs/starform-alex/lib/python3.14/site-packages/skopt/optimizer/optimizer.py:517: UserWarning: The objective has been evaluated at point [KNNImputer(), np.True_, np.int64(13), None, np.int64(3), np.int64(2), np.int64(1000), np.str_('passthrough')] before, using random point [KNNImputer(), False, np.int64(20), 'sqrt', np.int64(2), np.int64(10), np.int64(723), RobustScaler()]
  warnings.warn(
/bsuhome/alexanderemert/miniforge3/envs/starform-alex/lib/python3.14/site-packages/skopt/optimizer/optimizer.py:517: UserWarning: The objective has been evaluated at point [KNNImputer(), np.True_, np.int64(13), None, np.int64(3), np.int64(2), np.int64(1000), RobustScaler()] before, using random point [SimpleImputer(strategy='median'), True, np.int64(24), 'log2', np.int64(2), np.int64(17), np.int64(951), 'passthrough']
  warnings.warn(
/bsuhome/alexanderemert/miniforge3/envs/starform-alex/lib/python3.14/site-packages/skopt/optimizer/optimizer.py:517: UserWarning: The objective has been evaluated at point [KNNImputer(), np.True_, np.int64(12), None, np.int64(3), np.int64(2), np.int64(1000), RobustScaler()] before, using random point [SimpleImputer(), False, np.int64(23), None, np.int64(17), np.int64(3), np.int64(520), RobustScaler()]
  warnings.warn(
/bsuhome/alexanderemert/miniforge3/envs/starform-alex/lib/python3.14/site-packages/skopt/optimizer/optimizer.py:517: UserWarning: The objective has been evaluated at point [SimpleImputer(), np.True_, np.int64(13), None, np.int64(3), np.int64(2), np.int64(1000), RobustScaler()] before, using random point [SimpleImputer(), False, np.int64(22), 'log2', np.int64(19), np.int64(6), np.int64(613), 'passthrough']
  warnings.warn(
/bsuhome/alexanderemert/miniforge3/envs/starform-alex/lib/python3.14/site-packages/skopt/optimizer/optimizer.py:517: UserWarning: The objective has been evaluated at point [KNNImputer(), np.True_, np.int64(13), None, np.int64(3), np.int64(2), np.int64(1000), np.str_('passthrough')] before, using random point [KNNImputer(), False, np.int64(17), None, np.int64(5), np.int64(6), np.int64(960), StandardScaler()]
  warnings.warn(
/bsuhome/alexanderemert/miniforge3/envs/starform-alex/lib/python3.14/site-packages/skopt/optimizer/optimizer.py:517: UserWarning: The objective has been evaluated at point [KNNImputer(), np.True_, np.int64(13), None, np.int64(3), np.int64(3), np.int64(1000), RobustScaler()] before, using random point [SimpleImputer(), True, np.int64(4), 'log2', np.int64(12), np.int64(7), np.int64(353), StandardScaler()]
  warnings.warn(
/bsuhome/alexanderemert/miniforge3/envs/starform-alex/lib/python3.14/site-packages/skopt/optimizer/optimizer.py:517: UserWarning: The objective has been evaluated at point [KNNImputer(), np.True_, np.int64(13), None, np.int64(3), np.int64(3), np.int64(1000), RobustScaler()] before, using random point [SimpleImputer(strategy='median'), False, np.int64(23), 'log2', np.int64(2), np.int64(6), np.int64(339), StandardScaler()]
  warnings.warn(
/bsuhome/alexanderemert/miniforge3/envs/starform-alex/lib/python3.14/site-packages/skopt/optimizer/optimizer.py:517: UserWarning: The objective has been evaluated at point [KNNImputer(), np.True_, np.int64(13), None, np.int64(3), np.int64(3), np.int64(1000), RobustScaler()] before, using random point [KNNImputer(), False, np.int64(20), 'sqrt', np.int64(20), np.int64(20), np.int64(16), StandardScaler()]
  warnings.warn(
/bsuhome/alexanderemert/miniforge3/envs/starform-alex/lib/python3.14/site-packages/skopt/optimizer/optimizer.py:517: UserWarning: The objective has been evaluated at point [KNNImputer(), np.True_, np.int64(12), None, np.int64(3), np.int64(4), np.int64(1000), StandardScaler()] before, using random point [KNNImputer(), True, np.int64(18), 'sqrt', np.int64(13), np.int64(9), np.int64(943), StandardScaler()]
  warnings.warn(
/bsuhome/alexanderemert/miniforge3/envs/starform-alex/lib/python3.14/site-packages/skopt/optimizer/optimizer.py:517: UserWarning: The objective has been evaluated at point [SimpleImputer(), np.True_, np.int64(20), None, np.int64(3), np.int64(2), np.int64(1000), np.str_('passthrough')] before, using random point [SimpleImputer(), False, np.int64(16), 'log2', np.int64(15), np.int64(7), np.int64(724), 'passthrough']
  warnings.warn(
/bsuhome/alexanderemert/miniforge3/envs/starform-alex/lib/python3.14/site-packages/skopt/optimizer/optimizer.py:517: UserWarning: The objective has been evaluated at point [SimpleImputer(), np.True_, np.int64(20), None, np.int64(3), np.int64(2), np.int64(1000), StandardScaler()] before, using random point [KNNImputer(), True, np.int64(8), None, np.int64(18), np.int64(6), np.int64(371), RobustScaler()]
  warnings.warn(
/bsuhome/alexanderemert/miniforge3/envs/starform-alex/lib/python3.14/site-packages/skopt/optimizer/optimizer.py:517: UserWarning: The objective has been evaluated at point [SimpleImputer(), np.True_, np.int64(30), None, np.int64(1), np.int64(2), np.int64(1000), StandardScaler()] before, using random point [SimpleImputer(strategy='median'), False, np.int64(14), None, np.int64(18), np.int64(7), np.int64(813), 'passthrough']
  warnings.warn(
/bsuhome/alexanderemert/miniforge3/envs/starform-alex/lib/python3.14/site-packages/skopt/optimizer/optimizer.py:517: UserWarning: The objective has been evaluated at point [SimpleImputer(), np.True_, np.int64(20), None, np.int64(3), np.int64(2), np.int64(1000), np.str_('passthrough')] before, using random point [KNNImputer(), True, np.int64(20), None, np.int64(18), np.int64(12), np.int64(979), 'passthrough']
  warnings.warn(
/bsuhome/alexanderemert/miniforge3/envs/starform-alex/lib/python3.14/site-packages/skopt/optimizer/optimizer.py:517: UserWarning: The objective has been evaluated at point [SimpleImputer(), np.True_, np.int64(20), None, np.int64(2), np.int64(2), np.int64(1000), np.str_('passthrough')] before, using random point [SimpleImputer(strategy='median'), True, np.int64(22), None, np.int64(16), np.int64(18), np.int64(880), 'passthrough']
  warnings.warn(
/bsuhome/alexanderemert/miniforge3/envs/starform-alex/lib/python3.14/site-packages/skopt/optimizer/optimizer.py:517: UserWarning: The objective has been evaluated at point [SimpleImputer(), np.True_, np.int64(20), None, np.int64(2), np.int64(2), np.int64(1000), StandardScaler()] before, using random point [SimpleImputer(), True, np.int64(28), 'log2', np.int64(5), np.int64(8), np.int64(759), StandardScaler()]
  warnings.warn(
/bsuhome/alexanderemert/miniforge3/envs/starform-alex/lib/python3.14/site-packages/skopt/optimizer/optimizer.py:517: UserWarning: The objective has been evaluated at point [SimpleImputer(), np.True_, np.int64(20), None, np.int64(2), np.int64(2), np.int64(1000), RobustScaler()] before, using random point [KNNImputer(), True, np.int64(4), None, np.int64(4), np.int64(14), np.int64(677), RobustScaler()]
  warnings.warn(
