/bsuscratch/alexanderemert/miniforge3/envs/starform-alex/lib/python3.14/site-packages/skopt/optimizer/optimizer.py:517: UserWarning: The objective has been evaluated at point [SimpleImputer(), np.True_, np.int64(23), np.str_('sqrt'), np.int64(1), np.int64(2), np.int64(1000), LogRatioGenerator(cols=['F8', 'F12', 'F24', 'F70', 'F160', 'F250', 'F350',
                        'F500', 'F870', 'F1100']), np.str_('passthrough')] before, using random point [SimpleImputer(strategy='median'), True, np.int64(17), None, np.int64(11), np.int64(16), np.int64(384), 'passthrough', 'passthrough']
  warnings.warn(
/bsuscratch/alexanderemert/miniforge3/envs/starform-alex/lib/python3.14/site-packages/skopt/optimizer/optimizer.py:517: UserWarning: The objective has been evaluated at point [SimpleImputer(), np.False_, np.int64(27), np.str_('sqrt'), np.int64(20), np.int64(2), np.int64(1000), LogRatioGenerator(cols=['F8', 'F12', 'F24', 'F70', 'F160', 'F250', 'F350',
                        'F500', 'F870', 'F1100']), RobustScaler()] before, using random point [KNNImputer(), True, np.int64(6), None, np.int64(9), np.int64(6), np.int64(434), RatioGenerator(cols=['F8', 'F12', 'F24', 'F70', 'F160', 'F250', 'F350', 'F500',
                     'F870', 'F1100']), RobustScaler()]
  warnings.warn(
/bsuscratch/alexanderemert/miniforge3/envs/starform-alex/lib/python3.14/site-packages/skopt/optimizer/optimizer.py:517: UserWarning: The objective has been evaluated at point [SimpleImputer(), np.False_, np.int64(27), np.str_('sqrt'), np.int64(20), np.int64(2), np.int64(1000), LogRatioGenerator(cols=['F8', 'F12', 'F24', 'F70', 'F160', 'F250', 'F350',
                        'F500', 'F870', 'F1100']), RobustScaler()] before, using random point [KNNImputer(), True, np.int64(18), 'log2', np.int64(10), np.int64(12), np.int64(525), RatioGenerator(cols=['F8', 'F12', 'F24', 'F70', 'F160', 'F250', 'F350', 'F500',
                     'F870', 'F1100']), StandardScaler()]
  warnings.warn(
/bsuscratch/alexanderemert/miniforge3/envs/starform-alex/lib/python3.14/site-packages/skopt/optimizer/optimizer.py:517: UserWarning: The objective has been evaluated at point [SimpleImputer(), np.False_, np.int64(27), np.str_('sqrt'), np.int64(20), np.int64(2), np.int64(1000), RatioGenerator(cols=['F8', 'F12', 'F24', 'F70', 'F160', 'F250', 'F350', 'F500',
                     'F870', 'F1100']), RobustScaler()] before, using random point [SimpleImputer(strategy='median'), True, np.int64(24), 'log2', np.int64(17), np.int64(6), np.int64(775), 'passthrough', RobustScaler()]
  warnings.warn(
/bsuscratch/alexanderemert/miniforge3/envs/starform-alex/lib/python3.14/site-packages/skopt/optimizer/optimizer.py:517: UserWarning: The objective has been evaluated at point [SimpleImputer(), np.False_, np.int64(27), np.str_('sqrt'), np.int64(20), np.int64(2), np.int64(1000), LogRatioGenerator(cols=['F8', 'F12', 'F24', 'F70', 'F160', 'F250', 'F350',
                        'F500', 'F870', 'F1100']), RobustScaler()] before, using random point [KNNImputer(), True, np.int64(28), 'log2', np.int64(11), np.int64(11), np.int64(97), LogRatioGenerator(cols=['F8', 'F12', 'F24', 'F70', 'F160', 'F250', 'F350',
                        'F500', 'F870', 'F1100']), 'passthrough']
  warnings.warn(
/bsuscratch/alexanderemert/miniforge3/envs/starform-alex/lib/python3.14/site-packages/skopt/optimizer/optimizer.py:517: UserWarning: The objective has been evaluated at point [SimpleImputer(), np.False_, np.int64(27), np.str_('sqrt'), np.int64(20), np.int64(2), np.int64(1000), LogRatioGenerator(cols=['F8', 'F12', 'F24', 'F70', 'F160', 'F250', 'F350',
                        'F500', 'F870', 'F1100']), RobustScaler()] before, using random point [SimpleImputer(strategy='median'), False, np.int64(26), None, np.int64(17), np.int64(17), np.int64(962), LogRatioGenerator(cols=['F8', 'F12', 'F24', 'F70', 'F160', 'F250', 'F350',
                        'F500', 'F870', 'F1100']), 'passthrough']
  warnings.warn(
/bsuscratch/alexanderemert/miniforge3/envs/starform-alex/lib/python3.14/site-packages/skopt/optimizer/optimizer.py:517: UserWarning: The objective has been evaluated at point [SimpleImputer(), np.False_, np.int64(13), np.str_('sqrt'), np.int64(1), np.int64(2), np.int64(1000), LogRatioGenerator(cols=['F8', 'F12', 'F24', 'F70', 'F160', 'F250', 'F350',
                        'F500', 'F870', 'F1100']), RobustScaler()] before, using random point [SimpleImputer(strategy='median'), False, np.int64(8), 'log2', np.int64(9), np.int64(12), np.int64(682), LogRatioGenerator(cols=['F8', 'F12', 'F24', 'F70', 'F160', 'F250', 'F350',
                        'F500', 'F870', 'F1100']), StandardScaler()]
  warnings.warn(
/bsuscratch/alexanderemert/miniforge3/envs/starform-alex/lib/python3.14/site-packages/skopt/optimizer/optimizer.py:517: UserWarning: The objective has been evaluated at point [SimpleImputer(), np.False_, np.int64(21), np.str_('sqrt'), np.int64(1), np.int64(2), np.int64(430), LogRatioGenerator(cols=['F8', 'F12', 'F24', 'F70', 'F160', 'F250', 'F350',
                        'F500', 'F870', 'F1100']), RobustScaler()] before, using random point [SimpleImputer(), False, np.int64(10), None, np.int64(4), np.int64(13), np.int64(780), RatioGenerator(cols=['F8', 'F12', 'F24', 'F70', 'F160', 'F250', 'F350', 'F500',
                     'F870', 'F1100']), RobustScaler()]
  warnings.warn(
/bsuscratch/alexanderemert/miniforge3/envs/starform-alex/lib/python3.14/site-packages/skopt/optimizer/optimizer.py:517: UserWarning: The objective has been evaluated at point [KNNImputer(), np.True_, np.int64(23), np.str_('sqrt'), np.int64(1), np.int64(2), np.int64(1000), LogRatioGenerator(cols=['F8', 'F12', 'F24', 'F70', 'F160', 'F250', 'F350',
                        'F500', 'F870', 'F1100']), np.str_('passthrough')] before, using random point [SimpleImputer(strategy='median'), False, np.int64(8), 'sqrt', np.int64(13), np.int64(6), np.int64(178), LogRatioGenerator(cols=['F8', 'F12', 'F24', 'F70', 'F160', 'F250', 'F350',
                        'F500', 'F870', 'F1100']), StandardScaler()]
  warnings.warn(
/bsuscratch/alexanderemert/miniforge3/envs/starform-alex/lib/python3.14/site-packages/skopt/optimizer/optimizer.py:517: UserWarning: The objective has been evaluated at point [KNNImputer(), np.True_, np.int64(30), np.str_('sqrt'), np.int64(1), np.int64(2), np.int64(1000), LogRatioGenerator(cols=['F8', 'F12', 'F24', 'F70', 'F160', 'F250', 'F350',
                        'F500', 'F870', 'F1100']), StandardScaler()] before, using random point [KNNImputer(), False, np.int64(13), None, np.int64(10), np.int64(14), np.int64(640), 'passthrough', StandardScaler()]
  warnings.warn(
/bsuscratch/alexanderemert/miniforge3/envs/starform-alex/lib/python3.14/site-packages/skopt/optimizer/optimizer.py:517: UserWarning: The objective has been evaluated at point [KNNImputer(), np.True_, np.int64(30), np.str_('sqrt'), np.int64(1), np.int64(2), np.int64(1000), LogRatioGenerator(cols=['F8', 'F12', 'F24', 'F70', 'F160', 'F250', 'F350',
                        'F500', 'F870', 'F1100']), StandardScaler()] before, using random point [SimpleImputer(strategy='median'), False, np.int64(20), 'log2', np.int64(3), np.int64(8), np.int64(604), 'passthrough', RobustScaler()]
  warnings.warn(
/bsuscratch/alexanderemert/miniforge3/envs/starform-alex/lib/python3.14/site-packages/skopt/optimizer/optimizer.py:517: UserWarning: The objective has been evaluated at point [KNNImputer(), np.True_, np.int64(30), np.str_('sqrt'), np.int64(1), np.int64(2), np.int64(1000), LogRatioGenerator(cols=['F8', 'F12', 'F24', 'F70', 'F160', 'F250', 'F350',
                        'F500', 'F870', 'F1100']), StandardScaler()] before, using random point [SimpleImputer(strategy='median'), False, np.int64(4), None, np.int64(3), np.int64(2), np.int64(985), RatioGenerator(cols=['F8', 'F12', 'F24', 'F70', 'F160', 'F250', 'F350', 'F500',
                     'F870', 'F1100']), 'passthrough']
  warnings.warn(
/bsuscratch/alexanderemert/miniforge3/envs/starform-alex/lib/python3.14/site-packages/skopt/optimizer/optimizer.py:517: UserWarning: The objective has been evaluated at point [KNNImputer(), np.int64(15), None, np.int64(19), np.int64(13), RatioGenerator(cols=['F8', 'F12', 'F24', 'F70', 'F160', 'F250', 'F350', 'F500',
                     'F870', 'F1100']), StandardScaler()] before, using random point [SimpleImputer(), np.int64(6), 'log2', np.int64(20), np.int64(15), 'passthrough', StandardScaler()]
  warnings.warn(
/bsuscratch/alexanderemert/miniforge3/envs/starform-alex/lib/python3.14/site-packages/skopt/optimizer/optimizer.py:517: UserWarning: The objective has been evaluated at point [KNNImputer(), np.int64(15), None, np.int64(19), np.int64(2), RatioGenerator(cols=['F8', 'F12', 'F24', 'F70', 'F160', 'F250', 'F350', 'F500',
                     'F870', 'F1100']), StandardScaler()] before, using random point [SimpleImputer(strategy='median'), np.int64(15), None, np.int64(4), np.int64(6), LogRatioGenerator(cols=['F8', 'F12', 'F24', 'F70', 'F160', 'F250', 'F350',
                        'F500', 'F870', 'F1100']), StandardScaler()]
  warnings.warn(
/bsuscratch/alexanderemert/miniforge3/envs/starform-alex/lib/python3.14/site-packages/skopt/optimizer/optimizer.py:517: UserWarning: The objective has been evaluated at point [SimpleImputer(strategy='median'), np.int64(11), np.str_('sqrt'), np.int64(20), np.int64(2), RatioGenerator(cols=['F8', 'F12', 'F24', 'F70', 'F160', 'F250', 'F350', 'F500',
                     'F870', 'F1100']), StandardScaler()] before, using random point [SimpleImputer(), np.int64(13), 'log2', np.int64(3), np.int64(7), 'passthrough', 'passthrough']
  warnings.warn(
/bsuscratch/alexanderemert/miniforge3/envs/starform-alex/lib/python3.14/site-packages/skopt/optimizer/optimizer.py:517: UserWarning: The objective has been evaluated at point [SimpleImputer(strategy='median'), np.int64(11), np.str_('sqrt'), np.int64(20), np.int64(2), RatioGenerator(cols=['F8', 'F12', 'F24', 'F70', 'F160', 'F250', 'F350', 'F500',
                     'F870', 'F1100']), StandardScaler()] before, using random point [SimpleImputer(), np.int64(11), 'sqrt', np.int64(8), np.int64(12), RatioGenerator(cols=['F8', 'F12', 'F24', 'F70', 'F160', 'F250', 'F350', 'F500',
                     'F870', 'F1100']), StandardScaler()]
  warnings.warn(
/bsuscratch/alexanderemert/miniforge3/envs/starform-alex/lib/python3.14/site-packages/skopt/optimizer/optimizer.py:517: UserWarning: The objective has been evaluated at point [KNNImputer(), np.int64(11), np.str_('sqrt'), np.int64(20), np.int64(2), RatioGenerator(cols=['F8', 'F12', 'F24', 'F70', 'F160', 'F250', 'F350', 'F500',
                     'F870', 'F1100']), StandardScaler()] before, using random point [KNNImputer(), np.int64(17), None, np.int64(14), np.int64(8), 'passthrough', RobustScaler()]
  warnings.warn(
/bsuscratch/alexanderemert/miniforge3/envs/starform-alex/lib/python3.14/site-packages/skopt/optimizer/optimizer.py:517: UserWarning: The objective has been evaluated at point [KNNImputer(), np.int64(11), np.str_('sqrt'), np.int64(20), np.int64(2), RatioGenerator(cols=['F8', 'F12', 'F24', 'F70', 'F160', 'F250', 'F350', 'F500',
                     'F870', 'F1100']), StandardScaler()] before, using random point [SimpleImputer(strategy='median'), np.int64(11), None, np.int64(8), np.int64(6), 'passthrough', RobustScaler()]
  warnings.warn(
/bsuscratch/alexanderemert/miniforge3/envs/starform-alex/lib/python3.14/site-packages/skopt/optimizer/optimizer.py:517: UserWarning: The objective has been evaluated at point [KNNImputer(), np.int64(11), np.str_('sqrt'), np.int64(20), np.int64(2), RatioGenerator(cols=['F8', 'F12', 'F24', 'F70', 'F160', 'F250', 'F350', 'F500',
                     'F870', 'F1100']), StandardScaler()] before, using random point [SimpleImputer(), np.int64(27), 'log2', np.int64(14), np.int64(9), RatioGenerator(cols=['F8', 'F12', 'F24', 'F70', 'F160', 'F250', 'F350', 'F500',
                     'F870', 'F1100']), StandardScaler()]
  warnings.warn(
/bsuscratch/alexanderemert/miniforge3/envs/starform-alex/lib/python3.14/site-packages/skopt/optimizer/optimizer.py:517: UserWarning: The objective has been evaluated at point [SimpleImputer(), np.int64(13), None, np.int64(20), np.int64(2), RatioGenerator(cols=['F8', 'F12', 'F24', 'F70', 'F160', 'F250', 'F350', 'F500',
                     'F870', 'F1100']), StandardScaler()] before, using random point [SimpleImputer(strategy='median'), np.int64(23), 'log2', np.int64(18), np.int64(13), RatioGenerator(cols=['F8', 'F12', 'F24', 'F70', 'F160', 'F250', 'F350', 'F500',
                     'F870', 'F1100']), RobustScaler()]
  warnings.warn(
/bsuscratch/alexanderemert/miniforge3/envs/starform-alex/lib/python3.14/site-packages/skopt/optimizer/optimizer.py:517: UserWarning: The objective has been evaluated at point [SimpleImputer(), np.int64(13), None, np.int64(20), np.int64(8), RatioGenerator(cols=['F8', 'F12', 'F24', 'F70', 'F160', 'F250', 'F350', 'F500',
                     'F870', 'F1100']), StandardScaler()] before, using random point [SimpleImputer(strategy='median'), np.int64(19), 'sqrt', np.int64(16), np.int64(13), 'passthrough', RobustScaler()]
  warnings.warn(
/bsuscratch/alexanderemert/miniforge3/envs/starform-alex/lib/python3.14/site-packages/skopt/optimizer/optimizer.py:517: UserWarning: The objective has been evaluated at point [SimpleImputer(), np.int64(13), None, np.int64(20), np.int64(9), RatioGenerator(cols=['F8', 'F12', 'F24', 'F70', 'F160', 'F250', 'F350', 'F500',
                     'F870', 'F1100']), StandardScaler()] before, using random point [SimpleImputer(strategy='median'), np.int64(22), None, np.int64(19), np.int64(16), RatioGenerator(cols=['F8', 'F12', 'F24', 'F70', 'F160', 'F250', 'F350', 'F500',
                     'F870', 'F1100']), StandardScaler()]
  warnings.warn(
/bsuscratch/alexanderemert/miniforge3/envs/starform-alex/lib/python3.14/site-packages/skopt/optimizer/optimizer.py:517: UserWarning: The objective has been evaluated at point [SimpleImputer(), np.int64(13), None, np.int64(20), np.int64(8), RatioGenerator(cols=['F8', 'F12', 'F24', 'F70', 'F160', 'F250', 'F350', 'F500',
                     'F870', 'F1100']), StandardScaler()] before, using random point [SimpleImputer(strategy='median'), np.int64(26), 'sqrt', np.int64(1), np.int64(12), RatioGenerator(cols=['F8', 'F12', 'F24', 'F70', 'F160', 'F250', 'F350', 'F500',
                     'F870', 'F1100']), 'passthrough']
  warnings.warn(
/bsuscratch/alexanderemert/miniforge3/envs/starform-alex/lib/python3.14/site-packages/skopt/optimizer/optimizer.py:517: UserWarning: The objective has been evaluated at point [SimpleImputer(), np.int64(13), None, np.int64(20), np.int64(2), RatioGenerator(cols=['F8', 'F12', 'F24', 'F70', 'F160', 'F250', 'F350', 'F500',
                     'F870', 'F1100']), StandardScaler()] before, using random point [SimpleImputer(), np.int64(29), None, np.int64(1), np.int64(18), 'passthrough', StandardScaler()]
  warnings.warn(
/bsuscratch/alexanderemert/miniforge3/envs/starform-alex/lib/python3.14/site-packages/skopt/optimizer/optimizer.py:517: UserWarning: The objective has been evaluated at point [SimpleImputer(), np.int64(13), np.str_('sqrt'), np.int64(20), np.int64(2), RatioGenerator(cols=['F8', 'F12', 'F24', 'F70', 'F160', 'F250', 'F350', 'F500',
                     'F870', 'F1100']), StandardScaler()] before, using random point [KNNImputer(), np.int64(9), None, np.int64(6), np.int64(5), LogRatioGenerator(cols=['F8', 'F12', 'F24', 'F70', 'F160', 'F250', 'F350',
                        'F500', 'F870', 'F1100']), 'passthrough']
  warnings.warn(
/bsuscratch/alexanderemert/miniforge3/envs/starform-alex/lib/python3.14/site-packages/skopt/optimizer/optimizer.py:517: UserWarning: The objective has been evaluated at point [SimpleImputer(), np.int64(13), np.str_('sqrt'), np.int64(20), np.int64(2), RatioGenerator(cols=['F8', 'F12', 'F24', 'F70', 'F160', 'F250', 'F350', 'F500',
                     'F870', 'F1100']), StandardScaler()] before, using random point [SimpleImputer(strategy='median'), np.int64(12), 'sqrt', np.int64(16), np.int64(4), RatioGenerator(cols=['F8', 'F12', 'F24', 'F70', 'F160', 'F250', 'F350', 'F500',
                     'F870', 'F1100']), RobustScaler()]
  warnings.warn(
/bsuscratch/alexanderemert/miniforge3/envs/starform-alex/lib/python3.14/site-packages/skopt/optimizer/optimizer.py:517: UserWarning: The objective has been evaluated at point [SimpleImputer(), np.int64(26), None, np.int64(20), np.int64(11), RatioGenerator(cols=['F8', 'F12', 'F24', 'F70', 'F160', 'F250', 'F350', 'F500',
                     'F870', 'F1100']), RobustScaler()] before, using random point [KNNImputer(), np.int64(22), 'sqrt', np.int64(10), np.int64(5), 'passthrough', StandardScaler()]
  warnings.warn(
/bsuscratch/alexanderemert/miniforge3/envs/starform-alex/lib/python3.14/site-packages/skopt/optimizer/optimizer.py:517: UserWarning: The objective has been evaluated at point [SimpleImputer(), np.int64(13), None, np.int64(20), np.int64(2), RatioGenerator(cols=['F8', 'F12', 'F24', 'F70', 'F160', 'F250', 'F350', 'F500',
                     'F870', 'F1100']), StandardScaler()] before, using random point [SimpleImputer(strategy='median'), np.int64(7), 'sqrt', np.int64(9), np.int64(7), 'passthrough', 'passthrough']
  warnings.warn(
/bsuscratch/alexanderemert/miniforge3/envs/starform-alex/lib/python3.14/site-packages/skopt/optimizer/optimizer.py:517: UserWarning: The objective has been evaluated at point [SimpleImputer(), np.int64(13), None, np.int64(20), np.int64(2), RatioGenerator(cols=['F8', 'F12', 'F24', 'F70', 'F160', 'F250', 'F350', 'F500',
                     'F870', 'F1100']), StandardScaler()] before, using random point [KNNImputer(), np.int64(4), 'log2', np.int64(6), np.int64(8), RatioGenerator(cols=['F8', 'F12', 'F24', 'F70', 'F160', 'F250', 'F350', 'F500',
                     'F870', 'F1100']), RobustScaler()]
  warnings.warn(
/bsuscratch/alexanderemert/miniforge3/envs/starform-alex/lib/python3.14/site-packages/skopt/optimizer/optimizer.py:517: UserWarning: The objective has been evaluated at point [SimpleImputer(), np.int64(13), None, np.int64(20), np.int64(2), RatioGenerator(cols=['F8', 'F12', 'F24', 'F70', 'F160', 'F250', 'F350', 'F500',
                     'F870', 'F1100']), StandardScaler()] before, using random point [SimpleImputer(strategy='median'), np.int64(25), 'sqrt', np.int64(14), np.int64(4), 'passthrough', RobustScaler()]
  warnings.warn(
/bsuscratch/alexanderemert/miniforge3/envs/starform-alex/lib/python3.14/site-packages/skopt/optimizer/optimizer.py:517: UserWarning: The objective has been evaluated at point [SimpleImputer(), np.int64(13), np.str_('sqrt'), np.int64(20), np.int64(2), RatioGenerator(cols=['F8', 'F12', 'F24', 'F70', 'F160', 'F250', 'F350', 'F500',
                     'F870', 'F1100']), StandardScaler()] before, using random point [SimpleImputer(strategy='median'), np.int64(26), 'log2', np.int64(2), np.int64(4), RatioGenerator(cols=['F8', 'F12', 'F24', 'F70', 'F160', 'F250', 'F350', 'F500',
                     'F870', 'F1100']), 'passthrough']
  warnings.warn(
/bsuscratch/alexanderemert/miniforge3/envs/starform-alex/lib/python3.14/site-packages/skopt/optimizer/optimizer.py:517: UserWarning: The objective has been evaluated at point [SimpleImputer(), np.int64(13), None, np.int64(20), np.int64(2), RatioGenerator(cols=['F8', 'F12', 'F24', 'F70', 'F160', 'F250', 'F350', 'F500',
                     'F870', 'F1100']), StandardScaler()] before, using random point [SimpleImputer(strategy='median'), np.int64(12), None, np.int64(2), np.int64(19), RatioGenerator(cols=['F8', 'F12', 'F24', 'F70', 'F160', 'F250', 'F350', 'F500',
                     'F870', 'F1100']), RobustScaler()]
  warnings.warn(
/bsuscratch/alexanderemert/miniforge3/envs/starform-alex/lib/python3.14/site-packages/skopt/optimizer/optimizer.py:517: UserWarning: The objective has been evaluated at point [SimpleImputer(), np.int64(26), None, np.int64(20), np.int64(14), RatioGenerator(cols=['F8', 'F12', 'F24', 'F70', 'F160', 'F250', 'F350', 'F500',
                     'F870', 'F1100']), StandardScaler()] before, using random point [KNNImputer(), np.int64(30), 'sqrt', np.int64(17), np.int64(14), LogRatioGenerator(cols=['F8', 'F12', 'F24', 'F70', 'F160', 'F250', 'F350',
                        'F500', 'F870', 'F1100']), 'passthrough']
  warnings.warn(
/bsuscratch/alexanderemert/miniforge3/envs/starform-alex/lib/python3.14/site-packages/skopt/optimizer/optimizer.py:517: UserWarning: The objective has been evaluated at point [SimpleImputer(), np.int64(26), None, np.int64(20), np.int64(16), RatioGenerator(cols=['F8', 'F12', 'F24', 'F70', 'F160', 'F250', 'F350', 'F500',
                     'F870', 'F1100']), StandardScaler()] before, using random point [KNNImputer(), np.int64(28), 'log2', np.int64(1), np.int64(16), 'passthrough', 'passthrough']
  warnings.warn(
/bsuscratch/alexanderemert/miniforge3/envs/starform-alex/lib/python3.14/site-packages/skopt/optimizer/optimizer.py:517: UserWarning: The objective has been evaluated at point [SimpleImputer(), np.int64(26), None, np.int64(20), np.int64(18), RatioGenerator(cols=['F8', 'F12', 'F24', 'F70', 'F160', 'F250', 'F350', 'F500',
                     'F870', 'F1100']), RobustScaler()] before, using random point [SimpleImputer(), np.int64(17), 'sqrt', np.int64(14), np.int64(5), 'passthrough', 'passthrough']
  warnings.warn(
/bsuscratch/alexanderemert/miniforge3/envs/starform-alex/lib/python3.14/site-packages/skopt/optimizer/optimizer.py:517: UserWarning: The objective has been evaluated at point [SimpleImputer(), np.int64(26), None, np.int64(20), np.int64(20), RatioGenerator(cols=['F8', 'F12', 'F24', 'F70', 'F160', 'F250', 'F350', 'F500',
                     'F870', 'F1100']), RobustScaler()] before, using random point [SimpleImputer(strategy='median'), np.int64(26), None, np.int64(2), np.int64(18), LogRatioGenerator(cols=['F8', 'F12', 'F24', 'F70', 'F160', 'F250', 'F350',
                        'F500', 'F870', 'F1100']), StandardScaler()]
  warnings.warn(
/bsuscratch/alexanderemert/miniforge3/envs/starform-alex/lib/python3.14/site-packages/skopt/optimizer/optimizer.py:517: UserWarning: The objective has been evaluated at point [SimpleImputer(), np.int64(26), None, np.int64(20), np.int64(13), RatioGenerator(cols=['F8', 'F12', 'F24', 'F70', 'F160', 'F250', 'F350', 'F500',
                     'F870', 'F1100']), RobustScaler()] before, using random point [SimpleImputer(), np.int64(12), 'log2', np.int64(16), np.int64(10), RatioGenerator(cols=['F8', 'F12', 'F24', 'F70', 'F160', 'F250', 'F350', 'F500',
                     'F870', 'F1100']), RobustScaler()]
  warnings.warn(
/bsuscratch/alexanderemert/miniforge3/envs/starform-alex/lib/python3.14/site-packages/skopt/optimizer/optimizer.py:517: UserWarning: The objective has been evaluated at point [SimpleImputer(), np.int64(26), None, np.int64(20), np.int64(16), RatioGenerator(cols=['F8', 'F12', 'F24', 'F70', 'F160', 'F250', 'F350', 'F500',
                     'F870', 'F1100']), StandardScaler()] before, using random point [SimpleImputer(), np.int64(4), 'log2', np.int64(19), np.int64(18), RatioGenerator(cols=['F8', 'F12', 'F24', 'F70', 'F160', 'F250', 'F350', 'F500',
                     'F870', 'F1100']), StandardScaler()]
  warnings.warn(
/bsuscratch/alexanderemert/miniforge3/envs/starform-alex/lib/python3.14/site-packages/skopt/optimizer/optimizer.py:517: UserWarning: The objective has been evaluated at point [SimpleImputer(), np.int64(26), None, np.int64(20), np.int64(9), RatioGenerator(cols=['F8', 'F12', 'F24', 'F70', 'F160', 'F250', 'F350', 'F500',
                     'F870', 'F1100']), np.str_('passthrough')] before, using random point [SimpleImputer(strategy='median'), np.int64(24), 'log2', np.int64(15), np.int64(20), RatioGenerator(cols=['F8', 'F12', 'F24', 'F70', 'F160', 'F250', 'F350', 'F500',
                     'F870', 'F1100']), 'passthrough']
  warnings.warn(
/bsuscratch/alexanderemert/miniforge3/envs/starform-alex/lib/python3.14/site-packages/skopt/optimizer/optimizer.py:517: UserWarning: The objective has been evaluated at point [SimpleImputer(), np.int64(26), None, np.int64(20), np.int64(20), RatioGenerator(cols=['F8', 'F12', 'F24', 'F70', 'F160', 'F250', 'F350', 'F500',
                     'F870', 'F1100']), np.str_('passthrough')] before, using random point [SimpleImputer(), np.int64(29), 'log2', np.int64(2), np.int64(11), LogRatioGenerator(cols=['F8', 'F12', 'F24', 'F70', 'F160', 'F250', 'F350',
                        'F500', 'F870', 'F1100']), StandardScaler()]
  warnings.warn(
/bsuscratch/alexanderemert/miniforge3/envs/starform-alex/lib/python3.14/site-packages/skopt/optimizer/optimizer.py:517: UserWarning: The objective has been evaluated at point [SimpleImputer(), np.int64(26), None, np.int64(20), np.int64(17), RatioGenerator(cols=['F8', 'F12', 'F24', 'F70', 'F160', 'F250', 'F350', 'F500',
                     'F870', 'F1100']), RobustScaler()] before, using random point [SimpleImputer(), np.int64(7), 'sqrt', np.int64(17), np.int64(3), 'passthrough', 'passthrough']
  warnings.warn(
/bsuscratch/alexanderemert/miniforge3/envs/starform-alex/lib/python3.14/site-packages/skopt/optimizer/optimizer.py:517: UserWarning: The objective has been evaluated at point [SimpleImputer(), np.int64(26), None, np.int64(20), np.int64(16), RatioGenerator(cols=['F8', 'F12', 'F24', 'F70', 'F160', 'F250', 'F350', 'F500',
                     'F870', 'F1100']), RobustScaler()] before, using random point [SimpleImputer(), np.int64(29), 'log2', np.int64(11), np.int64(2), 'passthrough', StandardScaler()]
  warnings.warn(
/bsuscratch/alexanderemert/miniforge3/envs/starform-alex/lib/python3.14/site-packages/skopt/optimizer/optimizer.py:517: UserWarning: The objective has been evaluated at point [SimpleImputer(), np.int64(26), None, np.int64(20), np.int64(18), RatioGenerator(cols=['F8', 'F12', 'F24', 'F70', 'F160', 'F250', 'F350', 'F500',
                     'F870', 'F1100']), RobustScaler()] before, using random point [SimpleImputer(), np.int64(11), None, np.int64(19), np.int64(6), RatioGenerator(cols=['F8', 'F12', 'F24', 'F70', 'F160', 'F250', 'F350', 'F500',
                     'F870', 'F1100']), StandardScaler()]
  warnings.warn(
/bsuscratch/alexanderemert/miniforge3/envs/starform-alex/lib/python3.14/site-packages/skopt/optimizer/optimizer.py:517: UserWarning: The objective has been evaluated at point [SimpleImputer(), np.int64(8), None, np.int64(20), np.int64(2), LogRatioGenerator(cols=['F8', 'F12', 'F24', 'F70', 'F160', 'F250', 'F350',
                        'F500', 'F870', 'F1100']), StandardScaler()] before, using random point [SimpleImputer(), np.int64(7), 'log2', np.int64(14), np.int64(17), 'passthrough', 'passthrough']
  warnings.warn(
/bsuscratch/alexanderemert/miniforge3/envs/starform-alex/lib/python3.14/site-packages/skopt/optimizer/optimizer.py:517: UserWarning: The objective has been evaluated at point [SimpleImputer(), np.int64(26), None, np.int64(20), np.int64(17), RatioGenerator(cols=['F8', 'F12', 'F24', 'F70', 'F160', 'F250', 'F350', 'F500',
                     'F870', 'F1100']), StandardScaler()] before, using random point [SimpleImputer(strategy='median'), np.int64(10), None, np.int64(16), np.int64(11), RatioGenerator(cols=['F8', 'F12', 'F24', 'F70', 'F160', 'F250', 'F350', 'F500',
                     'F870', 'F1100']), RobustScaler()]
  warnings.warn(
/bsuscratch/alexanderemert/miniforge3/envs/starform-alex/lib/python3.14/site-packages/skopt/optimizer/optimizer.py:517: UserWarning: The objective has been evaluated at point [SimpleImputer(), np.int64(26), None, np.int64(20), np.int64(18), RatioGenerator(cols=['F8', 'F12', 'F24', 'F70', 'F160', 'F250', 'F350', 'F500',
                     'F870', 'F1100']), RobustScaler()] before, using random point [SimpleImputer(strategy='median'), np.int64(28), None, np.int64(4), np.int64(18), 'passthrough', RobustScaler()]
  warnings.warn(
