/bsuscratch/alexanderemert/miniforge3/envs/starform-alex/lib/python3.14/site-packages/skopt/optimizer/optimizer.py:517: UserWarning: The objective has been evaluated at point [SimpleImputer(strategy='median'), np.True_, np.int64(22), np.str_('sqrt'), np.int64(20), np.int64(2), np.int64(1000), LogRatioGenerator(cols=['F8', 'F12', 'F24', 'F70']), np.str_('passthrough')] before, using random point [SimpleImputer(strategy='median'), False, np.int64(5), None, np.int64(16), np.int64(11), np.int64(977), 'passthrough', RobustScaler()]
  warnings.warn(
/bsuscratch/alexanderemert/miniforge3/envs/starform-alex/lib/python3.14/site-packages/skopt/optimizer/optimizer.py:517: UserWarning: The objective has been evaluated at point [SimpleImputer(strategy='median'), np.int64(3), np.str_('sqrt'), np.int64(1), np.int64(2), RatioGenerator(cols=['F8', 'F12', 'F24', 'F70']), RobustScaler()] before, using random point [KNNImputer(), np.int64(25), None, np.int64(15), np.int64(10), 'passthrough', 'passthrough']
  warnings.warn(
/bsuscratch/alexanderemert/miniforge3/envs/starform-alex/lib/python3.14/site-packages/skopt/optimizer/optimizer.py:517: UserWarning: The objective has been evaluated at point [SimpleImputer(strategy='median'), np.int64(3), np.str_('sqrt'), np.int64(1), np.int64(2), RatioGenerator(cols=['F8', 'F12', 'F24', 'F70']), RobustScaler()] before, using random point [SimpleImputer(), np.int64(29), 'log2', np.int64(19), np.int64(19), LogRatioGenerator(cols=['F8', 'F12', 'F24', 'F70']), RobustScaler()]
  warnings.warn(
/bsuscratch/alexanderemert/miniforge3/envs/starform-alex/lib/python3.14/site-packages/skopt/optimizer/optimizer.py:517: UserWarning: The objective has been evaluated at point [SimpleImputer(), np.int64(3), np.str_('sqrt'), np.int64(20), np.int64(2), RatioGenerator(cols=['F8', 'F12', 'F24', 'F70']), RobustScaler()] before, using random point [KNNImputer(), np.int64(12), 'log2', np.int64(18), np.int64(17), 'passthrough', StandardScaler()]
  warnings.warn(
/bsuscratch/alexanderemert/miniforge3/envs/starform-alex/lib/python3.14/site-packages/skopt/optimizer/optimizer.py:517: UserWarning: The objective has been evaluated at point [SimpleImputer(strategy='median'), np.int64(19), np.str_('sqrt'), np.int64(17), np.int64(4), RatioGenerator(cols=['F8', 'F12', 'F24', 'F70']), StandardScaler()] before, using random point [KNNImputer(), np.int64(20), None, np.int64(12), np.int64(16), 'passthrough', RobustScaler()]
  warnings.warn(
/bsuscratch/alexanderemert/miniforge3/envs/starform-alex/lib/python3.14/site-packages/skopt/optimizer/optimizer.py:517: UserWarning: The objective has been evaluated at point [SimpleImputer(), np.int64(3), np.str_('sqrt'), np.int64(13), np.int64(6), RatioGenerator(cols=['F8', 'F12', 'F24', 'F70']), StandardScaler()] before, using random point [SimpleImputer(strategy='median'), np.int64(21), 'log2', np.int64(16), np.int64(20), RatioGenerator(cols=['F8', 'F12', 'F24', 'F70']), RobustScaler()]
  warnings.warn(
/bsuscratch/alexanderemert/miniforge3/envs/starform-alex/lib/python3.14/site-packages/skopt/optimizer/optimizer.py:517: UserWarning: The objective has been evaluated at point [SimpleImputer(), np.int64(3), np.str_('sqrt'), np.int64(13), np.int64(13), RatioGenerator(cols=['F8', 'F12', 'F24', 'F70']), StandardScaler()] before, using random point [KNNImputer(), np.int64(25), 'log2', np.int64(19), np.int64(14), 'passthrough', RobustScaler()]
  warnings.warn(
/bsuscratch/alexanderemert/miniforge3/envs/starform-alex/lib/python3.14/site-packages/skopt/optimizer/optimizer.py:517: UserWarning: The objective has been evaluated at point [SimpleImputer(), np.int64(3), np.str_('sqrt'), np.int64(13), np.int64(6), LogRatioGenerator(cols=['F8', 'F12', 'F24', 'F70']), StandardScaler()] before, using random point [SimpleImputer(), np.int64(24), 'sqrt', np.int64(11), np.int64(3), LogRatioGenerator(cols=['F8', 'F12', 'F24', 'F70']), 'passthrough']
  warnings.warn(
/bsuscratch/alexanderemert/miniforge3/envs/starform-alex/lib/python3.14/site-packages/skopt/optimizer/optimizer.py:517: UserWarning: The objective has been evaluated at point [SimpleImputer(), np.int64(3), np.str_('sqrt'), np.int64(13), np.int64(4), RatioGenerator(cols=['F8', 'F12', 'F24', 'F70']), StandardScaler()] before, using random point [KNNImputer(), np.int64(21), 'log2', np.int64(20), np.int64(9), RatioGenerator(cols=['F8', 'F12', 'F24', 'F70']), StandardScaler()]
  warnings.warn(
/bsuscratch/alexanderemert/miniforge3/envs/starform-alex/lib/python3.14/site-packages/skopt/optimizer/optimizer.py:517: UserWarning: The objective has been evaluated at point [SimpleImputer(), np.int64(3), np.str_('sqrt'), np.int64(13), np.int64(5), RatioGenerator(cols=['F8', 'F12', 'F24', 'F70']), StandardScaler()] before, using random point [KNNImputer(), np.int64(8), 'log2', np.int64(15), np.int64(14), 'passthrough', StandardScaler()]
  warnings.warn(
/bsuscratch/alexanderemert/miniforge3/envs/starform-alex/lib/python3.14/site-packages/skopt/optimizer/optimizer.py:517: UserWarning: The objective has been evaluated at point [SimpleImputer(), np.int64(3), np.str_('sqrt'), np.int64(13), np.int64(3), RatioGenerator(cols=['F8', 'F12', 'F24', 'F70']), StandardScaler()] before, using random point [KNNImputer(), np.int64(30), 'sqrt', np.int64(13), np.int64(5), LogRatioGenerator(cols=['F8', 'F12', 'F24', 'F70']), 'passthrough']
  warnings.warn(
/bsuscratch/alexanderemert/miniforge3/envs/starform-alex/lib/python3.14/site-packages/skopt/optimizer/optimizer.py:517: UserWarning: The objective has been evaluated at point [SimpleImputer(), np.int64(3), np.str_('sqrt'), np.int64(13), np.int64(9), RatioGenerator(cols=['F8', 'F12', 'F24', 'F70']), StandardScaler()] before, using random point [KNNImputer(), np.int64(27), 'log2', np.int64(7), np.int64(9), 'passthrough', RobustScaler()]
  warnings.warn(
/bsuscratch/alexanderemert/miniforge3/envs/starform-alex/lib/python3.14/site-packages/skopt/optimizer/optimizer.py:517: UserWarning: The objective has been evaluated at point [SimpleImputer(), np.int64(3), np.str_('sqrt'), np.int64(14), np.int64(7), RatioGenerator(cols=['F8', 'F12', 'F24', 'F70']), np.str_('passthrough')] before, using random point [SimpleImputer(strategy='median'), np.int64(15), None, np.int64(10), np.int64(14), RatioGenerator(cols=['F8', 'F12', 'F24', 'F70']), RobustScaler()]
  warnings.warn(
/bsuscratch/alexanderemert/miniforge3/envs/starform-alex/lib/python3.14/site-packages/skopt/optimizer/optimizer.py:517: UserWarning: The objective has been evaluated at point [SimpleImputer(), np.int64(3), np.str_('sqrt'), np.int64(13), np.int64(4), LogRatioGenerator(cols=['F8', 'F12', 'F24', 'F70']), np.str_('passthrough')] before, using random point [SimpleImputer(strategy='median'), np.int64(6), 'log2', np.int64(15), np.int64(3), RatioGenerator(cols=['F8', 'F12', 'F24', 'F70']), RobustScaler()]
  warnings.warn(
/bsuscratch/alexanderemert/miniforge3/envs/starform-alex/lib/python3.14/site-packages/skopt/optimizer/optimizer.py:517: UserWarning: The objective has been evaluated at point [SimpleImputer(), np.int64(3), np.str_('sqrt'), np.int64(14), np.int64(8), LogRatioGenerator(cols=['F8', 'F12', 'F24', 'F70']), np.str_('passthrough')] before, using random point [KNNImputer(), np.int64(4), 'log2', np.int64(10), np.int64(16), RatioGenerator(cols=['F8', 'F12', 'F24', 'F70']), StandardScaler()]
  warnings.warn(
