/bsuscratch/alexanderemert/miniforge3/envs/starform-alex/lib/python3.14/site-packages/skopt/optimizer/optimizer.py:517: UserWarning: The objective has been evaluated at point [SimpleImputer(strategy='median'), np.True_, np.int64(30), None, np.int64(20), np.int64(20), np.int64(1000), RatioGenerator(cols=['F8', 'F12', 'F24', 'F70', 'F160', 'F250', 'F350', 'F500',
                     'F870', 'F1100']), RobustScaler()] before, using random point [KNNImputer(), True, np.int64(3), 'log2', np.int64(11), np.int64(4), np.int64(959), LogRatioGenerator(cols=['F8', 'F12', 'F24', 'F70', 'F160', 'F250', 'F350',
                        'F500', 'F870', 'F1100']), RobustScaler()]
  warnings.warn(
/bsuscratch/alexanderemert/miniforge3/envs/starform-alex/lib/python3.14/site-packages/skopt/optimizer/optimizer.py:517: UserWarning: The objective has been evaluated at point [SimpleImputer(strategy='median'), np.True_, np.int64(30), None, np.int64(20), np.int64(20), np.int64(1000), RatioGenerator(cols=['F8', 'F12', 'F24', 'F70', 'F160', 'F250', 'F350', 'F500',
                     'F870', 'F1100']), np.str_('passthrough')] before, using random point [KNNImputer(), True, np.int64(6), 'sqrt', np.int64(6), np.int64(20), np.int64(600), 'passthrough', RobustScaler()]
  warnings.warn(
/bsuscratch/alexanderemert/miniforge3/envs/starform-alex/lib/python3.14/site-packages/skopt/optimizer/optimizer.py:517: UserWarning: The objective has been evaluated at point [SimpleImputer(strategy='median'), np.True_, np.int64(30), None, np.int64(20), np.int64(20), np.int64(1000), RatioGenerator(cols=['F8', 'F12', 'F24', 'F70', 'F160', 'F250', 'F350', 'F500',
                     'F870', 'F1100']), np.str_('passthrough')] before, using random point [SimpleImputer(strategy='median'), True, np.int64(6), 'sqrt', np.int64(3), np.int64(17), np.int64(823), LogRatioGenerator(cols=['F8', 'F12', 'F24', 'F70', 'F160', 'F250', 'F350',
                        'F500', 'F870', 'F1100']), StandardScaler()]
  warnings.warn(
/bsuscratch/alexanderemert/miniforge3/envs/starform-alex/lib/python3.14/site-packages/skopt/optimizer/optimizer.py:517: UserWarning: The objective has been evaluated at point [SimpleImputer(strategy='median'), np.True_, np.int64(30), None, np.int64(20), np.int64(20), np.int64(1000), RatioGenerator(cols=['F8', 'F12', 'F24', 'F70', 'F160', 'F250', 'F350', 'F500',
                     'F870', 'F1100']), np.str_('passthrough')] before, using random point [SimpleImputer(), True, np.int64(10), 'sqrt', np.int64(16), np.int64(12), np.int64(481), LogRatioGenerator(cols=['F8', 'F12', 'F24', 'F70', 'F160', 'F250', 'F350',
                        'F500', 'F870', 'F1100']), RobustScaler()]
  warnings.warn(
/bsuscratch/alexanderemert/miniforge3/envs/starform-alex/lib/python3.14/site-packages/skopt/optimizer/optimizer.py:517: UserWarning: The objective has been evaluated at point [SimpleImputer(strategy='median'), np.True_, np.int64(23), None, np.int64(4), np.int64(7), np.int64(1000), RatioGenerator(cols=['F8', 'F12', 'F24', 'F70', 'F160', 'F250', 'F350', 'F500',
                     'F870', 'F1100']), np.str_('passthrough')] before, using random point [SimpleImputer(), True, np.int64(14), None, np.int64(13), np.int64(6), np.int64(619), RatioGenerator(cols=['F8', 'F12', 'F24', 'F70', 'F160', 'F250', 'F350', 'F500',
                     'F870', 'F1100']), RobustScaler()]
  warnings.warn(
/bsuscratch/alexanderemert/miniforge3/envs/starform-alex/lib/python3.14/site-packages/skopt/optimizer/optimizer.py:517: UserWarning: The objective has been evaluated at point [SimpleImputer(), np.True_, np.int64(23), None, np.int64(4), np.int64(6), np.int64(1000), RatioGenerator(cols=['F8', 'F12', 'F24', 'F70', 'F160', 'F250', 'F350', 'F500',
                     'F870', 'F1100']), np.str_('passthrough')] before, using random point [SimpleImputer(), True, np.int64(18), 'sqrt', np.int64(17), np.int64(13), np.int64(18), LogRatioGenerator(cols=['F8', 'F12', 'F24', 'F70', 'F160', 'F250', 'F350',
                        'F500', 'F870', 'F1100']), StandardScaler()]
  warnings.warn(
/bsuscratch/alexanderemert/miniforge3/envs/starform-alex/lib/python3.14/site-packages/skopt/optimizer/optimizer.py:517: UserWarning: The objective has been evaluated at point [SimpleImputer(), np.True_, np.int64(26), None, np.int64(3), np.int64(3), np.int64(1000), LogRatioGenerator(cols=['F8', 'F12', 'F24', 'F70', 'F160', 'F250', 'F350',
                        'F500', 'F870', 'F1100']), np.str_('passthrough')] before, using random point [SimpleImputer(), False, np.int64(21), None, np.int64(9), np.int64(4), np.int64(459), 'passthrough', 'passthrough']
  warnings.warn(
/bsuscratch/alexanderemert/miniforge3/envs/starform-alex/lib/python3.14/site-packages/skopt/optimizer/optimizer.py:517: UserWarning: The objective has been evaluated at point [SimpleImputer(), np.True_, np.int64(25), None, np.int64(3), np.int64(3), np.int64(1000), RatioGenerator(cols=['F8', 'F12', 'F24', 'F70', 'F160', 'F250', 'F350', 'F500',
                     'F870', 'F1100']), np.str_('passthrough')] before, using random point [SimpleImputer(strategy='median'), False, np.int64(17), 'log2', np.int64(4), np.int64(20), np.int64(977), RatioGenerator(cols=['F8', 'F12', 'F24', 'F70', 'F160', 'F250', 'F350', 'F500',
                     'F870', 'F1100']), 'passthrough']
  warnings.warn(
/bsuscratch/alexanderemert/miniforge3/envs/starform-alex/lib/python3.14/site-packages/skopt/optimizer/optimizer.py:517: UserWarning: The objective has been evaluated at point [SimpleImputer(), np.True_, np.int64(24), None, np.int64(3), np.int64(3), np.int64(1000), RatioGenerator(cols=['F8', 'F12', 'F24', 'F70', 'F160', 'F250', 'F350', 'F500',
                     'F870', 'F1100']), np.str_('passthrough')] before, using random point [SimpleImputer(strategy='median'), False, np.int64(6), 'sqrt', np.int64(8), np.int64(3), np.int64(74), 'passthrough', 'passthrough']
  warnings.warn(
/bsuscratch/alexanderemert/miniforge3/envs/starform-alex/lib/python3.14/site-packages/skopt/optimizer/optimizer.py:517: UserWarning: The objective has been evaluated at point [SimpleImputer(), np.True_, np.int64(25), None, np.int64(3), np.int64(3), np.int64(1000), RatioGenerator(cols=['F8', 'F12', 'F24', 'F70', 'F160', 'F250', 'F350', 'F500',
                     'F870', 'F1100']), np.str_('passthrough')] before, using random point [SimpleImputer(strategy='median'), True, np.int64(20), 'sqrt', np.int64(12), np.int64(10), np.int64(462), LogRatioGenerator(cols=['F8', 'F12', 'F24', 'F70', 'F160', 'F250', 'F350',
                        'F500', 'F870', 'F1100']), StandardScaler()]
  warnings.warn(
/bsuscratch/alexanderemert/miniforge3/envs/starform-alex/lib/python3.14/site-packages/skopt/optimizer/optimizer.py:517: UserWarning: The objective has been evaluated at point [SimpleImputer(), np.True_, np.int64(25), None, np.int64(3), np.int64(3), np.int64(1000), RatioGenerator(cols=['F8', 'F12', 'F24', 'F70', 'F160', 'F250', 'F350', 'F500',
                     'F870', 'F1100']), np.str_('passthrough')] before, using random point [SimpleImputer(strategy='median'), True, np.int64(20), None, np.int64(10), np.int64(4), np.int64(389), RatioGenerator(cols=['F8', 'F12', 'F24', 'F70', 'F160', 'F250', 'F350', 'F500',
                     'F870', 'F1100']), RobustScaler()]
  warnings.warn(
/bsuscratch/alexanderemert/miniforge3/envs/starform-alex/lib/python3.14/site-packages/skopt/optimizer/optimizer.py:517: UserWarning: The objective has been evaluated at point [SimpleImputer(), np.True_, np.int64(24), None, np.int64(3), np.int64(3), np.int64(1000), RatioGenerator(cols=['F8', 'F12', 'F24', 'F70', 'F160', 'F250', 'F350', 'F500',
                     'F870', 'F1100']), RobustScaler()] before, using random point [SimpleImputer(), False, np.int64(12), 'log2', np.int64(18), np.int64(5), np.int64(599), 'passthrough', RobustScaler()]
  warnings.warn(
/bsuscratch/alexanderemert/miniforge3/envs/starform-alex/lib/python3.14/site-packages/skopt/optimizer/optimizer.py:517: UserWarning: The objective has been evaluated at point [SimpleImputer(), np.True_, np.int64(25), None, np.int64(3), np.int64(3), np.int64(1000), RatioGenerator(cols=['F8', 'F12', 'F24', 'F70', 'F160', 'F250', 'F350', 'F500',
                     'F870', 'F1100']), np.str_('passthrough')] before, using random point [KNNImputer(), True, np.int64(21), 'log2', np.int64(3), np.int64(6), np.int64(654), 'passthrough', StandardScaler()]
  warnings.warn(
/bsuscratch/alexanderemert/miniforge3/envs/starform-alex/lib/python3.14/site-packages/skopt/optimizer/optimizer.py:517: UserWarning: The objective has been evaluated at point [SimpleImputer(), np.True_, np.int64(25), None, np.int64(3), np.int64(3), np.int64(1000), LogRatioGenerator(cols=['F8', 'F12', 'F24', 'F70', 'F160', 'F250', 'F350',
                        'F500', 'F870', 'F1100']), np.str_('passthrough')] before, using random point [KNNImputer(), False, np.int64(21), 'log2', np.int64(7), np.int64(12), np.int64(329), RatioGenerator(cols=['F8', 'F12', 'F24', 'F70', 'F160', 'F250', 'F350', 'F500',
                     'F870', 'F1100']), 'passthrough']
  warnings.warn(
/bsuscratch/alexanderemert/miniforge3/envs/starform-alex/lib/python3.14/site-packages/skopt/optimizer/optimizer.py:517: UserWarning: The objective has been evaluated at point [SimpleImputer(), np.True_, np.int64(25), None, np.int64(3), np.int64(3), np.int64(1000), LogRatioGenerator(cols=['F8', 'F12', 'F24', 'F70', 'F160', 'F250', 'F350',
                        'F500', 'F870', 'F1100']), StandardScaler()] before, using random point [SimpleImputer(strategy='median'), False, np.int64(25), None, np.int64(16), np.int64(15), np.int64(553), 'passthrough', 'passthrough']
  warnings.warn(
/bsuscratch/alexanderemert/miniforge3/envs/starform-alex/lib/python3.14/site-packages/skopt/optimizer/optimizer.py:517: UserWarning: The objective has been evaluated at point [SimpleImputer(), np.True_, np.int64(25), None, np.int64(3), np.int64(3), np.int64(1000), LogRatioGenerator(cols=['F8', 'F12', 'F24', 'F70', 'F160', 'F250', 'F350',
                        'F500', 'F870', 'F1100']), StandardScaler()] before, using random point [SimpleImputer(), False, np.int64(20), 'log2', np.int64(10), np.int64(8), np.int64(198), 'passthrough', 'passthrough']
  warnings.warn(
/bsuscratch/alexanderemert/miniforge3/envs/starform-alex/lib/python3.14/site-packages/skopt/optimizer/optimizer.py:517: UserWarning: The objective has been evaluated at point [SimpleImputer(), np.True_, np.int64(25), None, np.int64(3), np.int64(3), np.int64(1000), LogRatioGenerator(cols=['F8', 'F12', 'F24', 'F70', 'F160', 'F250', 'F350',
                        'F500', 'F870', 'F1100']), RobustScaler()] before, using random point [SimpleImputer(), True, np.int64(14), None, np.int64(3), np.int64(7), np.int64(774), LogRatioGenerator(cols=['F8', 'F12', 'F24', 'F70', 'F160', 'F250', 'F350',
                        'F500', 'F870', 'F1100']), RobustScaler()]
  warnings.warn(
/bsuscratch/alexanderemert/miniforge3/envs/starform-alex/lib/python3.14/site-packages/skopt/optimizer/optimizer.py:517: UserWarning: The objective has been evaluated at point [SimpleImputer(), np.True_, np.int64(30), np.str_('sqrt'), np.int64(1), np.int64(2), np.int64(1000), RatioGenerator(cols=['F8', 'F12', 'F24', 'F70', 'F160', 'F250', 'F350', 'F500',
                     'F870', 'F1100']), StandardScaler()] before, using random point [KNNImputer(), False, np.int64(26), None, np.int64(9), np.int64(12), np.int64(99), RatioGenerator(cols=['F8', 'F12', 'F24', 'F70', 'F160', 'F250', 'F350', 'F500',
                     'F870', 'F1100']), 'passthrough']
  warnings.warn(
/bsuscratch/alexanderemert/miniforge3/envs/starform-alex/lib/python3.14/site-packages/skopt/optimizer/optimizer.py:517: UserWarning: The objective has been evaluated at point [SimpleImputer(), np.True_, np.int64(30), np.str_('sqrt'), np.int64(1), np.int64(2), np.int64(1000), RatioGenerator(cols=['F8', 'F12', 'F24', 'F70', 'F160', 'F250', 'F350', 'F500',
                     'F870', 'F1100']), np.str_('passthrough')] before, using random point [SimpleImputer(strategy='median'), False, np.int64(27), 'sqrt', np.int64(8), np.int64(14), np.int64(160), LogRatioGenerator(cols=['F8', 'F12', 'F24', 'F70', 'F160', 'F250', 'F350',
                        'F500', 'F870', 'F1100']), RobustScaler()]
  warnings.warn(
/bsuscratch/alexanderemert/miniforge3/envs/starform-alex/lib/python3.14/site-packages/skopt/optimizer/optimizer.py:517: UserWarning: The objective has been evaluated at point [SimpleImputer(), np.True_, np.int64(26), None, np.int64(1), np.int64(2), np.int64(1000), LogRatioGenerator(cols=['F8', 'F12', 'F24', 'F70', 'F160', 'F250', 'F350',
                        'F500', 'F870', 'F1100']), RobustScaler()] before, using random point [KNNImputer(), True, np.int64(30), 'log2', np.int64(4), np.int64(12), np.int64(22), LogRatioGenerator(cols=['F8', 'F12', 'F24', 'F70', 'F160', 'F250', 'F350',
                        'F500', 'F870', 'F1100']), StandardScaler()]
  warnings.warn(
/bsuscratch/alexanderemert/miniforge3/envs/starform-alex/lib/python3.14/site-packages/skopt/optimizer/optimizer.py:517: UserWarning: The objective has been evaluated at point [SimpleImputer(), np.True_, np.int64(26), None, np.int64(1), np.int64(2), np.int64(1000), RatioGenerator(cols=['F8', 'F12', 'F24', 'F70', 'F160', 'F250', 'F350', 'F500',
                     'F870', 'F1100']), StandardScaler()] before, using random point [SimpleImputer(strategy='median'), True, np.int64(25), None, np.int64(16), np.int64(14), np.int64(95), RatioGenerator(cols=['F8', 'F12', 'F24', 'F70', 'F160', 'F250', 'F350', 'F500',
                     'F870', 'F1100']), StandardScaler()]
  warnings.warn(
/bsuscratch/alexanderemert/miniforge3/envs/starform-alex/lib/python3.14/site-packages/skopt/optimizer/optimizer.py:517: UserWarning: The objective has been evaluated at point [SimpleImputer(), np.True_, np.int64(26), None, np.int64(1), np.int64(2), np.int64(1000), RatioGenerator(cols=['F8', 'F12', 'F24', 'F70', 'F160', 'F250', 'F350', 'F500',
                     'F870', 'F1100']), RobustScaler()] before, using random point [KNNImputer(), False, np.int64(15), 'log2', np.int64(8), np.int64(11), np.int64(801), LogRatioGenerator(cols=['F8', 'F12', 'F24', 'F70', 'F160', 'F250', 'F350',
                        'F500', 'F870', 'F1100']), RobustScaler()]
  warnings.warn(
/bsuscratch/alexanderemert/miniforge3/envs/starform-alex/lib/python3.14/site-packages/skopt/optimizer/optimizer.py:517: UserWarning: The objective has been evaluated at point [SimpleImputer(), np.int64(18), None, np.int64(2), np.int64(17), np.str_('passthrough'), RobustScaler()] before, using random point [SimpleImputer(), np.int64(23), None, np.int64(14), np.int64(8), 'passthrough', RobustScaler()]
  warnings.warn(
/bsuscratch/alexanderemert/miniforge3/envs/starform-alex/lib/python3.14/site-packages/skopt/optimizer/optimizer.py:517: UserWarning: The objective has been evaluated at point [SimpleImputer(), np.int64(18), None, np.int64(2), np.int64(17), np.str_('passthrough'), RobustScaler()] before, using random point [SimpleImputer(strategy='median'), np.int64(11), 'sqrt', np.int64(16), np.int64(9), 'passthrough', StandardScaler()]
  warnings.warn(
/bsuscratch/alexanderemert/miniforge3/envs/starform-alex/lib/python3.14/site-packages/skopt/optimizer/optimizer.py:517: UserWarning: The objective has been evaluated at point [SimpleImputer(), np.int64(30), None, np.int64(9), np.int64(10), np.str_('passthrough'), np.str_('passthrough')] before, using random point [SimpleImputer(), np.int64(4), 'log2', np.int64(9), np.int64(11), 'passthrough', StandardScaler()]
  warnings.warn(
/bsuscratch/alexanderemert/miniforge3/envs/starform-alex/lib/python3.14/site-packages/skopt/optimizer/optimizer.py:517: UserWarning: The objective has been evaluated at point [SimpleImputer(), np.int64(30), None, np.int64(9), np.int64(10), np.str_('passthrough'), StandardScaler()] before, using random point [KNNImputer(), np.int64(12), 'sqrt', np.int64(1), np.int64(4), LogRatioGenerator(cols=['F8', 'F12', 'F24', 'F70', 'F160', 'F250', 'F350',
                        'F500', 'F870', 'F1100']), StandardScaler()]
  warnings.warn(
/bsuscratch/alexanderemert/miniforge3/envs/starform-alex/lib/python3.14/site-packages/skopt/optimizer/optimizer.py:517: UserWarning: The objective has been evaluated at point [SimpleImputer(), np.int64(18), None, np.int64(2), np.int64(17), np.str_('passthrough'), np.str_('passthrough')] before, using random point [KNNImputer(), np.int64(17), None, np.int64(14), np.int64(4), 'passthrough', 'passthrough']
  warnings.warn(
/bsuscratch/alexanderemert/miniforge3/envs/starform-alex/lib/python3.14/site-packages/skopt/optimizer/optimizer.py:517: UserWarning: The objective has been evaluated at point [SimpleImputer(), np.int64(18), None, np.int64(2), np.int64(17), np.str_('passthrough'), RobustScaler()] before, using random point [KNNImputer(), np.int64(13), 'sqrt', np.int64(14), np.int64(6), LogRatioGenerator(cols=['F8', 'F12', 'F24', 'F70', 'F160', 'F250', 'F350',
                        'F500', 'F870', 'F1100']), StandardScaler()]
  warnings.warn(
/bsuscratch/alexanderemert/miniforge3/envs/starform-alex/lib/python3.14/site-packages/skopt/optimizer/optimizer.py:517: UserWarning: The objective has been evaluated at point [SimpleImputer(strategy='median'), np.int64(23), None, np.int64(20), np.int64(20), RatioGenerator(cols=['F8', 'F12', 'F24', 'F70', 'F160', 'F250', 'F350', 'F500',
                     'F870', 'F1100']), np.str_('passthrough')] before, using random point [SimpleImputer(strategy='median'), np.int64(11), 'log2', np.int64(5), np.int64(12), 'passthrough', 'passthrough']
  warnings.warn(
/bsuscratch/alexanderemert/miniforge3/envs/starform-alex/lib/python3.14/site-packages/skopt/optimizer/optimizer.py:517: UserWarning: The objective has been evaluated at point [SimpleImputer(strategy='median'), np.int64(23), None, np.int64(20), np.int64(20), RatioGenerator(cols=['F8', 'F12', 'F24', 'F70', 'F160', 'F250', 'F350', 'F500',
                     'F870', 'F1100']), np.str_('passthrough')] before, using random point [SimpleImputer(), np.int64(7), 'sqrt', np.int64(17), np.int64(13), RatioGenerator(cols=['F8', 'F12', 'F24', 'F70', 'F160', 'F250', 'F350', 'F500',
                     'F870', 'F1100']), RobustScaler()]
  warnings.warn(
/bsuscratch/alexanderemert/miniforge3/envs/starform-alex/lib/python3.14/site-packages/skopt/optimizer/optimizer.py:517: UserWarning: The objective has been evaluated at point [SimpleImputer(strategy='median'), np.int64(23), None, np.int64(20), np.int64(20), RatioGenerator(cols=['F8', 'F12', 'F24', 'F70', 'F160', 'F250', 'F350', 'F500',
                     'F870', 'F1100']), np.str_('passthrough')] before, using random point [KNNImputer(), np.int64(11), 'sqrt', np.int64(16), np.int64(15), RatioGenerator(cols=['F8', 'F12', 'F24', 'F70', 'F160', 'F250', 'F350', 'F500',
                     'F870', 'F1100']), StandardScaler()]
  warnings.warn(
/bsuscratch/alexanderemert/miniforge3/envs/starform-alex/lib/python3.14/site-packages/skopt/optimizer/optimizer.py:517: UserWarning: The objective has been evaluated at point [SimpleImputer(strategy='median'), np.int64(23), None, np.int64(20), np.int64(20), RatioGenerator(cols=['F8', 'F12', 'F24', 'F70', 'F160', 'F250', 'F350', 'F500',
                     'F870', 'F1100']), np.str_('passthrough')] before, using random point [SimpleImputer(strategy='median'), np.int64(6), 'sqrt', np.int64(17), np.int64(4), RatioGenerator(cols=['F8', 'F12', 'F24', 'F70', 'F160', 'F250', 'F350', 'F500',
                     'F870', 'F1100']), 'passthrough']
  warnings.warn(
/bsuscratch/alexanderemert/miniforge3/envs/starform-alex/lib/python3.14/site-packages/skopt/optimizer/optimizer.py:517: UserWarning: The objective has been evaluated at point [SimpleImputer(strategy='median'), np.int64(23), None, np.int64(20), np.int64(20), RatioGenerator(cols=['F8', 'F12', 'F24', 'F70', 'F160', 'F250', 'F350', 'F500',
                     'F870', 'F1100']), np.str_('passthrough')] before, using random point [SimpleImputer(), np.int64(6), None, np.int64(3), np.int64(12), 'passthrough', RobustScaler()]
  warnings.warn(
/bsuscratch/alexanderemert/miniforge3/envs/starform-alex/lib/python3.14/site-packages/skopt/optimizer/optimizer.py:517: UserWarning: The objective has been evaluated at point [SimpleImputer(strategy='median'), np.int64(24), None, np.int64(20), np.int64(20), RatioGenerator(cols=['F8', 'F12', 'F24', 'F70', 'F160', 'F250', 'F350', 'F500',
                     'F870', 'F1100']), np.str_('passthrough')] before, using random point [SimpleImputer(), np.int64(26), None, np.int64(17), np.int64(5), LogRatioGenerator(cols=['F8', 'F12', 'F24', 'F70', 'F160', 'F250', 'F350',
                        'F500', 'F870', 'F1100']), 'passthrough']
  warnings.warn(
/bsuscratch/alexanderemert/miniforge3/envs/starform-alex/lib/python3.14/site-packages/skopt/optimizer/optimizer.py:517: UserWarning: The objective has been evaluated at point [SimpleImputer(strategy='median'), np.int64(23), None, np.int64(20), np.int64(20), RatioGenerator(cols=['F8', 'F12', 'F24', 'F70', 'F160', 'F250', 'F350', 'F500',
                     'F870', 'F1100']), np.str_('passthrough')] before, using random point [SimpleImputer(strategy='median'), np.int64(13), 'sqrt', np.int64(4), np.int64(14), RatioGenerator(cols=['F8', 'F12', 'F24', 'F70', 'F160', 'F250', 'F350', 'F500',
                     'F870', 'F1100']), StandardScaler()]
  warnings.warn(
/bsuscratch/alexanderemert/miniforge3/envs/starform-alex/lib/python3.14/site-packages/skopt/optimizer/optimizer.py:517: UserWarning: The objective has been evaluated at point [SimpleImputer(strategy='median'), np.int64(23), None, np.int64(20), np.int64(20), RatioGenerator(cols=['F8', 'F12', 'F24', 'F70', 'F160', 'F250', 'F350', 'F500',
                     'F870', 'F1100']), np.str_('passthrough')] before, using random point [KNNImputer(), np.int64(29), None, np.int64(9), np.int64(17), 'passthrough', RobustScaler()]
  warnings.warn(
/bsuscratch/alexanderemert/miniforge3/envs/starform-alex/lib/python3.14/site-packages/skopt/optimizer/optimizer.py:517: UserWarning: The objective has been evaluated at point [SimpleImputer(strategy='median'), np.int64(23), None, np.int64(20), np.int64(20), RatioGenerator(cols=['F8', 'F12', 'F24', 'F70', 'F160', 'F250', 'F350', 'F500',
                     'F870', 'F1100']), RobustScaler()] before, using random point [SimpleImputer(), np.int64(14), None, np.int64(1), np.int64(12), LogRatioGenerator(cols=['F8', 'F12', 'F24', 'F70', 'F160', 'F250', 'F350',
                        'F500', 'F870', 'F1100']), 'passthrough']
  warnings.warn(
/bsuscratch/alexanderemert/miniforge3/envs/starform-alex/lib/python3.14/site-packages/skopt/optimizer/optimizer.py:517: UserWarning: The objective has been evaluated at point [SimpleImputer(), np.int64(20), None, np.int64(14), np.int64(2), RatioGenerator(cols=['F8', 'F12', 'F24', 'F70', 'F160', 'F250', 'F350', 'F500',
                     'F870', 'F1100']), RobustScaler()] before, using random point [SimpleImputer(), np.int64(6), None, np.int64(5), np.int64(11), RatioGenerator(cols=['F8', 'F12', 'F24', 'F70', 'F160', 'F250', 'F350', 'F500',
                     'F870', 'F1100']), RobustScaler()]
  warnings.warn(
/bsuscratch/alexanderemert/miniforge3/envs/starform-alex/lib/python3.14/site-packages/skopt/optimizer/optimizer.py:517: UserWarning: The objective has been evaluated at point [SimpleImputer(), np.int64(30), None, np.int64(14), np.int64(2), RatioGenerator(cols=['F8', 'F12', 'F24', 'F70', 'F160', 'F250', 'F350', 'F500',
                     'F870', 'F1100']), RobustScaler()] before, using random point [SimpleImputer(strategy='median'), np.int64(6), 'sqrt', np.int64(10), np.int64(2), RatioGenerator(cols=['F8', 'F12', 'F24', 'F70', 'F160', 'F250', 'F350', 'F500',
                     'F870', 'F1100']), 'passthrough']
  warnings.warn(
/bsuscratch/alexanderemert/miniforge3/envs/starform-alex/lib/python3.14/site-packages/skopt/optimizer/optimizer.py:517: UserWarning: The objective has been evaluated at point [SimpleImputer(), np.int64(30), None, np.int64(14), np.int64(2), RatioGenerator(cols=['F8', 'F12', 'F24', 'F70', 'F160', 'F250', 'F350', 'F500',
                     'F870', 'F1100']), RobustScaler()] before, using random point [KNNImputer(), np.int64(25), 'sqrt', np.int64(4), np.int64(17), LogRatioGenerator(cols=['F8', 'F12', 'F24', 'F70', 'F160', 'F250', 'F350',
                        'F500', 'F870', 'F1100']), 'passthrough']
  warnings.warn(
/bsuscratch/alexanderemert/miniforge3/envs/starform-alex/lib/python3.14/site-packages/skopt/optimizer/optimizer.py:517: UserWarning: The objective has been evaluated at point [SimpleImputer(strategy='median'), np.int64(24), None, np.int64(20), np.int64(20), RatioGenerator(cols=['F8', 'F12', 'F24', 'F70', 'F160', 'F250', 'F350', 'F500',
                     'F870', 'F1100']), RobustScaler()] before, using random point [KNNImputer(), np.int64(27), 'log2', np.int64(14), np.int64(8), RatioGenerator(cols=['F8', 'F12', 'F24', 'F70', 'F160', 'F250', 'F350', 'F500',
                     'F870', 'F1100']), StandardScaler()]
  warnings.warn(
/bsuscratch/alexanderemert/miniforge3/envs/starform-alex/lib/python3.14/site-packages/skopt/optimizer/optimizer.py:517: UserWarning: The objective has been evaluated at point [SimpleImputer(strategy='median'), np.int64(24), None, np.int64(20), np.int64(20), RatioGenerator(cols=['F8', 'F12', 'F24', 'F70', 'F160', 'F250', 'F350', 'F500',
                     'F870', 'F1100']), RobustScaler()] before, using random point [SimpleImputer(), np.int64(26), 'log2', np.int64(15), np.int64(9), RatioGenerator(cols=['F8', 'F12', 'F24', 'F70', 'F160', 'F250', 'F350', 'F500',
                     'F870', 'F1100']), 'passthrough']
  warnings.warn(
/bsuscratch/alexanderemert/miniforge3/envs/starform-alex/lib/python3.14/site-packages/skopt/optimizer/optimizer.py:517: UserWarning: The objective has been evaluated at point [SimpleImputer(), np.int64(30), None, np.int64(14), np.int64(2), RatioGenerator(cols=['F8', 'F12', 'F24', 'F70', 'F160', 'F250', 'F350', 'F500',
                     'F870', 'F1100']), RobustScaler()] before, using random point [SimpleImputer(strategy='median'), np.int64(8), 'log2', np.int64(16), np.int64(9), RatioGenerator(cols=['F8', 'F12', 'F24', 'F70', 'F160', 'F250', 'F350', 'F500',
                     'F870', 'F1100']), 'passthrough']
  warnings.warn(
/bsuscratch/alexanderemert/miniforge3/envs/starform-alex/lib/python3.14/site-packages/skopt/optimizer/optimizer.py:517: UserWarning: The objective has been evaluated at point [SimpleImputer(), np.int64(30), None, np.int64(14), np.int64(2), RatioGenerator(cols=['F8', 'F12', 'F24', 'F70', 'F160', 'F250', 'F350', 'F500',
                     'F870', 'F1100']), RobustScaler()] before, using random point [SimpleImputer(), np.int64(28), 'sqrt', np.int64(20), np.int64(11), LogRatioGenerator(cols=['F8', 'F12', 'F24', 'F70', 'F160', 'F250', 'F350',
                        'F500', 'F870', 'F1100']), 'passthrough']
  warnings.warn(
/bsuscratch/alexanderemert/miniforge3/envs/starform-alex/lib/python3.14/site-packages/skopt/optimizer/optimizer.py:517: UserWarning: The objective has been evaluated at point [SimpleImputer(strategy='median'), np.int64(24), None, np.int64(20), np.int64(20), RatioGenerator(cols=['F8', 'F12', 'F24', 'F70', 'F160', 'F250', 'F350', 'F500',
                     'F870', 'F1100']), RobustScaler()] before, using random point [SimpleImputer(), np.int64(5), 'sqrt', np.int64(7), np.int64(7), 'passthrough', StandardScaler()]
  warnings.warn(
/bsuscratch/alexanderemert/miniforge3/envs/starform-alex/lib/python3.14/site-packages/skopt/optimizer/optimizer.py:517: UserWarning: The objective has been evaluated at point [SimpleImputer(strategy='median'), np.int64(24), None, np.int64(20), np.int64(20), RatioGenerator(cols=['F8', 'F12', 'F24', 'F70', 'F160', 'F250', 'F350', 'F500',
                     'F870', 'F1100']), RobustScaler()] before, using random point [SimpleImputer(), np.int64(16), 'sqrt', np.int64(4), np.int64(18), LogRatioGenerator(cols=['F8', 'F12', 'F24', 'F70', 'F160', 'F250', 'F350',
                        'F500', 'F870', 'F1100']), RobustScaler()]
  warnings.warn(
/bsuscratch/alexanderemert/miniforge3/envs/starform-alex/lib/python3.14/site-packages/skopt/optimizer/optimizer.py:517: UserWarning: The objective has been evaluated at point [SimpleImputer(strategy='median'), np.int64(24), None, np.int64(20), np.int64(20), RatioGenerator(cols=['F8', 'F12', 'F24', 'F70', 'F160', 'F250', 'F350', 'F500',
                     'F870', 'F1100']), RobustScaler()] before, using random point [SimpleImputer(), np.int64(7), 'sqrt', np.int64(6), np.int64(10), LogRatioGenerator(cols=['F8', 'F12', 'F24', 'F70', 'F160', 'F250', 'F350',
                        'F500', 'F870', 'F1100']), RobustScaler()]
  warnings.warn(
/bsuscratch/alexanderemert/miniforge3/envs/starform-alex/lib/python3.14/site-packages/skopt/optimizer/optimizer.py:517: UserWarning: The objective has been evaluated at point [SimpleImputer(strategy='median'), np.int64(24), None, np.int64(20), np.int64(20), RatioGenerator(cols=['F8', 'F12', 'F24', 'F70', 'F160', 'F250', 'F350', 'F500',
                     'F870', 'F1100']), RobustScaler()] before, using random point [SimpleImputer(strategy='median'), np.int64(5), None, np.int64(10), np.int64(10), LogRatioGenerator(cols=['F8', 'F12', 'F24', 'F70', 'F160', 'F250', 'F350',
                        'F500', 'F870', 'F1100']), 'passthrough']
  warnings.warn(
/bsuscratch/alexanderemert/miniforge3/envs/starform-alex/lib/python3.14/site-packages/skopt/optimizer/optimizer.py:517: UserWarning: The objective has been evaluated at point [SimpleImputer(), np.int64(30), None, np.int64(14), np.int64(2), RatioGenerator(cols=['F8', 'F12', 'F24', 'F70', 'F160', 'F250', 'F350', 'F500',
                     'F870', 'F1100']), RobustScaler()] before, using random point [SimpleImputer(), np.int64(25), 'log2', np.int64(3), np.int64(12), RatioGenerator(cols=['F8', 'F12', 'F24', 'F70', 'F160', 'F250', 'F350', 'F500',
                     'F870', 'F1100']), RobustScaler()]
  warnings.warn(
/bsuscratch/alexanderemert/miniforge3/envs/starform-alex/lib/python3.14/site-packages/skopt/optimizer/optimizer.py:517: UserWarning: The objective has been evaluated at point [SimpleImputer(), np.int64(23), None, np.int64(9), np.int64(9), RatioGenerator(cols=['F8', 'F12', 'F24', 'F70', 'F160', 'F250', 'F350', 'F500',
                     'F870', 'F1100']), RobustScaler()] before, using random point [SimpleImputer(strategy='median'), np.int64(11), 'log2', np.int64(13), np.int64(10), 'passthrough', 'passthrough']
  warnings.warn(
/bsuscratch/alexanderemert/miniforge3/envs/starform-alex/lib/python3.14/site-packages/skopt/optimizer/optimizer.py:517: UserWarning: The objective has been evaluated at point [SimpleImputer(), np.int64(23), None, np.int64(9), np.int64(9), RatioGenerator(cols=['F8', 'F12', 'F24', 'F70', 'F160', 'F250', 'F350', 'F500',
                     'F870', 'F1100']), RobustScaler()] before, using random point [KNNImputer(), np.int64(21), None, np.int64(14), np.int64(2), 'passthrough', RobustScaler()]
  warnings.warn(
/bsuscratch/alexanderemert/miniforge3/envs/starform-alex/lib/python3.14/site-packages/skopt/optimizer/optimizer.py:517: UserWarning: The objective has been evaluated at point [SimpleImputer(), np.int64(23), None, np.int64(9), np.int64(9), RatioGenerator(cols=['F8', 'F12', 'F24', 'F70', 'F160', 'F250', 'F350', 'F500',
                     'F870', 'F1100']), RobustScaler()] before, using random point [SimpleImputer(), np.int64(14), None, np.int64(1), np.int64(20), 'passthrough', StandardScaler()]
  warnings.warn(
/bsuscratch/alexanderemert/miniforge3/envs/starform-alex/lib/python3.14/site-packages/skopt/optimizer/optimizer.py:517: UserWarning: The objective has been evaluated at point [SimpleImputer(), np.int64(23), None, np.int64(9), np.int64(9), RatioGenerator(cols=['F8', 'F12', 'F24', 'F70', 'F160', 'F250', 'F350', 'F500',
                     'F870', 'F1100']), RobustScaler()] before, using random point [KNNImputer(), np.int64(8), None, np.int64(5), np.int64(16), RatioGenerator(cols=['F8', 'F12', 'F24', 'F70', 'F160', 'F250', 'F350', 'F500',
                     'F870', 'F1100']), StandardScaler()]
  warnings.warn(
/bsuscratch/alexanderemert/miniforge3/envs/starform-alex/lib/python3.14/site-packages/skopt/optimizer/optimizer.py:517: UserWarning: The objective has been evaluated at point [SimpleImputer(), np.int64(23), None, np.int64(9), np.int64(9), RatioGenerator(cols=['F8', 'F12', 'F24', 'F70', 'F160', 'F250', 'F350', 'F500',
                     'F870', 'F1100']), StandardScaler()] before, using random point [SimpleImputer(), np.int64(10), None, np.int64(4), np.int64(16), LogRatioGenerator(cols=['F8', 'F12', 'F24', 'F70', 'F160', 'F250', 'F350',
                        'F500', 'F870', 'F1100']), RobustScaler()]
  warnings.warn(
/bsuscratch/alexanderemert/miniforge3/envs/starform-alex/lib/python3.14/site-packages/skopt/optimizer/optimizer.py:517: UserWarning: The objective has been evaluated at point [SimpleImputer(), np.int64(23), None, np.int64(9), np.int64(9), RatioGenerator(cols=['F8', 'F12', 'F24', 'F70', 'F160', 'F250', 'F350', 'F500',
                     'F870', 'F1100']), RobustScaler()] before, using random point [KNNImputer(), np.int64(20), None, np.int64(4), np.int64(3), 'passthrough', RobustScaler()]
  warnings.warn(
/bsuscratch/alexanderemert/miniforge3/envs/starform-alex/lib/python3.14/site-packages/skopt/optimizer/optimizer.py:517: UserWarning: The objective has been evaluated at point [SimpleImputer(), np.int64(28), None, np.int64(8), np.int64(5), RatioGenerator(cols=['F8', 'F12', 'F24', 'F70', 'F160', 'F250', 'F350', 'F500',
                     'F870', 'F1100']), RobustScaler()] before, using random point [SimpleImputer(), np.int64(8), 'log2', np.int64(15), np.int64(20), RatioGenerator(cols=['F8', 'F12', 'F24', 'F70', 'F160', 'F250', 'F350', 'F500',
                     'F870', 'F1100']), StandardScaler()]
  warnings.warn(
/bsuscratch/alexanderemert/miniforge3/envs/starform-alex/lib/python3.14/site-packages/skopt/optimizer/optimizer.py:517: UserWarning: The objective has been evaluated at point [SimpleImputer(), np.int64(28), None, np.int64(8), np.int64(5), RatioGenerator(cols=['F8', 'F12', 'F24', 'F70', 'F160', 'F250', 'F350', 'F500',
                     'F870', 'F1100']), RobustScaler()] before, using random point [SimpleImputer(), np.int64(30), 'sqrt', np.int64(13), np.int64(2), RatioGenerator(cols=['F8', 'F12', 'F24', 'F70', 'F160', 'F250', 'F350', 'F500',
                     'F870', 'F1100']), StandardScaler()]
  warnings.warn(
/bsuscratch/alexanderemert/miniforge3/envs/starform-alex/lib/python3.14/site-packages/skopt/optimizer/optimizer.py:517: UserWarning: The objective has been evaluated at point [SimpleImputer(), np.int64(28), None, np.int64(8), np.int64(5), RatioGenerator(cols=['F8', 'F12', 'F24', 'F70', 'F160', 'F250', 'F350', 'F500',
                     'F870', 'F1100']), RobustScaler()] before, using random point [KNNImputer(), np.int64(20), 'sqrt', np.int64(12), np.int64(14), RatioGenerator(cols=['F8', 'F12', 'F24', 'F70', 'F160', 'F250', 'F350', 'F500',
                     'F870', 'F1100']), 'passthrough']
  warnings.warn(
/bsuscratch/alexanderemert/miniforge3/envs/starform-alex/lib/python3.14/site-packages/skopt/optimizer/optimizer.py:517: UserWarning: The objective has been evaluated at point [SimpleImputer(), np.int64(28), None, np.int64(8), np.int64(5), RatioGenerator(cols=['F8', 'F12', 'F24', 'F70', 'F160', 'F250', 'F350', 'F500',
                     'F870', 'F1100']), RobustScaler()] before, using random point [KNNImputer(), np.int64(22), None, np.int64(20), np.int64(18), 'passthrough', 'passthrough']
  warnings.warn(
/bsuscratch/alexanderemert/miniforge3/envs/starform-alex/lib/python3.14/site-packages/skopt/optimizer/optimizer.py:517: UserWarning: The objective has been evaluated at point [SimpleImputer(), np.int64(28), None, np.int64(8), np.int64(5), RatioGenerator(cols=['F8', 'F12', 'F24', 'F70', 'F160', 'F250', 'F350', 'F500',
                     'F870', 'F1100']), RobustScaler()] before, using random point [SimpleImputer(), np.int64(20), 'sqrt', np.int64(5), np.int64(17), RatioGenerator(cols=['F8', 'F12', 'F24', 'F70', 'F160', 'F250', 'F350', 'F500',
                     'F870', 'F1100']), RobustScaler()]
  warnings.warn(
/bsuscratch/alexanderemert/miniforge3/envs/starform-alex/lib/python3.14/site-packages/skopt/optimizer/optimizer.py:517: UserWarning: The objective has been evaluated at point [SimpleImputer(), np.int64(30), None, np.int64(6), np.int64(20), RatioGenerator(cols=['F8', 'F12', 'F24', 'F70', 'F160', 'F250', 'F350', 'F500',
                     'F870', 'F1100']), StandardScaler()] before, using random point [SimpleImputer(strategy='median'), np.int64(7), 'sqrt', np.int64(8), np.int64(9), RatioGenerator(cols=['F8', 'F12', 'F24', 'F70', 'F160', 'F250', 'F350', 'F500',
                     'F870', 'F1100']), 'passthrough']
  warnings.warn(
/bsuscratch/alexanderemert/miniforge3/envs/starform-alex/lib/python3.14/site-packages/skopt/optimizer/optimizer.py:517: UserWarning: The objective has been evaluated at point [SimpleImputer(strategy='median'), np.int64(29), None, np.int64(5), np.int64(20), LogRatioGenerator(cols=['F8', 'F12', 'F24', 'F70', 'F160', 'F250', 'F350',
                        'F500', 'F870', 'F1100']), StandardScaler()] before, using random point [KNNImputer(), np.int64(27), None, np.int64(14), np.int64(19), RatioGenerator(cols=['F8', 'F12', 'F24', 'F70', 'F160', 'F250', 'F350', 'F500',
                     'F870', 'F1100']), StandardScaler()]
  warnings.warn(
/bsuscratch/alexanderemert/miniforge3/envs/starform-alex/lib/python3.14/site-packages/skopt/optimizer/optimizer.py:517: UserWarning: The objective has been evaluated at point [SimpleImputer(strategy='median'), np.int64(29), None, np.int64(5), np.int64(20), LogRatioGenerator(cols=['F8', 'F12', 'F24', 'F70', 'F160', 'F250', 'F350',
                        'F500', 'F870', 'F1100']), StandardScaler()] before, using random point [SimpleImputer(strategy='median'), np.int64(16), 'sqrt', np.int64(2), np.int64(10), RatioGenerator(cols=['F8', 'F12', 'F24', 'F70', 'F160', 'F250', 'F350', 'F500',
                     'F870', 'F1100']), 'passthrough']
  warnings.warn(
/bsuscratch/alexanderemert/miniforge3/envs/starform-alex/lib/python3.14/site-packages/skopt/optimizer/optimizer.py:517: UserWarning: The objective has been evaluated at point [SimpleImputer(strategy='median'), np.int64(29), None, np.int64(5), np.int64(20), LogRatioGenerator(cols=['F8', 'F12', 'F24', 'F70', 'F160', 'F250', 'F350',
                        'F500', 'F870', 'F1100']), StandardScaler()] before, using random point [KNNImputer(), np.int64(27), 'log2', np.int64(15), np.int64(14), RatioGenerator(cols=['F8', 'F12', 'F24', 'F70', 'F160', 'F250', 'F350', 'F500',
                     'F870', 'F1100']), 'passthrough']
  warnings.warn(
/bsuscratch/alexanderemert/miniforge3/envs/starform-alex/lib/python3.14/site-packages/skopt/optimizer/optimizer.py:517: UserWarning: The objective has been evaluated at point [SimpleImputer(strategy='median'), np.int64(29), None, np.int64(5), np.int64(20), LogRatioGenerator(cols=['F8', 'F12', 'F24', 'F70', 'F160', 'F250', 'F350',
                        'F500', 'F870', 'F1100']), StandardScaler()] before, using random point [KNNImputer(), np.int64(17), 'sqrt', np.int64(18), np.int64(6), LogRatioGenerator(cols=['F8', 'F12', 'F24', 'F70', 'F160', 'F250', 'F350',
                        'F500', 'F870', 'F1100']), 'passthrough']
  warnings.warn(
/bsuscratch/alexanderemert/miniforge3/envs/starform-alex/lib/python3.14/site-packages/skopt/optimizer/optimizer.py:517: UserWarning: The objective has been evaluated at point [SimpleImputer(), np.int64(30), None, np.int64(6), np.int64(6), LogRatioGenerator(cols=['F8', 'F12', 'F24', 'F70', 'F160', 'F250', 'F350',
                        'F500', 'F870', 'F1100']), StandardScaler()] before, using random point [KNNImputer(), np.int64(20), 'sqrt', np.int64(3), np.int64(2), RatioGenerator(cols=['F8', 'F12', 'F24', 'F70', 'F160', 'F250', 'F350', 'F500',
                     'F870', 'F1100']), StandardScaler()]
  warnings.warn(
/bsuscratch/alexanderemert/miniforge3/envs/starform-alex/lib/python3.14/site-packages/skopt/optimizer/optimizer.py:517: UserWarning: The objective has been evaluated at point [SimpleImputer(strategy='median'), np.int64(30), None, np.int64(20), np.int64(2), RatioGenerator(cols=['F8', 'F12', 'F24', 'F70', 'F160', 'F250', 'F350', 'F500',
                     'F870', 'F1100']), StandardScaler()] before, using random point [KNNImputer(), np.int64(26), 'sqrt', np.int64(15), np.int64(18), 'passthrough', 'passthrough']
  warnings.warn(
/bsuscratch/alexanderemert/miniforge3/envs/starform-alex/lib/python3.14/site-packages/skopt/optimizer/optimizer.py:517: UserWarning: The objective has been evaluated at point [SimpleImputer(strategy='median'), np.int64(30), None, np.int64(20), np.int64(2), RatioGenerator(cols=['F8', 'F12', 'F24', 'F70', 'F160', 'F250', 'F350', 'F500',
                     'F870', 'F1100']), StandardScaler()] before, using random point [KNNImputer(), np.int64(29), 'sqrt', np.int64(5), np.int64(6), LogRatioGenerator(cols=['F8', 'F12', 'F24', 'F70', 'F160', 'F250', 'F350',
                        'F500', 'F870', 'F1100']), RobustScaler()]
  warnings.warn(
/bsuscratch/alexanderemert/miniforge3/envs/starform-alex/lib/python3.14/site-packages/skopt/optimizer/optimizer.py:517: UserWarning: The objective has been evaluated at point [SimpleImputer(), np.int64(30), None, np.int64(6), np.int64(2), LogRatioGenerator(cols=['F8', 'F12', 'F24', 'F70', 'F160', 'F250', 'F350',
                        'F500', 'F870', 'F1100']), StandardScaler()] before, using random point [SimpleImputer(), np.int64(29), 'log2', np.int64(11), np.int64(5), LogRatioGenerator(cols=['F8', 'F12', 'F24', 'F70', 'F160', 'F250', 'F350',
                        'F500', 'F870', 'F1100']), StandardScaler()]
  warnings.warn(
/bsuscratch/alexanderemert/miniforge3/envs/starform-alex/lib/python3.14/site-packages/skopt/optimizer/optimizer.py:517: UserWarning: The objective has been evaluated at point [SimpleImputer(), np.int64(30), None, np.int64(6), np.int64(2), LogRatioGenerator(cols=['F8', 'F12', 'F24', 'F70', 'F160', 'F250', 'F350',
                        'F500', 'F870', 'F1100']), StandardScaler()] before, using random point [SimpleImputer(strategy='median'), np.int64(8), None, np.int64(17), np.int64(6), RatioGenerator(cols=['F8', 'F12', 'F24', 'F70', 'F160', 'F250', 'F350', 'F500',
                     'F870', 'F1100']), StandardScaler()]
  warnings.warn(
/bsuscratch/alexanderemert/miniforge3/envs/starform-alex/lib/python3.14/site-packages/skopt/optimizer/optimizer.py:517: UserWarning: The objective has been evaluated at point [SimpleImputer(), np.int64(30), None, np.int64(4), np.int64(20), LogRatioGenerator(cols=['F8', 'F12', 'F24', 'F70', 'F160', 'F250', 'F350',
                        'F500', 'F870', 'F1100']), StandardScaler()] before, using random point [KNNImputer(), np.int64(9), 'sqrt', np.int64(18), np.int64(2), 'passthrough', 'passthrough']
  warnings.warn(
/bsuscratch/alexanderemert/miniforge3/envs/starform-alex/lib/python3.14/site-packages/skopt/optimizer/optimizer.py:517: UserWarning: The objective has been evaluated at point [SimpleImputer(), np.int64(30), None, np.int64(4), np.int64(20), LogRatioGenerator(cols=['F8', 'F12', 'F24', 'F70', 'F160', 'F250', 'F350',
                        'F500', 'F870', 'F1100']), StandardScaler()] before, using random point [KNNImputer(), np.int64(6), 'sqrt', np.int64(13), np.int64(7), 'passthrough', StandardScaler()]
  warnings.warn(
