/bsuscratch/alexanderemert/miniforge3/envs/starform-alex/lib/python3.14/site-packages/skopt/optimizer/optimizer.py:517: UserWarning: The objective has been evaluated at point [SimpleImputer(), np.int64(30), np.str_('log2'), np.int64(5), np.int64(6), np.str_('passthrough'), StandardScaler()] before, using random point [SimpleImputer(strategy='median'), np.int64(29), None, np.int64(11), np.int64(5), 'passthrough', RobustScaler()]
  warnings.warn(
/bsuscratch/alexanderemert/miniforge3/envs/starform-alex/lib/python3.14/site-packages/skopt/optimizer/optimizer.py:517: UserWarning: The objective has been evaluated at point [SimpleImputer(), np.int64(30), np.str_('log2'), np.int64(5), np.int64(6), np.str_('passthrough'), np.str_('passthrough')] before, using random point [SimpleImputer(strategy='median'), np.int64(5), 'sqrt', np.int64(14), np.int64(20), LogRatioGenerator(cols=['F8', 'F12', 'F24', 'F70', 'F160', 'F250', 'F350',
                        'F500', 'F870', 'F1100']), 'passthrough']
  warnings.warn(
/bsuscratch/alexanderemert/miniforge3/envs/starform-alex/lib/python3.14/site-packages/skopt/optimizer/optimizer.py:517: UserWarning: The objective has been evaluated at point [SimpleImputer(strategy='median'), np.int64(27), None, np.int64(5), np.int64(7), np.str_('passthrough'), np.str_('passthrough')] before, using random point [SimpleImputer(strategy='median'), np.int64(14), 'log2', np.int64(8), np.int64(9), 'passthrough', 'passthrough']
  warnings.warn(
/bsuscratch/alexanderemert/miniforge3/envs/starform-alex/lib/python3.14/site-packages/skopt/optimizer/optimizer.py:517: UserWarning: The objective has been evaluated at point [SimpleImputer(), np.int64(27), None, np.int64(5), np.int64(7), np.str_('passthrough'), StandardScaler()] before, using random point [KNNImputer(), np.int64(27), 'log2', np.int64(19), np.int64(15), LogRatioGenerator(cols=['F8', 'F12', 'F24', 'F70', 'F160', 'F250', 'F350',
                        'F500', 'F870', 'F1100']), 'passthrough']
  warnings.warn(
/bsuscratch/alexanderemert/miniforge3/envs/starform-alex/lib/python3.14/site-packages/skopt/optimizer/optimizer.py:517: UserWarning: The objective has been evaluated at point [SimpleImputer(), np.int64(27), None, np.int64(5), np.int64(7), np.str_('passthrough'), np.str_('passthrough')] before, using random point [SimpleImputer(), np.int64(9), 'sqrt', np.int64(18), np.int64(7), LogRatioGenerator(cols=['F8', 'F12', 'F24', 'F70', 'F160', 'F250', 'F350',
                        'F500', 'F870', 'F1100']), 'passthrough']
  warnings.warn(
/bsuscratch/alexanderemert/miniforge3/envs/starform-alex/lib/python3.14/site-packages/skopt/optimizer/optimizer.py:517: UserWarning: The objective has been evaluated at point [SimpleImputer(), np.int64(27), None, np.int64(5), np.int64(7), np.str_('passthrough'), StandardScaler()] before, using random point [SimpleImputer(strategy='median'), np.int64(7), 'log2', np.int64(14), np.int64(11), LogRatioGenerator(cols=['F8', 'F12', 'F24', 'F70', 'F160', 'F250', 'F350',
                        'F500', 'F870', 'F1100']), RobustScaler()]
  warnings.warn(
/bsuscratch/alexanderemert/miniforge3/envs/starform-alex/lib/python3.14/site-packages/skopt/optimizer/optimizer.py:517: UserWarning: The objective has been evaluated at point [SimpleImputer(), np.int64(27), None, np.int64(5), np.int64(9), np.str_('passthrough'), np.str_('passthrough')] before, using random point [KNNImputer(), np.int64(11), 'sqrt', np.int64(7), np.int64(11), LogRatioGenerator(cols=['F8', 'F12', 'F24', 'F70', 'F160', 'F250', 'F350',
                        'F500', 'F870', 'F1100']), 'passthrough']
  warnings.warn(
/bsuscratch/alexanderemert/miniforge3/envs/starform-alex/lib/python3.14/site-packages/skopt/optimizer/optimizer.py:517: UserWarning: The objective has been evaluated at point [SimpleImputer(strategy='median'), np.int64(29), None, np.int64(5), np.int64(12), np.str_('passthrough'), RobustScaler()] before, using random point [KNNImputer(), np.int64(9), 'log2', np.int64(9), np.int64(17), RatioGenerator(cols=['F8', 'F12', 'F24', 'F70', 'F160', 'F250', 'F350', 'F500',
                     'F870', 'F1100']), StandardScaler()]
  warnings.warn(
/bsuscratch/alexanderemert/miniforge3/envs/starform-alex/lib/python3.14/site-packages/skopt/optimizer/optimizer.py:517: UserWarning: The objective has been evaluated at point [SimpleImputer(strategy='median'), np.int64(29), None, np.int64(5), np.int64(12), np.str_('passthrough'), StandardScaler()] before, using random point [SimpleImputer(strategy='median'), np.int64(24), 'sqrt', np.int64(12), np.int64(13), 'passthrough', StandardScaler()]
  warnings.warn(
/bsuscratch/alexanderemert/miniforge3/envs/starform-alex/lib/python3.14/site-packages/skopt/optimizer/optimizer.py:517: UserWarning: The objective has been evaluated at point [SimpleImputer(strategy='median'), np.int64(29), None, np.int64(5), np.int64(12), np.str_('passthrough'), StandardScaler()] before, using random point [KNNImputer(), np.int64(29), 'log2', np.int64(14), np.int64(12), LogRatioGenerator(cols=['F8', 'F12', 'F24', 'F70', 'F160', 'F250', 'F350',
                        'F500', 'F870', 'F1100']), 'passthrough']
  warnings.warn(
/bsuscratch/alexanderemert/miniforge3/envs/starform-alex/lib/python3.14/site-packages/skopt/optimizer/optimizer.py:517: UserWarning: The objective has been evaluated at point [SimpleImputer(strategy='median'), np.int64(29), None, np.int64(5), np.int64(12), np.str_('passthrough'), np.str_('passthrough')] before, using random point [KNNImputer(), np.int64(17), 'log2', np.int64(9), np.int64(10), 'passthrough', StandardScaler()]
  warnings.warn(
/bsuscratch/alexanderemert/miniforge3/envs/starform-alex/lib/python3.14/site-packages/skopt/optimizer/optimizer.py:517: UserWarning: The objective has been evaluated at point [SimpleImputer(strategy='median'), np.int64(29), None, np.int64(5), np.int64(12), np.str_('passthrough'), StandardScaler()] before, using random point [KNNImputer(), np.int64(19), 'log2', np.int64(12), np.int64(18), 'passthrough', 'passthrough']
  warnings.warn(
/bsuscratch/alexanderemert/miniforge3/envs/starform-alex/lib/python3.14/site-packages/skopt/optimizer/optimizer.py:517: UserWarning: The objective has been evaluated at point [SimpleImputer(strategy='median'), np.int64(29), None, np.int64(5), np.int64(12), np.str_('passthrough'), np.str_('passthrough')] before, using random point [SimpleImputer(strategy='median'), np.int64(21), None, np.int64(7), np.int64(14), 'passthrough', StandardScaler()]
  warnings.warn(
/bsuscratch/alexanderemert/miniforge3/envs/starform-alex/lib/python3.14/site-packages/skopt/optimizer/optimizer.py:517: UserWarning: The objective has been evaluated at point [SimpleImputer(strategy='median'), np.int64(29), None, np.int64(5), np.int64(12), np.str_('passthrough'), StandardScaler()] before, using random point [KNNImputer(), np.int64(3), 'sqrt', np.int64(18), np.int64(3), 'passthrough', 'passthrough']
  warnings.warn(
/bsuscratch/alexanderemert/miniforge3/envs/starform-alex/lib/python3.14/site-packages/skopt/optimizer/optimizer.py:517: UserWarning: The objective has been evaluated at point [SimpleImputer(), np.int64(29), None, np.int64(5), np.int64(12), np.str_('passthrough'), StandardScaler()] before, using random point [SimpleImputer(), np.int64(14), 'sqrt', np.int64(16), np.int64(20), RatioGenerator(cols=['F8', 'F12', 'F24', 'F70', 'F160', 'F250', 'F350', 'F500',
                     'F870', 'F1100']), 'passthrough']
  warnings.warn(
/bsuscratch/alexanderemert/miniforge3/envs/starform-alex/lib/python3.14/site-packages/skopt/optimizer/optimizer.py:517: UserWarning: The objective has been evaluated at point [SimpleImputer(strategy='median'), np.int64(29), None, np.int64(5), np.int64(12), np.str_('passthrough'), StandardScaler()] before, using random point [SimpleImputer(strategy='median'), np.int64(26), 'log2', np.int64(15), np.int64(14), LogRatioGenerator(cols=['F8', 'F12', 'F24', 'F70', 'F160', 'F250', 'F350',
                        'F500', 'F870', 'F1100']), StandardScaler()]
  warnings.warn(
/bsuscratch/alexanderemert/miniforge3/envs/starform-alex/lib/python3.14/site-packages/skopt/optimizer/optimizer.py:517: UserWarning: The objective has been evaluated at point [SimpleImputer(strategy='median'), np.int64(29), None, np.int64(5), np.int64(12), np.str_('passthrough'), StandardScaler()] before, using random point [SimpleImputer(), np.int64(22), 'sqrt', np.int64(15), np.int64(3), RatioGenerator(cols=['F8', 'F12', 'F24', 'F70', 'F160', 'F250', 'F350', 'F500',
                     'F870', 'F1100']), RobustScaler()]
  warnings.warn(
/bsuscratch/alexanderemert/miniforge3/envs/starform-alex/lib/python3.14/site-packages/skopt/optimizer/optimizer.py:517: UserWarning: The objective has been evaluated at point [SimpleImputer(strategy='median'), np.int64(29), None, np.int64(5), np.int64(12), np.str_('passthrough'), StandardScaler()] before, using random point [KNNImputer(), np.int64(17), None, np.int64(11), np.int64(10), LogRatioGenerator(cols=['F8', 'F12', 'F24', 'F70', 'F160', 'F250', 'F350',
                        'F500', 'F870', 'F1100']), RobustScaler()]
  warnings.warn(
/bsuscratch/alexanderemert/miniforge3/envs/starform-alex/lib/python3.14/site-packages/skopt/optimizer/optimizer.py:517: UserWarning: The objective has been evaluated at point [SimpleImputer(strategy='median'), np.int64(29), None, np.int64(5), np.int64(12), np.str_('passthrough'), np.str_('passthrough')] before, using random point [KNNImputer(), np.int64(30), 'sqrt', np.int64(15), np.int64(18), RatioGenerator(cols=['F8', 'F12', 'F24', 'F70', 'F160', 'F250', 'F350', 'F500',
                     'F870', 'F1100']), RobustScaler()]
  warnings.warn(
/bsuscratch/alexanderemert/miniforge3/envs/starform-alex/lib/python3.14/site-packages/skopt/optimizer/optimizer.py:517: UserWarning: The objective has been evaluated at point [KNNImputer(), np.int64(30), None, np.int64(20), np.int64(2), np.str_('passthrough'), StandardScaler()] before, using random point [SimpleImputer(strategy='median'), np.int64(14), 'log2', np.int64(15), np.int64(9), RatioGenerator(cols=['F8', 'F12', 'F24', 'F70', 'F160', 'F250', 'F350', 'F500',
                     'F870', 'F1100']), RobustScaler()]
  warnings.warn(
/bsuscratch/alexanderemert/miniforge3/envs/starform-alex/lib/python3.14/site-packages/skopt/optimizer/optimizer.py:517: UserWarning: The objective has been evaluated at point [KNNImputer(), np.int64(30), None, np.int64(8), np.int64(20), LogRatioGenerator(cols=['F8', 'F12', 'F24', 'F70', 'F160', 'F250', 'F350',
                        'F500', 'F870', 'F1100']), np.str_('passthrough')] before, using random point [SimpleImputer(strategy='median'), np.int64(27), 'sqrt', np.int64(10), np.int64(3), LogRatioGenerator(cols=['F8', 'F12', 'F24', 'F70', 'F160', 'F250', 'F350',
                        'F500', 'F870', 'F1100']), 'passthrough']
  warnings.warn(
/bsuscratch/alexanderemert/miniforge3/envs/starform-alex/lib/python3.14/site-packages/skopt/optimizer/optimizer.py:517: UserWarning: The objective has been evaluated at point [KNNImputer(), np.int64(30), None, np.int64(8), np.int64(20), LogRatioGenerator(cols=['F8', 'F12', 'F24', 'F70', 'F160', 'F250', 'F350',
                        'F500', 'F870', 'F1100']), np.str_('passthrough')] before, using random point [SimpleImputer(strategy='median'), np.int64(20), None, np.int64(4), np.int64(15), 'passthrough', StandardScaler()]
  warnings.warn(
/bsuscratch/alexanderemert/miniforge3/envs/starform-alex/lib/python3.14/site-packages/skopt/optimizer/optimizer.py:517: UserWarning: The objective has been evaluated at point [SimpleImputer(strategy='median'), np.int64(19), None, np.int64(8), np.int64(20), LogRatioGenerator(cols=['F8', 'F12', 'F24', 'F70', 'F160', 'F250', 'F350',
                        'F500', 'F870', 'F1100']), RobustScaler()] before, using random point [KNNImputer(), np.int64(5), 'sqrt', np.int64(3), np.int64(3), LogRatioGenerator(cols=['F8', 'F12', 'F24', 'F70', 'F160', 'F250', 'F350',
                        'F500', 'F870', 'F1100']), 'passthrough']
  warnings.warn(
/bsuscratch/alexanderemert/miniforge3/envs/starform-alex/lib/python3.14/site-packages/skopt/optimizer/optimizer.py:517: UserWarning: The objective has been evaluated at point [SimpleImputer(strategy='median'), np.int64(19), None, np.int64(8), np.int64(20), LogRatioGenerator(cols=['F8', 'F12', 'F24', 'F70', 'F160', 'F250', 'F350',
                        'F500', 'F870', 'F1100']), RobustScaler()] before, using random point [SimpleImputer(), np.int64(14), 'log2', np.int64(15), np.int64(19), RatioGenerator(cols=['F8', 'F12', 'F24', 'F70', 'F160', 'F250', 'F350', 'F500',
                     'F870', 'F1100']), StandardScaler()]
  warnings.warn(
/bsuscratch/alexanderemert/miniforge3/envs/starform-alex/lib/python3.14/site-packages/skopt/optimizer/optimizer.py:517: UserWarning: The objective has been evaluated at point [KNNImputer(), np.int64(30), None, np.int64(10), np.int64(2), LogRatioGenerator(cols=['F8', 'F12', 'F24', 'F70', 'F160', 'F250', 'F350',
                        'F500', 'F870', 'F1100']), np.str_('passthrough')] before, using random point [KNNImputer(), np.int64(29), 'sqrt', np.int64(3), np.int64(18), LogRatioGenerator(cols=['F8', 'F12', 'F24', 'F70', 'F160', 'F250', 'F350',
                        'F500', 'F870', 'F1100']), 'passthrough']
  warnings.warn(
/bsuscratch/alexanderemert/miniforge3/envs/starform-alex/lib/python3.14/site-packages/skopt/optimizer/optimizer.py:517: UserWarning: The objective has been evaluated at point [KNNImputer(), np.int64(30), None, np.int64(11), np.int64(2), LogRatioGenerator(cols=['F8', 'F12', 'F24', 'F70', 'F160', 'F250', 'F350',
                        'F500', 'F870', 'F1100']), StandardScaler()] before, using random point [SimpleImputer(), np.int64(14), 'sqrt', np.int64(3), np.int64(15), RatioGenerator(cols=['F8', 'F12', 'F24', 'F70', 'F160', 'F250', 'F350', 'F500',
                     'F870', 'F1100']), 'passthrough']
  warnings.warn(
/bsuscratch/alexanderemert/miniforge3/envs/starform-alex/lib/python3.14/site-packages/skopt/optimizer/optimizer.py:517: UserWarning: The objective has been evaluated at point [KNNImputer(), np.int64(30), None, np.int64(8), np.int64(20), LogRatioGenerator(cols=['F8', 'F12', 'F24', 'F70', 'F160', 'F250', 'F350',
                        'F500', 'F870', 'F1100']), np.str_('passthrough')] before, using random point [SimpleImputer(strategy='median'), np.int64(5), 'log2', np.int64(3), np.int64(16), 'passthrough', StandardScaler()]
  warnings.warn(
/bsuscratch/alexanderemert/miniforge3/envs/starform-alex/lib/python3.14/site-packages/skopt/optimizer/optimizer.py:517: UserWarning: The objective has been evaluated at point [KNNImputer(), np.int64(19), None, np.int64(8), np.int64(20), LogRatioGenerator(cols=['F8', 'F12', 'F24', 'F70', 'F160', 'F250', 'F350',
                        'F500', 'F870', 'F1100']), RobustScaler()] before, using random point [SimpleImputer(strategy='median'), np.int64(30), 'log2', np.int64(6), np.int64(15), 'passthrough', 'passthrough']
  warnings.warn(
/bsuscratch/alexanderemert/miniforge3/envs/starform-alex/lib/python3.14/site-packages/skopt/optimizer/optimizer.py:517: UserWarning: The objective has been evaluated at point [KNNImputer(), np.int64(19), None, np.int64(8), np.int64(20), LogRatioGenerator(cols=['F8', 'F12', 'F24', 'F70', 'F160', 'F250', 'F350',
                        'F500', 'F870', 'F1100']), RobustScaler()] before, using random point [SimpleImputer(), np.int64(28), 'log2', np.int64(2), np.int64(5), 'passthrough', 'passthrough']
  warnings.warn(
/bsuscratch/alexanderemert/miniforge3/envs/starform-alex/lib/python3.14/site-packages/skopt/optimizer/optimizer.py:517: UserWarning: The objective has been evaluated at point [KNNImputer(), np.int64(19), None, np.int64(8), np.int64(20), LogRatioGenerator(cols=['F8', 'F12', 'F24', 'F70', 'F160', 'F250', 'F350',
                        'F500', 'F870', 'F1100']), RobustScaler()] before, using random point [SimpleImputer(strategy='median'), np.int64(14), 'sqrt', np.int64(10), np.int64(9), RatioGenerator(cols=['F8', 'F12', 'F24', 'F70', 'F160', 'F250', 'F350', 'F500',
                     'F870', 'F1100']), RobustScaler()]
  warnings.warn(
/bsuscratch/alexanderemert/miniforge3/envs/starform-alex/lib/python3.14/site-packages/skopt/optimizer/optimizer.py:517: UserWarning: The objective has been evaluated at point [KNNImputer(), np.int64(30), None, np.int64(9), np.int64(20), LogRatioGenerator(cols=['F8', 'F12', 'F24', 'F70', 'F160', 'F250', 'F350',
                        'F500', 'F870', 'F1100']), np.str_('passthrough')] before, using random point [KNNImputer(), np.int64(17), 'log2', np.int64(15), np.int64(17), RatioGenerator(cols=['F8', 'F12', 'F24', 'F70', 'F160', 'F250', 'F350', 'F500',
                     'F870', 'F1100']), StandardScaler()]
  warnings.warn(
/bsuscratch/alexanderemert/miniforge3/envs/starform-alex/lib/python3.14/site-packages/skopt/optimizer/optimizer.py:517: UserWarning: The objective has been evaluated at point [KNNImputer(), np.int64(30), None, np.int64(9), np.int64(20), LogRatioGenerator(cols=['F8', 'F12', 'F24', 'F70', 'F160', 'F250', 'F350',
                        'F500', 'F870', 'F1100']), np.str_('passthrough')] before, using random point [SimpleImputer(), np.int64(24), 'log2', np.int64(8), np.int64(7), LogRatioGenerator(cols=['F8', 'F12', 'F24', 'F70', 'F160', 'F250', 'F350',
                        'F500', 'F870', 'F1100']), RobustScaler()]
  warnings.warn(
/bsuscratch/alexanderemert/miniforge3/envs/starform-alex/lib/python3.14/site-packages/skopt/optimizer/optimizer.py:517: UserWarning: The objective has been evaluated at point [KNNImputer(), np.int64(30), None, np.int64(13), np.int64(2), LogRatioGenerator(cols=['F8', 'F12', 'F24', 'F70', 'F160', 'F250', 'F350',
                        'F500', 'F870', 'F1100']), StandardScaler()] before, using random point [KNNImputer(), np.int64(10), None, np.int64(9), np.int64(2), LogRatioGenerator(cols=['F8', 'F12', 'F24', 'F70', 'F160', 'F250', 'F350',
                        'F500', 'F870', 'F1100']), StandardScaler()]
  warnings.warn(
/bsuscratch/alexanderemert/miniforge3/envs/starform-alex/lib/python3.14/site-packages/skopt/optimizer/optimizer.py:517: UserWarning: The objective has been evaluated at point [KNNImputer(), np.int64(22), None, np.int64(7), np.int64(20), np.str_('passthrough'), np.str_('passthrough')] before, using random point [SimpleImputer(), np.int64(9), 'log2', np.int64(14), np.int64(7), 'passthrough', StandardScaler()]
  warnings.warn(
