/bsuhome/alexanderemert/miniforge3/envs/starform-alex/lib/python3.14/site-packages/skopt/optimizer/optimizer.py:517: UserWarning: The objective has been evaluated at point [KNNImputer(), np.int64(22), None, np.int64(1), np.int64(11), StandardScaler()] before, using random point [SimpleImputer(strategy='median'), np.int64(24), 'log2', np.int64(11), np.int64(17), RobustScaler()]
  warnings.warn(
/bsuhome/alexanderemert/miniforge3/envs/starform-alex/lib/python3.14/site-packages/skopt/optimizer/optimizer.py:517: UserWarning: The objective has been evaluated at point [KNNImputer(), np.int64(22), None, np.int64(1), np.int64(11), StandardScaler()] before, using random point [SimpleImputer(), np.int64(23), None, np.int64(3), np.int64(9), 'passthrough']
  warnings.warn(
/bsuhome/alexanderemert/miniforge3/envs/starform-alex/lib/python3.14/site-packages/skopt/optimizer/optimizer.py:517: UserWarning: The objective has been evaluated at point [KNNImputer(), np.int64(22), None, np.int64(1), np.int64(11), StandardScaler()] before, using random point [KNNImputer(), np.int64(16), 'sqrt', np.int64(19), np.int64(19), 'passthrough']
  warnings.warn(
/bsuhome/alexanderemert/miniforge3/envs/starform-alex/lib/python3.14/site-packages/skopt/optimizer/optimizer.py:517: UserWarning: The objective has been evaluated at point [KNNImputer(), np.int64(22), None, np.int64(1), np.int64(11), np.str_('passthrough')] before, using random point [SimpleImputer(strategy='median'), np.int64(9), None, np.int64(20), np.int64(11), RobustScaler()]
  warnings.warn(
/bsuhome/alexanderemert/miniforge3/envs/starform-alex/lib/python3.14/site-packages/skopt/optimizer/optimizer.py:517: UserWarning: The objective has been evaluated at point [KNNImputer(), np.int64(22), None, np.int64(1), np.int64(11), np.str_('passthrough')] before, using random point [KNNImputer(), np.int64(18), None, np.int64(17), np.int64(6), 'passthrough']
  warnings.warn(
/bsuhome/alexanderemert/miniforge3/envs/starform-alex/lib/python3.14/site-packages/skopt/optimizer/optimizer.py:517: UserWarning: The objective has been evaluated at point [KNNImputer(), np.int64(22), None, np.int64(1), np.int64(11), np.str_('passthrough')] before, using random point [SimpleImputer(), np.int64(25), 'log2', np.int64(17), np.int64(7), 'passthrough']
  warnings.warn(
/bsuhome/alexanderemert/miniforge3/envs/starform-alex/lib/python3.14/site-packages/skopt/optimizer/optimizer.py:517: UserWarning: The objective has been evaluated at point [KNNImputer(), np.int64(22), None, np.int64(1), np.int64(11), RobustScaler()] before, using random point [KNNImputer(), np.int64(9), None, np.int64(6), np.int64(17), 'passthrough']
  warnings.warn(
/bsuhome/alexanderemert/miniforge3/envs/starform-alex/lib/python3.14/site-packages/skopt/optimizer/optimizer.py:517: UserWarning: The objective has been evaluated at point [SimpleImputer(), np.int64(14), np.str_('log2'), np.int64(1), np.int64(6), np.str_('passthrough')] before, using random point [SimpleImputer(strategy='median'), np.int64(19), 'sqrt', np.int64(17), np.int64(19), 'passthrough']
  warnings.warn(
/bsuhome/alexanderemert/miniforge3/envs/starform-alex/lib/python3.14/site-packages/skopt/optimizer/optimizer.py:517: UserWarning: The objective has been evaluated at point [SimpleImputer(), np.int64(15), None, np.int64(1), np.int64(7), StandardScaler()] before, using random point [SimpleImputer(), np.int64(6), 'log2', np.int64(14), np.int64(17), RobustScaler()]
  warnings.warn(
/bsuhome/alexanderemert/miniforge3/envs/starform-alex/lib/python3.14/site-packages/skopt/optimizer/optimizer.py:517: UserWarning: The objective has been evaluated at point [SimpleImputer(), np.int64(24), None, np.int64(1), np.int64(2), RobustScaler()] before, using random point [SimpleImputer(strategy='median'), np.int64(5), 'log2', np.int64(4), np.int64(18), RobustScaler()]
  warnings.warn(
/bsuhome/alexanderemert/miniforge3/envs/starform-alex/lib/python3.14/site-packages/skopt/optimizer/optimizer.py:517: UserWarning: The objective has been evaluated at point [SimpleImputer(), np.int64(24), None, np.int64(1), np.int64(2), RobustScaler()] before, using random point [KNNImputer(), np.int64(7), 'log2', np.int64(3), np.int64(19), StandardScaler()]
  warnings.warn(
/bsuhome/alexanderemert/miniforge3/envs/starform-alex/lib/python3.14/site-packages/skopt/optimizer/optimizer.py:517: UserWarning: The objective has been evaluated at point [SimpleImputer(), np.int64(24), None, np.int64(1), np.int64(2), RobustScaler()] before, using random point [KNNImputer(), np.int64(16), 'sqrt', np.int64(19), np.int64(8), StandardScaler()]
  warnings.warn(
