/bsuscratch/alexanderemert/miniforge3/envs/starform-alex/lib/python3.14/site-packages/skopt/optimizer/optimizer.py:517: UserWarning: The objective has been evaluated at point [SimpleImputer(), 1.0, 1.0, 10.0, 0.49999999999999994, np.int64(3), np.int64(1), np.int64(3000), 1e-09, 100.0, 1.0, RatioGenerator(cols=['F8', 'F12', 'F24', 'F70']), RobustScaler()] before, using random point [KNNImputer(), 0.932869165727425, 0.7889031348485451, 3.368018180787507e-08, 0.026929622149881104, np.int64(3), np.int64(9), np.int64(1669), 9.223220774464919e-06, 0.0014336966297814403, 0.9938754161753336, RatioGenerator(cols=['F8', 'F12', 'F24', 'F70']), RobustScaler()]
  warnings.warn(
Traceback (most recent call last):
  File "/bsuhome/alexanderemert/Research/Star-Formation-Research-Project-2026/pipeline/scripts/search.py", line 188, in <module>
    main()
    ~~~~^^
  File "/bsuhome/alexanderemert/Research/Star-Formation-Research-Project-2026/pipeline/scripts/search.py", line 134, in main
    expanded, search_space = check_and_expand_space(
                             ~~~~~~~~~~~~~~~~~~~~~~^
        best_params=opt.best_params_,
        ^^^^^^^^^^^^^^^^^^^^^^^^^^^^^
    ...<3 lines>...
        expansion=0.5
        ^^^^^^^^^^^^^
    )
    ^
  File "/bsuhome/alexanderemert/Research/Star-Formation-Research-Project-2026/pipeline/scripts/ratio_function.py", line 152, in check_and_expand_space
    new_space[param_name] = Real(new_low, high, prior='log-uniform')
                            ~~~~^^^^^^^^^^^^^^^^^^^^^^^^^^^^^^^^^^^^
  File "/bsuscratch/alexanderemert/miniforge3/envs/starform-alex/lib/python3.14/site-packages/skopt/space/space.py", line 370, in __init__
    raise ValueError(
        "search space should not contain 0 when" " using log-uniform prior"
    )
ValueError: search space should not contain 0 when using log-uniform prior
