/bsuhome/alexanderemert/miniforge3/envs/starform-alex/lib/python3.14/site-packages/skopt/optimizer/optimizer.py:517: UserWarning: The objective has been evaluated at point [SimpleImputer(strategy='median'), np.True_, np.int64(23), None, np.int64(1), np.int64(2), np.int64(10), StandardScaler()] before, using random point [KNNImputer(), True, np.int64(18), 'sqrt', np.int64(7), np.int64(3), np.int64(631), RobustScaler()]
  warnings.warn(
/bsuhome/alexanderemert/miniforge3/envs/starform-alex/lib/python3.14/site-packages/skopt/optimizer/optimizer.py:517: UserWarning: The objective has been evaluated at point [SimpleImputer(strategy='median'), np.True_, np.int64(24), None, np.int64(1), np.int64(2), np.int64(10), StandardScaler()] before, using random point [SimpleImputer(), False, np.int64(23), 'log2', np.int64(4), np.int64(13), np.int64(229), StandardScaler()]
  warnings.warn(
/bsuhome/alexanderemert/miniforge3/envs/starform-alex/lib/python3.14/site-packages/skopt/optimizer/optimizer.py:517: UserWarning: The objective has been evaluated at point [SimpleImputer(strategy='median'), np.True_, np.int64(24), None, np.int64(1), np.int64(2), np.int64(10), RobustScaler()] before, using random point [SimpleImputer(strategy='median'), True, np.int64(13), 'log2', np.int64(2), np.int64(11), np.int64(878), RobustScaler()]
  warnings.warn(
/bsuhome/alexanderemert/miniforge3/envs/starform-alex/lib/python3.14/site-packages/skopt/optimizer/optimizer.py:517: UserWarning: The objective has been evaluated at point [SimpleImputer(strategy='median'), np.True_, np.int64(24), None, np.int64(1), np.int64(2), np.int64(10), np.str_('passthrough')] before, using random point [SimpleImputer(), False, np.int64(25), 'log2', np.int64(6), np.int64(11), np.int64(307), StandardScaler()]
  warnings.warn(
/bsuhome/alexanderemert/miniforge3/envs/starform-alex/lib/python3.14/site-packages/skopt/optimizer/optimizer.py:517: UserWarning: The objective has been evaluated at point [SimpleImputer(strategy='median'), np.True_, np.int64(24), None, np.int64(1), np.int64(2), np.int64(10), np.str_('passthrough')] before, using random point [SimpleImputer(), True, np.int64(18), 'sqrt', np.int64(9), np.int64(18), np.int64(582), 'passthrough']
  warnings.warn(
/bsuhome/alexanderemert/miniforge3/envs/starform-alex/lib/python3.14/site-packages/skopt/optimizer/optimizer.py:517: UserWarning: The objective has been evaluated at point [SimpleImputer(strategy='median'), np.True_, np.int64(24), None, np.int64(1), np.int64(2), np.int64(10), StandardScaler()] before, using random point [SimpleImputer(), True, np.int64(6), None, np.int64(15), np.int64(3), np.int64(254), RobustScaler()]
  warnings.warn(
/bsuhome/alexanderemert/miniforge3/envs/starform-alex/lib/python3.14/site-packages/skopt/optimizer/optimizer.py:517: UserWarning: The objective has been evaluated at point [SimpleImputer(strategy='median'), np.True_, np.int64(24), None, np.int64(1), np.int64(2), np.int64(10), np.str_('passthrough')] before, using random point [KNNImputer(), False, np.int64(7), None, np.int64(19), np.int64(14), np.int64(300), 'passthrough']
  warnings.warn(
/bsuhome/alexanderemert/miniforge3/envs/starform-alex/lib/python3.14/site-packages/skopt/optimizer/optimizer.py:517: UserWarning: The objective has been evaluated at point [SimpleImputer(strategy='median'), np.True_, np.int64(24), None, np.int64(1), np.int64(2), np.int64(10), np.str_('passthrough')] before, using random point [SimpleImputer(strategy='median'), False, np.int64(12), 'log2', np.int64(13), np.int64(18), np.int64(717), 'passthrough']
  warnings.warn(
/bsuhome/alexanderemert/miniforge3/envs/starform-alex/lib/python3.14/site-packages/skopt/optimizer/optimizer.py:517: UserWarning: The objective has been evaluated at point [SimpleImputer(strategy='median'), np.True_, np.int64(24), None, np.int64(1), np.int64(2), np.int64(10), np.str_('passthrough')] before, using random point [SimpleImputer(strategy='median'), True, np.int64(10), 'sqrt', np.int64(8), np.int64(10), np.int64(698), 'passthrough']
  warnings.warn(
/bsuhome/alexanderemert/miniforge3/envs/starform-alex/lib/python3.14/site-packages/skopt/optimizer/optimizer.py:517: UserWarning: The objective has been evaluated at point [SimpleImputer(strategy='median'), np.True_, np.int64(24), None, np.int64(1), np.int64(2), np.int64(10), StandardScaler()] before, using random point [KNNImputer(), True, np.int64(24), 'sqrt', np.int64(5), np.int64(6), np.int64(873), StandardScaler()]
  warnings.warn(
/bsuhome/alexanderemert/miniforge3/envs/starform-alex/lib/python3.14/site-packages/skopt/optimizer/optimizer.py:517: UserWarning: The objective has been evaluated at point [SimpleImputer(strategy='median'), np.True_, np.int64(24), None, np.int64(1), np.int64(2), np.int64(10), np.str_('passthrough')] before, using random point [SimpleImputer(), False, np.int64(16), None, np.int64(7), np.int64(3), np.int64(864), StandardScaler()]
  warnings.warn(
/bsuhome/alexanderemert/miniforge3/envs/starform-alex/lib/python3.14/site-packages/skopt/optimizer/optimizer.py:517: UserWarning: The objective has been evaluated at point [SimpleImputer(strategy='median'), np.True_, np.int64(24), None, np.int64(1), np.int64(2), np.int64(10), np.str_('passthrough')] before, using random point [SimpleImputer(strategy='median'), False, np.int64(15), 'sqrt', np.int64(13), np.int64(5), np.int64(482), StandardScaler()]
  warnings.warn(
/bsuhome/alexanderemert/miniforge3/envs/starform-alex/lib/python3.14/site-packages/skopt/optimizer/optimizer.py:517: UserWarning: The objective has been evaluated at point [SimpleImputer(strategy='median'), np.True_, np.int64(24), None, np.int64(1), np.int64(2), np.int64(10), np.str_('passthrough')] before, using random point [KNNImputer(), True, np.int64(3), 'sqrt', np.int64(9), np.int64(10), np.int64(54), 'passthrough']
  warnings.warn(
/bsuhome/alexanderemert/miniforge3/envs/starform-alex/lib/python3.14/site-packages/skopt/optimizer/optimizer.py:517: UserWarning: The objective has been evaluated at point [SimpleImputer(strategy='median'), np.True_, np.int64(24), None, np.int64(1), np.int64(2), np.int64(10), StandardScaler()] before, using random point [SimpleImputer(strategy='median'), True, np.int64(26), 'sqrt', np.int64(16), np.int64(19), np.int64(209), RobustScaler()]
  warnings.warn(
/bsuhome/alexanderemert/miniforge3/envs/starform-alex/lib/python3.14/site-packages/skopt/optimizer/optimizer.py:517: UserWarning: The objective has been evaluated at point [SimpleImputer(strategy='median'), np.True_, np.int64(24), None, np.int64(1), np.int64(2), np.int64(10), np.str_('passthrough')] before, using random point [KNNImputer(), True, np.int64(29), 'log2', np.int64(13), np.int64(8), np.int64(662), StandardScaler()]
  warnings.warn(
/bsuhome/alexanderemert/miniforge3/envs/starform-alex/lib/python3.14/site-packages/skopt/optimizer/optimizer.py:517: UserWarning: The objective has been evaluated at point [SimpleImputer(strategy='median'), np.True_, np.int64(24), None, np.int64(1), np.int64(2), np.int64(10), StandardScaler()] before, using random point [SimpleImputer(strategy='median'), True, np.int64(23), 'sqrt', np.int64(14), np.int64(6), np.int64(637), 'passthrough']
  warnings.warn(
/bsuhome/alexanderemert/miniforge3/envs/starform-alex/lib/python3.14/site-packages/skopt/optimizer/optimizer.py:517: UserWarning: The objective has been evaluated at point [SimpleImputer(strategy='median'), np.True_, np.int64(24), None, np.int64(1), np.int64(2), np.int64(10), StandardScaler()] before, using random point [SimpleImputer(), False, np.int64(13), None, np.int64(18), np.int64(2), np.int64(957), RobustScaler()]
  warnings.warn(
/bsuhome/alexanderemert/miniforge3/envs/starform-alex/lib/python3.14/site-packages/skopt/optimizer/optimizer.py:517: UserWarning: The objective has been evaluated at point [SimpleImputer(strategy='median'), np.True_, np.int64(24), None, np.int64(1), np.int64(2), np.int64(10), StandardScaler()] before, using random point [SimpleImputer(strategy='median'), False, np.int64(16), 'log2', np.int64(14), np.int64(12), np.int64(477), StandardScaler()]
  warnings.warn(
/bsuhome/alexanderemert/miniforge3/envs/starform-alex/lib/python3.14/site-packages/skopt/optimizer/optimizer.py:517: UserWarning: The objective has been evaluated at point [SimpleImputer(strategy='median'), np.True_, np.int64(24), None, np.int64(1), np.int64(2), np.int64(10), StandardScaler()] before, using random point [SimpleImputer(strategy='median'), False, np.int64(20), 'log2', np.int64(13), np.int64(18), np.int64(88), RobustScaler()]
  warnings.warn(
/bsuhome/alexanderemert/miniforge3/envs/starform-alex/lib/python3.14/site-packages/skopt/optimizer/optimizer.py:517: UserWarning: The objective has been evaluated at point [SimpleImputer(strategy='median'), np.True_, np.int64(24), None, np.int64(1), np.int64(2), np.int64(10), np.str_('passthrough')] before, using random point [SimpleImputer(strategy='median'), False, np.int64(13), 'sqrt', np.int64(6), np.int64(11), np.int64(73), RobustScaler()]
  warnings.warn(
/bsuhome/alexanderemert/miniforge3/envs/starform-alex/lib/python3.14/site-packages/skopt/optimizer/optimizer.py:517: UserWarning: The objective has been evaluated at point [SimpleImputer(strategy='median'), np.True_, np.int64(24), None, np.int64(1), np.int64(2), np.int64(10), StandardScaler()] before, using random point [SimpleImputer(), True, np.int64(9), 'sqrt', np.int64(16), np.int64(15), np.int64(781), RobustScaler()]
  warnings.warn(
/bsuhome/alexanderemert/miniforge3/envs/starform-alex/lib/python3.14/site-packages/skopt/optimizer/optimizer.py:517: UserWarning: The objective has been evaluated at point [SimpleImputer(strategy='median'), np.True_, np.int64(24), None, np.int64(1), np.int64(2), np.int64(10), np.str_('passthrough')] before, using random point [KNNImputer(), False, np.int64(18), 'log2', np.int64(6), np.int64(11), np.int64(159), StandardScaler()]
  warnings.warn(
/bsuhome/alexanderemert/miniforge3/envs/starform-alex/lib/python3.14/site-packages/skopt/optimizer/optimizer.py:517: UserWarning: The objective has been evaluated at point [SimpleImputer(strategy='median'), np.True_, np.int64(24), None, np.int64(1), np.int64(2), np.int64(10), StandardScaler()] before, using random point [KNNImputer(), True, np.int64(22), None, np.int64(2), np.int64(12), np.int64(1000), StandardScaler()]
  warnings.warn(
/bsuhome/alexanderemert/miniforge3/envs/starform-alex/lib/python3.14/site-packages/skopt/optimizer/optimizer.py:517: UserWarning: The objective has been evaluated at point [SimpleImputer(strategy='median'), np.True_, np.int64(23), None, np.int64(1), np.int64(2), np.int64(10), StandardScaler()] before, using random point [SimpleImputer(strategy='median'), True, np.int64(7), None, np.int64(11), np.int64(15), np.int64(969), RobustScaler()]
  warnings.warn(
/bsuhome/alexanderemert/miniforge3/envs/starform-alex/lib/python3.14/site-packages/skopt/optimizer/optimizer.py:517: UserWarning: The objective has been evaluated at point [SimpleImputer(strategy='median'), np.True_, np.int64(23), None, np.int64(1), np.int64(2), np.int64(10), StandardScaler()] before, using random point [SimpleImputer(strategy='median'), False, np.int64(5), 'log2', np.int64(5), np.int64(14), np.int64(296), StandardScaler()]
  warnings.warn(
/bsuhome/alexanderemert/miniforge3/envs/starform-alex/lib/python3.14/site-packages/skopt/optimizer/optimizer.py:517: UserWarning: The objective has been evaluated at point [SimpleImputer(strategy='median'), np.True_, np.int64(23), None, np.int64(1), np.int64(2), np.int64(10), StandardScaler()] before, using random point [KNNImputer(), True, np.int64(7), None, np.int64(14), np.int64(12), np.int64(181), RobustScaler()]
  warnings.warn(
/bsuhome/alexanderemert/miniforge3/envs/starform-alex/lib/python3.14/site-packages/skopt/optimizer/optimizer.py:517: UserWarning: The objective has been evaluated at point [SimpleImputer(strategy='median'), np.True_, np.int64(23), None, np.int64(1), np.int64(2), np.int64(10), StandardScaler()] before, using random point [SimpleImputer(strategy='median'), False, np.int64(14), None, np.int64(17), np.int64(14), np.int64(355), StandardScaler()]
  warnings.warn(
/bsuhome/alexanderemert/miniforge3/envs/starform-alex/lib/python3.14/site-packages/skopt/optimizer/optimizer.py:517: UserWarning: The objective has been evaluated at point [SimpleImputer(strategy='median'), np.True_, np.int64(23), None, np.int64(1), np.int64(2), np.int64(10), StandardScaler()] before, using random point [SimpleImputer(), True, np.int64(6), None, np.int64(12), np.int64(18), np.int64(917), RobustScaler()]
  warnings.warn(
/bsuhome/alexanderemert/miniforge3/envs/starform-alex/lib/python3.14/site-packages/skopt/optimizer/optimizer.py:517: UserWarning: The objective has been evaluated at point [SimpleImputer(strategy='median'), np.True_, np.int64(23), None, np.int64(1), np.int64(2), np.int64(10), StandardScaler()] before, using random point [SimpleImputer(strategy='median'), True, np.int64(18), 'log2', np.int64(3), np.int64(2), np.int64(751), StandardScaler()]
  warnings.warn(
/bsuhome/alexanderemert/miniforge3/envs/starform-alex/lib/python3.14/site-packages/skopt/optimizer/optimizer.py:517: UserWarning: The objective has been evaluated at point [SimpleImputer(strategy='median'), np.True_, np.int64(23), None, np.int64(1), np.int64(2), np.int64(10), StandardScaler()] before, using random point [KNNImputer(), False, np.int64(17), None, np.int64(15), np.int64(7), np.int64(319), StandardScaler()]
  warnings.warn(
/bsuhome/alexanderemert/miniforge3/envs/starform-alex/lib/python3.14/site-packages/skopt/optimizer/optimizer.py:517: UserWarning: The objective has been evaluated at point [SimpleImputer(strategy='median'), np.True_, np.int64(22), None, np.int64(2), np.int64(2), np.int64(1000), StandardScaler()] before, using random point [SimpleImputer(), True, np.int64(21), 'sqrt', np.int64(10), np.int64(4), np.int64(958), 'passthrough']
  warnings.warn(
/bsuhome/alexanderemert/miniforge3/envs/starform-alex/lib/python3.14/site-packages/skopt/optimizer/optimizer.py:517: UserWarning: The objective has been evaluated at point [SimpleImputer(strategy='median'), np.True_, np.int64(30), None, np.int64(2), np.int64(2), np.int64(1000), StandardScaler()] before, using random point [SimpleImputer(), True, np.int64(20), 'sqrt', np.int64(15), np.int64(11), np.int64(116), RobustScaler()]
  warnings.warn(
/bsuhome/alexanderemert/miniforge3/envs/starform-alex/lib/python3.14/site-packages/skopt/optimizer/optimizer.py:517: UserWarning: The objective has been evaluated at point [KNNImputer(), np.False_, np.int64(8), None, np.int64(1), np.int64(2), np.int64(1000), RobustScaler()] before, using random point [SimpleImputer(strategy='median'), True, np.int64(19), 'log2', np.int64(4), np.int64(9), np.int64(205), 'passthrough']
  warnings.warn(
/bsuhome/alexanderemert/miniforge3/envs/starform-alex/lib/python3.14/site-packages/skopt/optimizer/optimizer.py:517: UserWarning: The objective has been evaluated at point [KNNImputer(), np.False_, np.int64(8), None, np.int64(1), np.int64(2), np.int64(1000), RobustScaler()] before, using random point [KNNImputer(), True, np.int64(28), None, np.int64(16), np.int64(10), np.int64(824), StandardScaler()]
  warnings.warn(
/bsuhome/alexanderemert/miniforge3/envs/starform-alex/lib/python3.14/site-packages/skopt/optimizer/optimizer.py:517: UserWarning: The objective has been evaluated at point [SimpleImputer(), np.False_, np.int64(8), None, np.int64(1), np.int64(2), np.int64(1000), RobustScaler()] before, using random point [SimpleImputer(strategy='median'), False, np.int64(10), None, np.int64(1), np.int64(11), np.int64(191), StandardScaler()]
  warnings.warn(
/bsuhome/alexanderemert/miniforge3/envs/starform-alex/lib/python3.14/site-packages/skopt/optimizer/optimizer.py:517: UserWarning: The objective has been evaluated at point [KNNImputer(), np.False_, np.int64(8), None, np.int64(1), np.int64(2), np.int64(1000), RobustScaler()] before, using random point [SimpleImputer(strategy='median'), False, np.int64(15), 'log2', np.int64(11), np.int64(6), np.int64(879), 'passthrough']
  warnings.warn(
/bsuhome/alexanderemert/miniforge3/envs/starform-alex/lib/python3.14/site-packages/skopt/optimizer/optimizer.py:517: UserWarning: The objective has been evaluated at point [SimpleImputer(), np.False_, np.int64(8), None, np.int64(1), np.int64(2), np.int64(1000), RobustScaler()] before, using random point [KNNImputer(), False, np.int64(23), None, np.int64(13), np.int64(10), np.int64(377), RobustScaler()]
  warnings.warn(
/bsuhome/alexanderemert/miniforge3/envs/starform-alex/lib/python3.14/site-packages/skopt/optimizer/optimizer.py:517: UserWarning: The objective has been evaluated at point [KNNImputer(), np.False_, np.int64(8), None, np.int64(1), np.int64(2), np.int64(1000), RobustScaler()] before, using random point [KNNImputer(), True, np.int64(8), None, np.int64(18), np.int64(9), np.int64(746), StandardScaler()]
  warnings.warn(
