/bsuhome/alexanderemert/miniforge3/envs/starform-alex/lib/python3.14/site-packages/skopt/optimizer/optimizer.py:517: UserWarning: The objective has been evaluated at point [SimpleImputer(), np.int64(30), None, np.int64(1), np.int64(2), StandardScaler()] before, using random point [SimpleImputer(strategy='median'), np.int64(28), 'log2', np.int64(8), np.int64(15), 'passthrough']
  warnings.warn(
/bsuhome/alexanderemert/miniforge3/envs/starform-alex/lib/python3.14/site-packages/skopt/optimizer/optimizer.py:517: UserWarning: The objective has been evaluated at point [SimpleImputer(), np.int64(30), None, np.int64(1), np.int64(2), StandardScaler()] before, using random point [SimpleImputer(), np.int64(17), None, np.int64(18), np.int64(6), 'passthrough']
  warnings.warn(
/bsuhome/alexanderemert/miniforge3/envs/starform-alex/lib/python3.14/site-packages/skopt/optimizer/optimizer.py:517: UserWarning: The objective has been evaluated at point [SimpleImputer(), np.int64(30), None, np.int64(1), np.int64(2), StandardScaler()] before, using random point [SimpleImputer(strategy='median'), np.int64(12), 'sqrt', np.int64(1), np.int64(8), StandardScaler()]
  warnings.warn(
/bsuhome/alexanderemert/miniforge3/envs/starform-alex/lib/python3.14/site-packages/skopt/optimizer/optimizer.py:517: UserWarning: The objective has been evaluated at point [SimpleImputer(), np.int64(30), None, np.int64(1), np.int64(2), StandardScaler()] before, using random point [SimpleImputer(strategy='median'), np.int64(21), 'log2', np.int64(18), np.int64(13), 'passthrough']
  warnings.warn(
/bsuhome/alexanderemert/miniforge3/envs/starform-alex/lib/python3.14/site-packages/skopt/optimizer/optimizer.py:517: UserWarning: The objective has been evaluated at point [SimpleImputer(), np.int64(30), None, np.int64(1), np.int64(2), StandardScaler()] before, using random point [SimpleImputer(), np.int64(28), None, np.int64(12), np.int64(7), StandardScaler()]
  warnings.warn(
/bsuhome/alexanderemert/miniforge3/envs/starform-alex/lib/python3.14/site-packages/skopt/optimizer/optimizer.py:517: UserWarning: The objective has been evaluated at point [SimpleImputer(), np.int64(30), None, np.int64(1), np.int64(2), StandardScaler()] before, using random point [SimpleImputer(strategy='median'), np.int64(13), 'log2', np.int64(9), np.int64(9), RobustScaler()]
  warnings.warn(
/bsuhome/alexanderemert/miniforge3/envs/starform-alex/lib/python3.14/site-packages/skopt/optimizer/optimizer.py:517: UserWarning: The objective has been evaluated at point [SimpleImputer(), np.int64(30), None, np.int64(1), np.int64(2), StandardScaler()] before, using random point [SimpleImputer(strategy='median'), np.int64(8), None, np.int64(7), np.int64(8), StandardScaler()]
  warnings.warn(
/bsuhome/alexanderemert/miniforge3/envs/starform-alex/lib/python3.14/site-packages/skopt/optimizer/optimizer.py:517: UserWarning: The objective has been evaluated at point [SimpleImputer(), np.int64(30), None, np.int64(1), np.int64(2), StandardScaler()] before, using random point [KNNImputer(), np.int64(13), None, np.int64(11), np.int64(9), StandardScaler()]
  warnings.warn(
/bsuhome/alexanderemert/miniforge3/envs/starform-alex/lib/python3.14/site-packages/skopt/optimizer/optimizer.py:517: UserWarning: The objective has been evaluated at point [SimpleImputer(), np.int64(30), None, np.int64(1), np.int64(2), StandardScaler()] before, using random point [KNNImputer(), np.int64(7), 'log2', np.int64(20), np.int64(4), 'passthrough']
  warnings.warn(
/bsuhome/alexanderemert/miniforge3/envs/starform-alex/lib/python3.14/site-packages/skopt/optimizer/optimizer.py:517: UserWarning: The objective has been evaluated at point [SimpleImputer(), np.int64(30), None, np.int64(1), np.int64(2), StandardScaler()] before, using random point [SimpleImputer(), np.int64(13), 'log2', np.int64(3), np.int64(16), 'passthrough']
  warnings.warn(
/bsuhome/alexanderemert/miniforge3/envs/starform-alex/lib/python3.14/site-packages/skopt/optimizer/optimizer.py:517: UserWarning: The objective has been evaluated at point [SimpleImputer(), np.int64(30), None, np.int64(1), np.int64(2), StandardScaler()] before, using random point [KNNImputer(), np.int64(22), 'sqrt', np.int64(12), np.int64(18), StandardScaler()]
  warnings.warn(
/bsuhome/alexanderemert/miniforge3/envs/starform-alex/lib/python3.14/site-packages/skopt/optimizer/optimizer.py:517: UserWarning: The objective has been evaluated at point [SimpleImputer(), np.int64(30), None, np.int64(1), np.int64(2), StandardScaler()] before, using random point [SimpleImputer(), np.int64(29), None, np.int64(13), np.int64(9), StandardScaler()]
  warnings.warn(
/bsuhome/alexanderemert/miniforge3/envs/starform-alex/lib/python3.14/site-packages/skopt/optimizer/optimizer.py:517: UserWarning: The objective has been evaluated at point [SimpleImputer(), np.int64(30), None, np.int64(1), np.int64(2), StandardScaler()] before, using random point [KNNImputer(), np.int64(9), None, np.int64(17), np.int64(11), RobustScaler()]
  warnings.warn(
/bsuhome/alexanderemert/miniforge3/envs/starform-alex/lib/python3.14/site-packages/skopt/optimizer/optimizer.py:517: UserWarning: The objective has been evaluated at point [SimpleImputer(), np.int64(30), None, np.int64(1), np.int64(2), StandardScaler()] before, using random point [KNNImputer(), np.int64(10), 'log2', np.int64(9), np.int64(9), 'passthrough']
  warnings.warn(
/bsuhome/alexanderemert/miniforge3/envs/starform-alex/lib/python3.14/site-packages/skopt/optimizer/optimizer.py:517: UserWarning: The objective has been evaluated at point [SimpleImputer(), np.int64(30), None, np.int64(1), np.int64(2), StandardScaler()] before, using random point [SimpleImputer(), np.int64(12), None, np.int64(12), np.int64(5), RobustScaler()]
  warnings.warn(
/bsuhome/alexanderemert/miniforge3/envs/starform-alex/lib/python3.14/site-packages/skopt/optimizer/optimizer.py:517: UserWarning: The objective has been evaluated at point [SimpleImputer(), np.int64(30), None, np.int64(1), np.int64(2), StandardScaler()] before, using random point [KNNImputer(), np.int64(15), None, np.int64(6), np.int64(13), 'passthrough']
  warnings.warn(
/bsuhome/alexanderemert/miniforge3/envs/starform-alex/lib/python3.14/site-packages/skopt/optimizer/optimizer.py:517: UserWarning: The objective has been evaluated at point [SimpleImputer(), np.int64(30), None, np.int64(1), np.int64(2), StandardScaler()] before, using random point [SimpleImputer(), np.int64(15), None, np.int64(18), np.int64(3), StandardScaler()]
  warnings.warn(
/bsuhome/alexanderemert/miniforge3/envs/starform-alex/lib/python3.14/site-packages/skopt/optimizer/optimizer.py:517: UserWarning: The objective has been evaluated at point [SimpleImputer(), np.int64(30), None, np.int64(1), np.int64(2), StandardScaler()] before, using random point [SimpleImputer(), np.int64(30), None, np.int64(2), np.int64(8), StandardScaler()]
  warnings.warn(
/bsuhome/alexanderemert/miniforge3/envs/starform-alex/lib/python3.14/site-packages/skopt/optimizer/optimizer.py:517: UserWarning: The objective has been evaluated at point [SimpleImputer(), np.int64(30), None, np.int64(1), np.int64(2), StandardScaler()] before, using random point [SimpleImputer(strategy='median'), np.int64(13), 'sqrt', np.int64(11), np.int64(17), StandardScaler()]
  warnings.warn(
/bsuhome/alexanderemert/miniforge3/envs/starform-alex/lib/python3.14/site-packages/skopt/optimizer/optimizer.py:517: UserWarning: The objective has been evaluated at point [SimpleImputer(), np.int64(30), None, np.int64(1), np.int64(2), StandardScaler()] before, using random point [KNNImputer(), np.int64(10), 'log2', np.int64(15), np.int64(10), RobustScaler()]
  warnings.warn(
/bsuhome/alexanderemert/miniforge3/envs/starform-alex/lib/python3.14/site-packages/skopt/optimizer/optimizer.py:517: UserWarning: The objective has been evaluated at point [SimpleImputer(), np.int64(30), None, np.int64(1), np.int64(2), StandardScaler()] before, using random point [KNNImputer(), np.int64(10), None, np.int64(8), np.int64(19), 'passthrough']
  warnings.warn(
/bsuhome/alexanderemert/miniforge3/envs/starform-alex/lib/python3.14/site-packages/skopt/optimizer/optimizer.py:517: UserWarning: The objective has been evaluated at point [SimpleImputer(), np.int64(30), None, np.int64(1), np.int64(2), StandardScaler()] before, using random point [KNNImputer(), np.int64(19), 'log2', np.int64(8), np.int64(16), RobustScaler()]
  warnings.warn(
/bsuhome/alexanderemert/miniforge3/envs/starform-alex/lib/python3.14/site-packages/skopt/optimizer/optimizer.py:517: UserWarning: The objective has been evaluated at point [SimpleImputer(), np.int64(30), None, np.int64(1), np.int64(2), StandardScaler()] before, using random point [SimpleImputer(), np.int64(8), None, np.int64(20), np.int64(18), RobustScaler()]
  warnings.warn(
/bsuhome/alexanderemert/miniforge3/envs/starform-alex/lib/python3.14/site-packages/skopt/optimizer/optimizer.py:517: UserWarning: The objective has been evaluated at point [SimpleImputer(), np.int64(30), None, np.int64(1), np.int64(2), StandardScaler()] before, using random point [SimpleImputer(strategy='median'), np.int64(17), 'sqrt', np.int64(15), np.int64(17), RobustScaler()]
  warnings.warn(
/bsuhome/alexanderemert/miniforge3/envs/starform-alex/lib/python3.14/site-packages/skopt/optimizer/optimizer.py:517: UserWarning: The objective has been evaluated at point [SimpleImputer(), np.int64(30), None, np.int64(1), np.int64(2), StandardScaler()] before, using random point [SimpleImputer(strategy='median'), np.int64(22), 'log2', np.int64(2), np.int64(5), StandardScaler()]
  warnings.warn(
/bsuhome/alexanderemert/miniforge3/envs/starform-alex/lib/python3.14/site-packages/skopt/optimizer/optimizer.py:517: UserWarning: The objective has been evaluated at point [SimpleImputer(), np.int64(30), None, np.int64(1), np.int64(2), StandardScaler()] before, using random point [SimpleImputer(), np.int64(23), None, np.int64(18), np.int64(18), 'passthrough']
  warnings.warn(
/bsuhome/alexanderemert/miniforge3/envs/starform-alex/lib/python3.14/site-packages/skopt/optimizer/optimizer.py:517: UserWarning: The objective has been evaluated at point [SimpleImputer(), np.int64(30), None, np.int64(1), np.int64(2), StandardScaler()] before, using random point [SimpleImputer(), np.int64(14), None, np.int64(19), np.int64(17), StandardScaler()]
  warnings.warn(
/bsuhome/alexanderemert/miniforge3/envs/starform-alex/lib/python3.14/site-packages/skopt/optimizer/optimizer.py:517: UserWarning: The objective has been evaluated at point [SimpleImputer(), np.int64(30), None, np.int64(1), np.int64(2), StandardScaler()] before, using random point [KNNImputer(), np.int64(11), 'log2', np.int64(3), np.int64(13), StandardScaler()]
  warnings.warn(
/bsuhome/alexanderemert/miniforge3/envs/starform-alex/lib/python3.14/site-packages/skopt/optimizer/optimizer.py:517: UserWarning: The objective has been evaluated at point [SimpleImputer(), np.int64(30), None, np.int64(1), np.int64(2), StandardScaler()] before, using random point [KNNImputer(), np.int64(13), 'sqrt', np.int64(9), np.int64(4), StandardScaler()]
  warnings.warn(
/bsuhome/alexanderemert/miniforge3/envs/starform-alex/lib/python3.14/site-packages/skopt/optimizer/optimizer.py:517: UserWarning: The objective has been evaluated at point [SimpleImputer(), np.int64(30), None, np.int64(1), np.int64(2), StandardScaler()] before, using random point [SimpleImputer(), np.int64(13), 'sqrt', np.int64(11), np.int64(13), StandardScaler()]
  warnings.warn(
/bsuhome/alexanderemert/miniforge3/envs/starform-alex/lib/python3.14/site-packages/skopt/optimizer/optimizer.py:517: UserWarning: The objective has been evaluated at point [SimpleImputer(), np.int64(30), None, np.int64(1), np.int64(2), StandardScaler()] before, using random point [SimpleImputer(), np.int64(17), 'sqrt', np.int64(1), np.int64(12), StandardScaler()]
  warnings.warn(
/bsuhome/alexanderemert/miniforge3/envs/starform-alex/lib/python3.14/site-packages/skopt/optimizer/optimizer.py:517: UserWarning: The objective has been evaluated at point [SimpleImputer(), np.int64(30), None, np.int64(1), np.int64(2), StandardScaler()] before, using random point [SimpleImputer(strategy='median'), np.int64(24), 'sqrt', np.int64(17), np.int64(6), StandardScaler()]
  warnings.warn(
/bsuhome/alexanderemert/miniforge3/envs/starform-alex/lib/python3.14/site-packages/skopt/optimizer/optimizer.py:517: UserWarning: The objective has been evaluated at point [SimpleImputer(), np.int64(30), None, np.int64(1), np.int64(2), StandardScaler()] before, using random point [KNNImputer(), np.int64(21), 'sqrt', np.int64(13), np.int64(6), RobustScaler()]
  warnings.warn(
/bsuhome/alexanderemert/miniforge3/envs/starform-alex/lib/python3.14/site-packages/skopt/optimizer/optimizer.py:517: UserWarning: The objective has been evaluated at point [SimpleImputer(), np.int64(30), None, np.int64(1), np.int64(2), StandardScaler()] before, using random point [SimpleImputer(strategy='median'), np.int64(26), 'sqrt', np.int64(1), np.int64(11), StandardScaler()]
  warnings.warn(
/bsuhome/alexanderemert/miniforge3/envs/starform-alex/lib/python3.14/site-packages/skopt/optimizer/optimizer.py:517: UserWarning: The objective has been evaluated at point [SimpleImputer(), np.int64(30), None, np.int64(1), np.int64(2), StandardScaler()] before, using random point [KNNImputer(), np.int64(27), 'log2', np.int64(16), np.int64(19), StandardScaler()]
  warnings.warn(
/bsuhome/alexanderemert/miniforge3/envs/starform-alex/lib/python3.14/site-packages/skopt/optimizer/optimizer.py:517: UserWarning: The objective has been evaluated at point [SimpleImputer(), np.int64(30), None, np.int64(1), np.int64(2), StandardScaler()] before, using random point [SimpleImputer(), np.int64(13), 'sqrt', np.int64(7), np.int64(11), StandardScaler()]
  warnings.warn(
/bsuhome/alexanderemert/miniforge3/envs/starform-alex/lib/python3.14/site-packages/skopt/optimizer/optimizer.py:517: UserWarning: The objective has been evaluated at point [SimpleImputer(), np.int64(30), None, np.int64(1), np.int64(2), StandardScaler()] before, using random point [SimpleImputer(strategy='median'), np.int64(21), 'sqrt', np.int64(18), np.int64(8), 'passthrough']
  warnings.warn(
/bsuhome/alexanderemert/miniforge3/envs/starform-alex/lib/python3.14/site-packages/skopt/optimizer/optimizer.py:517: UserWarning: The objective has been evaluated at point [SimpleImputer(), np.int64(30), None, np.int64(1), np.int64(2), StandardScaler()] before, using random point [KNNImputer(), np.int64(29), 'log2', np.int64(10), np.int64(15), 'passthrough']
  warnings.warn(
/bsuhome/alexanderemert/miniforge3/envs/starform-alex/lib/python3.14/site-packages/skopt/optimizer/optimizer.py:517: UserWarning: The objective has been evaluated at point [SimpleImputer(), np.int64(30), None, np.int64(1), np.int64(2), StandardScaler()] before, using random point [SimpleImputer(strategy='median'), np.int64(22), 'sqrt', np.int64(2), np.int64(3), StandardScaler()]
  warnings.warn(
/bsuhome/alexanderemert/miniforge3/envs/starform-alex/lib/python3.14/site-packages/skopt/optimizer/optimizer.py:517: UserWarning: The objective has been evaluated at point [SimpleImputer(), np.int64(30), None, np.int64(1), np.int64(2), StandardScaler()] before, using random point [SimpleImputer(), np.int64(11), 'sqrt', np.int64(10), np.int64(11), RobustScaler()]
  warnings.warn(
/bsuhome/alexanderemert/miniforge3/envs/starform-alex/lib/python3.14/site-packages/skopt/optimizer/optimizer.py:517: UserWarning: The objective has been evaluated at point [SimpleImputer(), np.int64(30), None, np.int64(1), np.int64(2), StandardScaler()] before, using random point [SimpleImputer(strategy='median'), np.int64(6), None, np.int64(9), np.int64(4), StandardScaler()]
  warnings.warn(
/bsuhome/alexanderemert/miniforge3/envs/starform-alex/lib/python3.14/site-packages/skopt/optimizer/optimizer.py:517: UserWarning: The objective has been evaluated at point [SimpleImputer(), np.int64(30), None, np.int64(1), np.int64(2), StandardScaler()] before, using random point [SimpleImputer(), np.int64(13), 'log2', np.int64(20), np.int64(19), 'passthrough']
  warnings.warn(
/bsuhome/alexanderemert/miniforge3/envs/starform-alex/lib/python3.14/site-packages/skopt/optimizer/optimizer.py:517: UserWarning: The objective has been evaluated at point [SimpleImputer(), np.int64(30), None, np.int64(1), np.int64(2), StandardScaler()] before, using random point [SimpleImputer(), np.int64(29), 'log2', np.int64(5), np.int64(8), RobustScaler()]
  warnings.warn(
/bsuhome/alexanderemert/miniforge3/envs/starform-alex/lib/python3.14/site-packages/skopt/optimizer/optimizer.py:517: UserWarning: The objective has been evaluated at point [SimpleImputer(), np.int64(29), None, np.int64(1), np.int64(2), StandardScaler()] before, using random point [SimpleImputer(), np.int64(6), 'sqrt', np.int64(17), np.int64(20), StandardScaler()]
  warnings.warn(
/bsuhome/alexanderemert/miniforge3/envs/starform-alex/lib/python3.14/site-packages/skopt/optimizer/optimizer.py:517: UserWarning: The objective has been evaluated at point [SimpleImputer(), np.int64(29), None, np.int64(1), np.int64(2), StandardScaler()] before, using random point [KNNImputer(), np.int64(7), 'sqrt', np.int64(11), np.int64(12), 'passthrough']
  warnings.warn(
/bsuhome/alexanderemert/miniforge3/envs/starform-alex/lib/python3.14/site-packages/skopt/optimizer/optimizer.py:517: UserWarning: The objective has been evaluated at point [SimpleImputer(), np.int64(30), None, np.int64(1), np.int64(2), StandardScaler()] before, using random point [SimpleImputer(strategy='median'), np.int64(10), None, np.int64(16), np.int64(17), RobustScaler()]
  warnings.warn(
/bsuhome/alexanderemert/miniforge3/envs/starform-alex/lib/python3.14/site-packages/skopt/optimizer/optimizer.py:517: UserWarning: The objective has been evaluated at point [SimpleImputer(), np.int64(30), None, np.int64(1), np.int64(2), StandardScaler()] before, using random point [SimpleImputer(), np.int64(29), 'sqrt', np.int64(6), np.int64(11), 'passthrough']
  warnings.warn(
/bsuhome/alexanderemert/miniforge3/envs/starform-alex/lib/python3.14/site-packages/skopt/optimizer/optimizer.py:517: UserWarning: The objective has been evaluated at point [SimpleImputer(), np.int64(30), None, np.int64(1), np.int64(2), StandardScaler()] before, using random point [SimpleImputer(strategy='median'), np.int64(13), None, np.int64(11), np.int64(18), 'passthrough']
  warnings.warn(
/bsuhome/alexanderemert/miniforge3/envs/starform-alex/lib/python3.14/site-packages/skopt/optimizer/optimizer.py:517: UserWarning: The objective has been evaluated at point [SimpleImputer(), np.int64(30), None, np.int64(1), np.int64(2), StandardScaler()] before, using random point [SimpleImputer(strategy='median'), np.int64(30), 'sqrt', np.int64(17), np.int64(4), RobustScaler()]
  warnings.warn(
/bsuhome/alexanderemert/miniforge3/envs/starform-alex/lib/python3.14/site-packages/skopt/optimizer/optimizer.py:517: UserWarning: The objective has been evaluated at point [SimpleImputer(), np.int64(30), None, np.int64(1), np.int64(2), StandardScaler()] before, using random point [SimpleImputer(strategy='median'), np.int64(7), None, np.int64(16), np.int64(3), 'passthrough']
  warnings.warn(
/bsuhome/alexanderemert/miniforge3/envs/starform-alex/lib/python3.14/site-packages/skopt/optimizer/optimizer.py:517: UserWarning: The objective has been evaluated at point [SimpleImputer(), np.int64(30), None, np.int64(1), np.int64(2), StandardScaler()] before, using random point [SimpleImputer(), np.int64(23), 'log2', np.int64(7), np.int64(15), 'passthrough']
  warnings.warn(
/bsuhome/alexanderemert/miniforge3/envs/starform-alex/lib/python3.14/site-packages/skopt/optimizer/optimizer.py:517: UserWarning: The objective has been evaluated at point [SimpleImputer(), np.int64(30), None, np.int64(1), np.int64(2), StandardScaler()] before, using random point [SimpleImputer(strategy='median'), np.int64(11), None, np.int64(8), np.int64(19), StandardScaler()]
  warnings.warn(
/bsuhome/alexanderemert/miniforge3/envs/starform-alex/lib/python3.14/site-packages/skopt/optimizer/optimizer.py:517: UserWarning: The objective has been evaluated at point [SimpleImputer(), np.int64(30), None, np.int64(1), np.int64(2), StandardScaler()] before, using random point [SimpleImputer(strategy='median'), np.int64(19), 'sqrt', np.int64(14), np.int64(17), RobustScaler()]
  warnings.warn(
/bsuhome/alexanderemert/miniforge3/envs/starform-alex/lib/python3.14/site-packages/skopt/optimizer/optimizer.py:517: UserWarning: The objective has been evaluated at point [SimpleImputer(), np.int64(30), None, np.int64(1), np.int64(2), StandardScaler()] before, using random point [SimpleImputer(), np.int64(11), None, np.int64(4), np.int64(8), StandardScaler()]
  warnings.warn(
/bsuhome/alexanderemert/miniforge3/envs/starform-alex/lib/python3.14/site-packages/skopt/optimizer/optimizer.py:517: UserWarning: The objective has been evaluated at point [SimpleImputer(), np.int64(30), None, np.int64(1), np.int64(2), StandardScaler()] before, using random point [KNNImputer(), np.int64(5), None, np.int64(15), np.int64(11), RobustScaler()]
  warnings.warn(
/bsuhome/alexanderemert/miniforge3/envs/starform-alex/lib/python3.14/site-packages/skopt/optimizer/optimizer.py:517: UserWarning: The objective has been evaluated at point [SimpleImputer(), np.int64(30), None, np.int64(1), np.int64(2), StandardScaler()] before, using random point [SimpleImputer(strategy='median'), np.int64(11), None, np.int64(11), np.int64(15), StandardScaler()]
  warnings.warn(
/bsuhome/alexanderemert/miniforge3/envs/starform-alex/lib/python3.14/site-packages/skopt/optimizer/optimizer.py:517: UserWarning: The objective has been evaluated at point [SimpleImputer(), np.int64(30), None, np.int64(1), np.int64(2), StandardScaler()] before, using random point [SimpleImputer(strategy='median'), np.int64(21), None, np.int64(17), np.int64(15), RobustScaler()]
  warnings.warn(
/bsuhome/alexanderemert/miniforge3/envs/starform-alex/lib/python3.14/site-packages/skopt/optimizer/optimizer.py:517: UserWarning: The objective has been evaluated at point [SimpleImputer(), np.int64(30), None, np.int64(1), np.int64(2), StandardScaler()] before, using random point [SimpleImputer(), np.int64(21), 'sqrt', np.int64(2), np.int64(15), StandardScaler()]
  warnings.warn(
/bsuhome/alexanderemert/miniforge3/envs/starform-alex/lib/python3.14/site-packages/skopt/optimizer/optimizer.py:517: UserWarning: The objective has been evaluated at point [SimpleImputer(), np.int64(30), None, np.int64(1), np.int64(2), StandardScaler()] before, using random point [KNNImputer(), np.int64(4), None, np.int64(18), np.int64(17), StandardScaler()]
  warnings.warn(
/bsuhome/alexanderemert/miniforge3/envs/starform-alex/lib/python3.14/site-packages/skopt/optimizer/optimizer.py:517: UserWarning: The objective has been evaluated at point [SimpleImputer(), np.int64(30), None, np.int64(1), np.int64(2), StandardScaler()] before, using random point [KNNImputer(), np.int64(6), 'log2', np.int64(2), np.int64(15), RobustScaler()]
  warnings.warn(
/bsuhome/alexanderemert/miniforge3/envs/starform-alex/lib/python3.14/site-packages/skopt/optimizer/optimizer.py:517: UserWarning: The objective has been evaluated at point [SimpleImputer(), np.int64(30), None, np.int64(2), np.int64(2), StandardScaler()] before, using random point [SimpleImputer(strategy='median'), np.int64(14), 'log2', np.int64(17), np.int64(7), StandardScaler()]
  warnings.warn(
/bsuhome/alexanderemert/miniforge3/envs/starform-alex/lib/python3.14/site-packages/skopt/optimizer/optimizer.py:517: UserWarning: The objective has been evaluated at point [SimpleImputer(), np.int64(30), None, np.int64(2), np.int64(2), StandardScaler()] before, using random point [SimpleImputer(strategy='median'), np.int64(20), 'sqrt', np.int64(14), np.int64(11), 'passthrough']
  warnings.warn(
/bsuhome/alexanderemert/miniforge3/envs/starform-alex/lib/python3.14/site-packages/skopt/optimizer/optimizer.py:517: UserWarning: The objective has been evaluated at point [SimpleImputer(), np.int64(30), None, np.int64(2), np.int64(2), StandardScaler()] before, using random point [SimpleImputer(), np.int64(3), 'log2', np.int64(7), np.int64(20), StandardScaler()]
  warnings.warn(
/bsuhome/alexanderemert/miniforge3/envs/starform-alex/lib/python3.14/site-packages/skopt/optimizer/optimizer.py:517: UserWarning: The objective has been evaluated at point [SimpleImputer(), np.int64(30), None, np.int64(2), np.int64(2), StandardScaler()] before, using random point [KNNImputer(), np.int64(25), None, np.int64(7), np.int64(10), 'passthrough']
  warnings.warn(
/bsuhome/alexanderemert/miniforge3/envs/starform-alex/lib/python3.14/site-packages/skopt/optimizer/optimizer.py:517: UserWarning: The objective has been evaluated at point [SimpleImputer(), np.int64(30), None, np.int64(1), np.int64(2), StandardScaler()] before, using random point [SimpleImputer(strategy='median'), np.int64(9), None, np.int64(4), np.int64(10), 'passthrough']
  warnings.warn(
/bsuhome/alexanderemert/miniforge3/envs/starform-alex/lib/python3.14/site-packages/skopt/optimizer/optimizer.py:517: UserWarning: The objective has been evaluated at point [SimpleImputer(), np.int64(30), None, np.int64(1), np.int64(2), StandardScaler()] before, using random point [KNNImputer(), np.int64(6), 'log2', np.int64(17), np.int64(2), 'passthrough']
  warnings.warn(
/bsuhome/alexanderemert/miniforge3/envs/starform-alex/lib/python3.14/site-packages/skopt/optimizer/optimizer.py:517: UserWarning: The objective has been evaluated at point [SimpleImputer(), np.int64(30), None, np.int64(1), np.int64(2), StandardScaler()] before, using random point [SimpleImputer(), np.int64(15), 'log2', np.int64(12), np.int64(9), RobustScaler()]
  warnings.warn(
/bsuhome/alexanderemert/miniforge3/envs/starform-alex/lib/python3.14/site-packages/skopt/optimizer/optimizer.py:517: UserWarning: The objective has been evaluated at point [SimpleImputer(), np.int64(30), None, np.int64(1), np.int64(2), StandardScaler()] before, using random point [KNNImputer(), np.int64(14), None, np.int64(19), np.int64(15), StandardScaler()]
  warnings.warn(
/bsuhome/alexanderemert/miniforge3/envs/starform-alex/lib/python3.14/site-packages/skopt/optimizer/optimizer.py:517: UserWarning: The objective has been evaluated at point [SimpleImputer(), np.int64(30), None, np.int64(1), np.int64(2), StandardScaler()] before, using random point [KNNImputer(), np.int64(6), 'sqrt', np.int64(9), np.int64(19), 'passthrough']
  warnings.warn(
/bsuhome/alexanderemert/miniforge3/envs/starform-alex/lib/python3.14/site-packages/skopt/optimizer/optimizer.py:517: UserWarning: The objective has been evaluated at point [SimpleImputer(), np.int64(30), None, np.int64(1), np.int64(2), StandardScaler()] before, using random point [KNNImputer(), np.int64(8), None, np.int64(7), np.int64(13), 'passthrough']
  warnings.warn(
/bsuhome/alexanderemert/miniforge3/envs/starform-alex/lib/python3.14/site-packages/skopt/optimizer/optimizer.py:517: UserWarning: The objective has been evaluated at point [SimpleImputer(), np.int64(30), None, np.int64(1), np.int64(2), StandardScaler()] before, using random point [KNNImputer(), np.int64(25), None, np.int64(18), np.int64(3), StandardScaler()]
  warnings.warn(
/bsuhome/alexanderemert/miniforge3/envs/starform-alex/lib/python3.14/site-packages/skopt/optimizer/optimizer.py:517: UserWarning: The objective has been evaluated at point [SimpleImputer(), np.int64(30), None, np.int64(1), np.int64(2), StandardScaler()] before, using random point [SimpleImputer(strategy='median'), np.int64(24), None, np.int64(16), np.int64(19), 'passthrough']
  warnings.warn(
/bsuhome/alexanderemert/miniforge3/envs/starform-alex/lib/python3.14/site-packages/skopt/optimizer/optimizer.py:517: UserWarning: The objective has been evaluated at point [SimpleImputer(), np.int64(30), None, np.int64(1), np.int64(2), StandardScaler()] before, using random point [SimpleImputer(), np.int64(11), None, np.int64(17), np.int64(4), 'passthrough']
  warnings.warn(
/bsuhome/alexanderemert/miniforge3/envs/starform-alex/lib/python3.14/site-packages/skopt/optimizer/optimizer.py:517: UserWarning: The objective has been evaluated at point [SimpleImputer(), np.int64(30), None, np.int64(1), np.int64(2), StandardScaler()] before, using random point [SimpleImputer(strategy='median'), np.int64(26), 'sqrt', np.int64(19), np.int64(19), StandardScaler()]
  warnings.warn(
/bsuhome/alexanderemert/miniforge3/envs/starform-alex/lib/python3.14/site-packages/skopt/optimizer/optimizer.py:517: UserWarning: The objective has been evaluated at point [SimpleImputer(), np.int64(30), None, np.int64(1), np.int64(2), StandardScaler()] before, using random point [SimpleImputer(), np.int64(22), 'log2', np.int64(2), np.int64(10), 'passthrough']
  warnings.warn(
/bsuhome/alexanderemert/miniforge3/envs/starform-alex/lib/python3.14/site-packages/skopt/optimizer/optimizer.py:517: UserWarning: The objective has been evaluated at point [SimpleImputer(), np.int64(30), None, np.int64(2), np.int64(2), StandardScaler()] before, using random point [KNNImputer(), np.int64(13), 'log2', np.int64(11), np.int64(16), RobustScaler()]
  warnings.warn(
/bsuhome/alexanderemert/miniforge3/envs/starform-alex/lib/python3.14/site-packages/skopt/optimizer/optimizer.py:517: UserWarning: The objective has been evaluated at point [SimpleImputer(), np.int64(30), None, np.int64(2), np.int64(2), StandardScaler()] before, using random point [KNNImputer(), np.int64(10), None, np.int64(9), np.int64(16), StandardScaler()]
  warnings.warn(
/bsuhome/alexanderemert/miniforge3/envs/starform-alex/lib/python3.14/site-packages/skopt/optimizer/optimizer.py:517: UserWarning: The objective has been evaluated at point [SimpleImputer(), np.int64(30), None, np.int64(2), np.int64(2), StandardScaler()] before, using random point [SimpleImputer(), np.int64(27), 'log2', np.int64(10), np.int64(4), RobustScaler()]
  warnings.warn(
/bsuhome/alexanderemert/miniforge3/envs/starform-alex/lib/python3.14/site-packages/skopt/optimizer/optimizer.py:517: UserWarning: The objective has been evaluated at point [SimpleImputer(), np.int64(30), None, np.int64(2), np.int64(2), StandardScaler()] before, using random point [SimpleImputer(strategy='median'), np.int64(13), 'log2', np.int64(16), np.int64(9), RobustScaler()]
  warnings.warn(
/bsuhome/alexanderemert/miniforge3/envs/starform-alex/lib/python3.14/site-packages/skopt/optimizer/optimizer.py:517: UserWarning: The objective has been evaluated at point [SimpleImputer(), np.int64(30), None, np.int64(2), np.int64(2), StandardScaler()] before, using random point [SimpleImputer(), np.int64(27), 'sqrt', np.int64(9), np.int64(4), RobustScaler()]
  warnings.warn(
/bsuhome/alexanderemert/miniforge3/envs/starform-alex/lib/python3.14/site-packages/skopt/optimizer/optimizer.py:517: UserWarning: The objective has been evaluated at point [SimpleImputer(), np.int64(30), None, np.int64(2), np.int64(2), StandardScaler()] before, using random point [SimpleImputer(), np.int64(6), None, np.int64(4), np.int64(12), StandardScaler()]
  warnings.warn(
/bsuhome/alexanderemert/miniforge3/envs/starform-alex/lib/python3.14/site-packages/skopt/optimizer/optimizer.py:517: UserWarning: The objective has been evaluated at point [SimpleImputer(), np.int64(30), None, np.int64(1), np.int64(2), StandardScaler()] before, using random point [KNNImputer(), np.int64(24), 'sqrt', np.int64(13), np.int64(5), StandardScaler()]
  warnings.warn(
/bsuhome/alexanderemert/miniforge3/envs/starform-alex/lib/python3.14/site-packages/skopt/optimizer/optimizer.py:517: UserWarning: The objective has been evaluated at point [SimpleImputer(), np.int64(30), None, np.int64(2), np.int64(2), StandardScaler()] before, using random point [KNNImputer(), np.int64(9), 'log2', np.int64(2), np.int64(3), 'passthrough']
  warnings.warn(
/bsuhome/alexanderemert/miniforge3/envs/starform-alex/lib/python3.14/site-packages/skopt/optimizer/optimizer.py:517: UserWarning: The objective has been evaluated at point [SimpleImputer(), np.int64(30), None, np.int64(1), np.int64(2), StandardScaler()] before, using random point [KNNImputer(), np.int64(17), None, np.int64(11), np.int64(10), 'passthrough']
  warnings.warn(
/bsuhome/alexanderemert/miniforge3/envs/starform-alex/lib/python3.14/site-packages/skopt/optimizer/optimizer.py:517: UserWarning: The objective has been evaluated at point [SimpleImputer(), np.int64(30), None, np.int64(1), np.int64(2), StandardScaler()] before, using random point [SimpleImputer(), np.int64(19), 'sqrt', np.int64(18), np.int64(7), 'passthrough']
  warnings.warn(
/bsuhome/alexanderemert/miniforge3/envs/starform-alex/lib/python3.14/site-packages/skopt/optimizer/optimizer.py:517: UserWarning: The objective has been evaluated at point [SimpleImputer(), np.int64(30), None, np.int64(1), np.int64(2), StandardScaler()] before, using random point [SimpleImputer(strategy='median'), np.int64(17), 'log2', np.int64(3), np.int64(6), RobustScaler()]
  warnings.warn(
/bsuhome/alexanderemert/miniforge3/envs/starform-alex/lib/python3.14/site-packages/skopt/optimizer/optimizer.py:517: UserWarning: The objective has been evaluated at point [SimpleImputer(), np.int64(30), None, np.int64(1), np.int64(2), StandardScaler()] before, using random point [SimpleImputer(strategy='median'), np.int64(11), 'log2', np.int64(11), np.int64(14), RobustScaler()]
  warnings.warn(
/bsuhome/alexanderemert/miniforge3/envs/starform-alex/lib/python3.14/site-packages/skopt/optimizer/optimizer.py:517: UserWarning: The objective has been evaluated at point [SimpleImputer(), np.int64(30), None, np.int64(1), np.int64(2), StandardScaler()] before, using random point [KNNImputer(), np.int64(5), 'sqrt', np.int64(18), np.int64(11), RobustScaler()]
  warnings.warn(
/bsuhome/alexanderemert/miniforge3/envs/starform-alex/lib/python3.14/site-packages/skopt/optimizer/optimizer.py:517: UserWarning: The objective has been evaluated at point [SimpleImputer(), np.int64(30), None, np.int64(1), np.int64(2), StandardScaler()] before, using random point [SimpleImputer(strategy='median'), np.int64(28), 'log2', np.int64(16), np.int64(13), StandardScaler()]
  warnings.warn(
/bsuhome/alexanderemert/miniforge3/envs/starform-alex/lib/python3.14/site-packages/skopt/optimizer/optimizer.py:517: UserWarning: The objective has been evaluated at point [SimpleImputer(), np.int64(30), None, np.int64(1), np.int64(2), StandardScaler()] before, using random point [SimpleImputer(), np.int64(23), 'sqrt', np.int64(9), np.int64(4), RobustScaler()]
  warnings.warn(
/bsuhome/alexanderemert/miniforge3/envs/starform-alex/lib/python3.14/site-packages/skopt/optimizer/optimizer.py:517: UserWarning: The objective has been evaluated at point [SimpleImputer(), np.int64(30), None, np.int64(1), np.int64(2), StandardScaler()] before, using random point [SimpleImputer(strategy='median'), np.int64(24), None, np.int64(17), np.int64(14), StandardScaler()]
  warnings.warn(
/bsuhome/alexanderemert/miniforge3/envs/starform-alex/lib/python3.14/site-packages/skopt/optimizer/optimizer.py:517: UserWarning: The objective has been evaluated at point [SimpleImputer(), np.int64(30), None, np.int64(1), np.int64(2), StandardScaler()] before, using random point [KNNImputer(), np.int64(27), 'sqrt', np.int64(7), np.int64(15), 'passthrough']
  warnings.warn(
/bsuhome/alexanderemert/miniforge3/envs/starform-alex/lib/python3.14/site-packages/skopt/optimizer/optimizer.py:517: UserWarning: The objective has been evaluated at point [SimpleImputer(), np.int64(30), None, np.int64(2), np.int64(2), StandardScaler()] before, using random point [KNNImputer(), np.int64(7), None, np.int64(13), np.int64(3), StandardScaler()]
  warnings.warn(
/bsuhome/alexanderemert/miniforge3/envs/starform-alex/lib/python3.14/site-packages/skopt/optimizer/optimizer.py:517: UserWarning: The objective has been evaluated at point [SimpleImputer(), np.int64(30), None, np.int64(2), np.int64(2), StandardScaler()] before, using random point [SimpleImputer(), np.int64(17), 'sqrt', np.int64(13), np.int64(7), StandardScaler()]
  warnings.warn(
/bsuhome/alexanderemert/miniforge3/envs/starform-alex/lib/python3.14/site-packages/skopt/optimizer/optimizer.py:517: UserWarning: The objective has been evaluated at point [SimpleImputer(), np.int64(30), None, np.int64(2), np.int64(2), StandardScaler()] before, using random point [SimpleImputer(), np.int64(22), 'log2', np.int64(12), np.int64(2), StandardScaler()]
  warnings.warn(
/bsuhome/alexanderemert/miniforge3/envs/starform-alex/lib/python3.14/site-packages/skopt/optimizer/optimizer.py:517: UserWarning: The objective has been evaluated at point [SimpleImputer(), np.int64(30), None, np.int64(2), np.int64(2), StandardScaler()] before, using random point [SimpleImputer(strategy='median'), np.int64(26), None, np.int64(10), np.int64(15), 'passthrough']
  warnings.warn(
/bsuhome/alexanderemert/miniforge3/envs/starform-alex/lib/python3.14/site-packages/skopt/optimizer/optimizer.py:517: UserWarning: The objective has been evaluated at point [SimpleImputer(), np.int64(30), None, np.int64(2), np.int64(2), StandardScaler()] before, using random point [SimpleImputer(strategy='median'), np.int64(7), 'log2', np.int64(18), np.int64(18), 'passthrough']
  warnings.warn(
/bsuhome/alexanderemert/miniforge3/envs/starform-alex/lib/python3.14/site-packages/skopt/optimizer/optimizer.py:517: UserWarning: The objective has been evaluated at point [SimpleImputer(), np.int64(30), None, np.int64(2), np.int64(2), StandardScaler()] before, using random point [SimpleImputer(), np.int64(23), None, np.int64(7), np.int64(15), StandardScaler()]
  warnings.warn(
/bsuhome/alexanderemert/miniforge3/envs/starform-alex/lib/python3.14/site-packages/skopt/optimizer/optimizer.py:517: UserWarning: The objective has been evaluated at point [SimpleImputer(), np.int64(30), None, np.int64(1), np.int64(2), StandardScaler()] before, using random point [KNNImputer(), np.int64(23), 'log2', np.int64(18), np.int64(4), RobustScaler()]
  warnings.warn(
/bsuhome/alexanderemert/miniforge3/envs/starform-alex/lib/python3.14/site-packages/skopt/optimizer/optimizer.py:517: UserWarning: The objective has been evaluated at point [SimpleImputer(), np.int64(30), None, np.int64(1), np.int64(2), StandardScaler()] before, using random point [SimpleImputer(strategy='median'), np.int64(9), 'log2', np.int64(9), np.int64(15), 'passthrough']
  warnings.warn(
/bsuhome/alexanderemert/miniforge3/envs/starform-alex/lib/python3.14/site-packages/skopt/optimizer/optimizer.py:517: UserWarning: The objective has been evaluated at point [SimpleImputer(), np.int64(30), None, np.int64(1), np.int64(2), StandardScaler()] before, using random point [KNNImputer(), np.int64(24), 'sqrt', np.int64(19), np.int64(8), 'passthrough']
  warnings.warn(
/bsuhome/alexanderemert/miniforge3/envs/starform-alex/lib/python3.14/site-packages/skopt/optimizer/optimizer.py:517: UserWarning: The objective has been evaluated at point [SimpleImputer(), np.int64(30), None, np.int64(1), np.int64(2), StandardScaler()] before, using random point [SimpleImputer(strategy='median'), np.int64(22), 'log2', np.int64(17), np.int64(9), StandardScaler()]
  warnings.warn(
/bsuhome/alexanderemert/miniforge3/envs/starform-alex/lib/python3.14/site-packages/skopt/optimizer/optimizer.py:517: UserWarning: The objective has been evaluated at point [SimpleImputer(), np.int64(30), None, np.int64(1), np.int64(2), StandardScaler()] before, using random point [SimpleImputer(strategy='median'), np.int64(9), 'sqrt', np.int64(5), np.int64(6), RobustScaler()]
  warnings.warn(
/bsuhome/alexanderemert/miniforge3/envs/starform-alex/lib/python3.14/site-packages/skopt/optimizer/optimizer.py:517: UserWarning: The objective has been evaluated at point [SimpleImputer(), np.int64(30), None, np.int64(1), np.int64(2), StandardScaler()] before, using random point [SimpleImputer(), np.int64(30), None, np.int64(10), np.int64(4), 'passthrough']
  warnings.warn(
/bsuhome/alexanderemert/miniforge3/envs/starform-alex/lib/python3.14/site-packages/skopt/optimizer/optimizer.py:517: UserWarning: The objective has been evaluated at point [SimpleImputer(), np.int64(30), None, np.int64(1), np.int64(2), StandardScaler()] before, using random point [KNNImputer(), np.int64(21), None, np.int64(15), np.int64(9), 'passthrough']
  warnings.warn(
/bsuhome/alexanderemert/miniforge3/envs/starform-alex/lib/python3.14/site-packages/skopt/optimizer/optimizer.py:517: UserWarning: The objective has been evaluated at point [SimpleImputer(), np.int64(30), None, np.int64(1), np.int64(2), StandardScaler()] before, using random point [SimpleImputer(strategy='median'), np.int64(13), None, np.int64(13), np.int64(18), RobustScaler()]
  warnings.warn(
/bsuhome/alexanderemert/miniforge3/envs/starform-alex/lib/python3.14/site-packages/skopt/optimizer/optimizer.py:517: UserWarning: The objective has been evaluated at point [SimpleImputer(), np.int64(30), None, np.int64(1), np.int64(2), StandardScaler()] before, using random point [KNNImputer(), np.int64(23), 'sqrt', np.int64(17), np.int64(5), RobustScaler()]
  warnings.warn(
/bsuhome/alexanderemert/miniforge3/envs/starform-alex/lib/python3.14/site-packages/skopt/optimizer/optimizer.py:517: UserWarning: The objective has been evaluated at point [SimpleImputer(), np.int64(30), None, np.int64(1), np.int64(2), StandardScaler()] before, using random point [SimpleImputer(), np.int64(24), 'log2', np.int64(16), np.int64(12), StandardScaler()]
  warnings.warn(
/bsuhome/alexanderemert/miniforge3/envs/starform-alex/lib/python3.14/site-packages/skopt/optimizer/optimizer.py:517: UserWarning: The objective has been evaluated at point [SimpleImputer(), np.int64(30), None, np.int64(1), np.int64(2), StandardScaler()] before, using random point [SimpleImputer(strategy='median'), np.int64(20), 'sqrt', np.int64(13), np.int64(14), StandardScaler()]
  warnings.warn(
/bsuhome/alexanderemert/miniforge3/envs/starform-alex/lib/python3.14/site-packages/skopt/optimizer/optimizer.py:517: UserWarning: The objective has been evaluated at point [SimpleImputer(), np.int64(30), None, np.int64(1), np.int64(2), StandardScaler()] before, using random point [KNNImputer(), np.int64(10), None, np.int64(3), np.int64(13), RobustScaler()]
  warnings.warn(
/bsuhome/alexanderemert/miniforge3/envs/starform-alex/lib/python3.14/site-packages/skopt/optimizer/optimizer.py:517: UserWarning: The objective has been evaluated at point [SimpleImputer(), np.int64(30), None, np.int64(1), np.int64(2), StandardScaler()] before, using random point [SimpleImputer(strategy='median'), np.int64(5), 'log2', np.int64(14), np.int64(13), StandardScaler()]
  warnings.warn(
/bsuhome/alexanderemert/miniforge3/envs/starform-alex/lib/python3.14/site-packages/skopt/optimizer/optimizer.py:517: UserWarning: The objective has been evaluated at point [SimpleImputer(), np.int64(30), None, np.int64(1), np.int64(2), StandardScaler()] before, using random point [SimpleImputer(strategy='median'), np.int64(16), 'log2', np.int64(20), np.int64(8), RobustScaler()]
  warnings.warn(
/bsuhome/alexanderemert/miniforge3/envs/starform-alex/lib/python3.14/site-packages/skopt/optimizer/optimizer.py:517: UserWarning: The objective has been evaluated at point [SimpleImputer(), np.int64(30), None, np.int64(1), np.int64(2), StandardScaler()] before, using random point [KNNImputer(), np.int64(8), 'sqrt', np.int64(16), np.int64(14), 'passthrough']
  warnings.warn(
/bsuhome/alexanderemert/miniforge3/envs/starform-alex/lib/python3.14/site-packages/skopt/optimizer/optimizer.py:517: UserWarning: The objective has been evaluated at point [SimpleImputer(), np.int64(30), None, np.int64(2), np.int64(2), StandardScaler()] before, using random point [KNNImputer(), np.int64(20), 'sqrt', np.int64(13), np.int64(6), StandardScaler()]
  warnings.warn(
/bsuhome/alexanderemert/miniforge3/envs/starform-alex/lib/python3.14/site-packages/skopt/optimizer/optimizer.py:517: UserWarning: The objective has been evaluated at point [SimpleImputer(), np.int64(30), None, np.int64(2), np.int64(2), StandardScaler()] before, using random point [SimpleImputer(), np.int64(15), 'log2', np.int64(4), np.int64(13), RobustScaler()]
  warnings.warn(
/bsuhome/alexanderemert/miniforge3/envs/starform-alex/lib/python3.14/site-packages/skopt/optimizer/optimizer.py:517: UserWarning: The objective has been evaluated at point [SimpleImputer(), np.int64(30), None, np.int64(2), np.int64(2), StandardScaler()] before, using random point [KNNImputer(), np.int64(4), 'log2', np.int64(14), np.int64(4), 'passthrough']
  warnings.warn(
/bsuhome/alexanderemert/miniforge3/envs/starform-alex/lib/python3.14/site-packages/skopt/optimizer/optimizer.py:517: UserWarning: The objective has been evaluated at point [SimpleImputer(), np.int64(30), None, np.int64(2), np.int64(2), StandardScaler()] before, using random point [SimpleImputer(strategy='median'), np.int64(20), 'sqrt', np.int64(2), np.int64(9), StandardScaler()]
  warnings.warn(
/bsuhome/alexanderemert/miniforge3/envs/starform-alex/lib/python3.14/site-packages/skopt/optimizer/optimizer.py:517: UserWarning: The objective has been evaluated at point [KNNImputer(), np.int64(30), None, np.int64(2), np.int64(2), StandardScaler()] before, using random point [SimpleImputer(), np.int64(29), 'sqrt', np.int64(3), np.int64(16), 'passthrough']
  warnings.warn(
/bsuhome/alexanderemert/miniforge3/envs/starform-alex/lib/python3.14/site-packages/skopt/optimizer/optimizer.py:517: UserWarning: The objective has been evaluated at point [SimpleImputer(), np.int64(30), None, np.int64(2), np.int64(2), StandardScaler()] before, using random point [SimpleImputer(), np.int64(3), None, np.int64(10), np.int64(4), 'passthrough']
  warnings.warn(
/bsuhome/alexanderemert/miniforge3/envs/starform-alex/lib/python3.14/site-packages/skopt/optimizer/optimizer.py:517: UserWarning: The objective has been evaluated at point [SimpleImputer(), np.int64(30), None, np.int64(2), np.int64(2), StandardScaler()] before, using random point [KNNImputer(), np.int64(5), None, np.int64(3), np.int64(5), RobustScaler()]
  warnings.warn(
/bsuhome/alexanderemert/miniforge3/envs/starform-alex/lib/python3.14/site-packages/skopt/optimizer/optimizer.py:517: UserWarning: The objective has been evaluated at point [SimpleImputer(), np.int64(30), None, np.int64(2), np.int64(2), StandardScaler()] before, using random point [SimpleImputer(strategy='median'), np.int64(14), None, np.int64(6), np.int64(4), StandardScaler()]
  warnings.warn(
/bsuhome/alexanderemert/miniforge3/envs/starform-alex/lib/python3.14/site-packages/skopt/optimizer/optimizer.py:517: UserWarning: The objective has been evaluated at point [SimpleImputer(), np.int64(30), None, np.int64(2), np.int64(2), StandardScaler()] before, using random point [KNNImputer(), np.int64(5), None, np.int64(8), np.int64(19), RobustScaler()]
  warnings.warn(
/bsuhome/alexanderemert/miniforge3/envs/starform-alex/lib/python3.14/site-packages/skopt/optimizer/optimizer.py:517: UserWarning: The objective has been evaluated at point [SimpleImputer(), np.int64(30), None, np.int64(2), np.int64(2), StandardScaler()] before, using random point [KNNImputer(), np.int64(12), None, np.int64(17), np.int64(18), RobustScaler()]
  warnings.warn(
/bsuhome/alexanderemert/miniforge3/envs/starform-alex/lib/python3.14/site-packages/skopt/optimizer/optimizer.py:517: UserWarning: The objective has been evaluated at point [SimpleImputer(), np.int64(30), None, np.int64(2), np.int64(2), StandardScaler()] before, using random point [SimpleImputer(strategy='median'), np.int64(17), None, np.int64(2), np.int64(16), 'passthrough']
  warnings.warn(
/bsuhome/alexanderemert/miniforge3/envs/starform-alex/lib/python3.14/site-packages/skopt/optimizer/optimizer.py:517: UserWarning: The objective has been evaluated at point [SimpleImputer(), np.int64(30), None, np.int64(2), np.int64(2), StandardScaler()] before, using random point [SimpleImputer(), np.int64(20), 'sqrt', np.int64(5), np.int64(2), StandardScaler()]
  warnings.warn(
/bsuhome/alexanderemert/miniforge3/envs/starform-alex/lib/python3.14/site-packages/skopt/optimizer/optimizer.py:517: UserWarning: The objective has been evaluated at point [SimpleImputer(), np.int64(30), None, np.int64(2), np.int64(2), StandardScaler()] before, using random point [SimpleImputer(strategy='median'), np.int64(26), 'sqrt', np.int64(13), np.int64(3), 'passthrough']
  warnings.warn(
/bsuhome/alexanderemert/miniforge3/envs/starform-alex/lib/python3.14/site-packages/skopt/optimizer/optimizer.py:517: UserWarning: The objective has been evaluated at point [SimpleImputer(), np.int64(30), None, np.int64(2), np.int64(2), StandardScaler()] before, using random point [SimpleImputer(strategy='median'), np.int64(29), 'sqrt', np.int64(2), np.int64(6), StandardScaler()]
  warnings.warn(
/bsuhome/alexanderemert/miniforge3/envs/starform-alex/lib/python3.14/site-packages/skopt/optimizer/optimizer.py:517: UserWarning: The objective has been evaluated at point [SimpleImputer(), np.int64(30), None, np.int64(2), np.int64(2), StandardScaler()] before, using random point [SimpleImputer(strategy='median'), np.int64(19), 'sqrt', np.int64(19), np.int64(20), 'passthrough']
  warnings.warn(
/bsuhome/alexanderemert/miniforge3/envs/starform-alex/lib/python3.14/site-packages/skopt/optimizer/optimizer.py:517: UserWarning: The objective has been evaluated at point [SimpleImputer(), np.int64(30), None, np.int64(2), np.int64(2), StandardScaler()] before, using random point [SimpleImputer(), np.int64(20), None, np.int64(10), np.int64(14), 'passthrough']
  warnings.warn(
/bsuhome/alexanderemert/miniforge3/envs/starform-alex/lib/python3.14/site-packages/skopt/optimizer/optimizer.py:517: UserWarning: The objective has been evaluated at point [SimpleImputer(), np.int64(30), None, np.int64(2), np.int64(2), StandardScaler()] before, using random point [SimpleImputer(strategy='median'), np.int64(22), 'log2', np.int64(3), np.int64(3), StandardScaler()]
  warnings.warn(
/bsuhome/alexanderemert/miniforge3/envs/starform-alex/lib/python3.14/site-packages/skopt/optimizer/optimizer.py:517: UserWarning: The objective has been evaluated at point [SimpleImputer(), np.int64(30), None, np.int64(2), np.int64(2), StandardScaler()] before, using random point [SimpleImputer(strategy='median'), np.int64(5), 'log2', np.int64(11), np.int64(2), StandardScaler()]
  warnings.warn(
/bsuhome/alexanderemert/miniforge3/envs/starform-alex/lib/python3.14/site-packages/skopt/optimizer/optimizer.py:517: UserWarning: The objective has been evaluated at point [SimpleImputer(), np.int64(30), None, np.int64(2), np.int64(2), StandardScaler()] before, using random point [SimpleImputer(), np.int64(5), None, np.int64(18), np.int64(9), StandardScaler()]
  warnings.warn(
/bsuhome/alexanderemert/miniforge3/envs/starform-alex/lib/python3.14/site-packages/skopt/optimizer/optimizer.py:517: UserWarning: The objective has been evaluated at point [SimpleImputer(), np.int64(30), None, np.int64(2), np.int64(2), StandardScaler()] before, using random point [SimpleImputer(), np.int64(30), 'sqrt', np.int64(14), np.int64(19), 'passthrough']
  warnings.warn(
/bsuhome/alexanderemert/miniforge3/envs/starform-alex/lib/python3.14/site-packages/skopt/optimizer/optimizer.py:517: UserWarning: The objective has been evaluated at point [SimpleImputer(), np.int64(30), None, np.int64(2), np.int64(2), StandardScaler()] before, using random point [SimpleImputer(strategy='median'), np.int64(3), None, np.int64(17), np.int64(7), RobustScaler()]
  warnings.warn(
/bsuhome/alexanderemert/miniforge3/envs/starform-alex/lib/python3.14/site-packages/skopt/optimizer/optimizer.py:517: UserWarning: The objective has been evaluated at point [SimpleImputer(), np.int64(30), None, np.int64(2), np.int64(2), StandardScaler()] before, using random point [KNNImputer(), np.int64(19), None, np.int64(4), np.int64(7), 'passthrough']
  warnings.warn(
/bsuhome/alexanderemert/miniforge3/envs/starform-alex/lib/python3.14/site-packages/skopt/optimizer/optimizer.py:517: UserWarning: The objective has been evaluated at point [SimpleImputer(), np.int64(30), None, np.int64(2), np.int64(2), StandardScaler()] before, using random point [KNNImputer(), np.int64(4), None, np.int64(10), np.int64(17), StandardScaler()]
  warnings.warn(
/bsuhome/alexanderemert/miniforge3/envs/starform-alex/lib/python3.14/site-packages/skopt/optimizer/optimizer.py:517: UserWarning: The objective has been evaluated at point [SimpleImputer(), np.int64(30), None, np.int64(2), np.int64(2), StandardScaler()] before, using random point [KNNImputer(), np.int64(26), 'sqrt', np.int64(6), np.int64(16), RobustScaler()]
  warnings.warn(
/bsuhome/alexanderemert/miniforge3/envs/starform-alex/lib/python3.14/site-packages/skopt/optimizer/optimizer.py:517: UserWarning: The objective has been evaluated at point [SimpleImputer(), np.int64(30), None, np.int64(2), np.int64(2), StandardScaler()] before, using random point [KNNImputer(), np.int64(3), 'log2', np.int64(17), np.int64(17), RobustScaler()]
  warnings.warn(
/bsuhome/alexanderemert/miniforge3/envs/starform-alex/lib/python3.14/site-packages/skopt/optimizer/optimizer.py:517: UserWarning: The objective has been evaluated at point [SimpleImputer(), np.int64(30), None, np.int64(2), np.int64(2), StandardScaler()] before, using random point [SimpleImputer(strategy='median'), np.int64(14), None, np.int64(10), np.int64(16), StandardScaler()]
  warnings.warn(
/bsuhome/alexanderemert/miniforge3/envs/starform-alex/lib/python3.14/site-packages/skopt/optimizer/optimizer.py:517: UserWarning: The objective has been evaluated at point [SimpleImputer(), np.int64(30), None, np.int64(2), np.int64(2), StandardScaler()] before, using random point [SimpleImputer(strategy='median'), np.int64(26), 'log2', np.int64(19), np.int64(14), StandardScaler()]
  warnings.warn(
/bsuhome/alexanderemert/miniforge3/envs/starform-alex/lib/python3.14/site-packages/skopt/optimizer/optimizer.py:517: UserWarning: The objective has been evaluated at point [SimpleImputer(), np.int64(30), None, np.int64(2), np.int64(2), StandardScaler()] before, using random point [SimpleImputer(), np.int64(28), None, np.int64(12), np.int64(19), RobustScaler()]
  warnings.warn(
/bsuhome/alexanderemert/miniforge3/envs/starform-alex/lib/python3.14/site-packages/skopt/optimizer/optimizer.py:517: UserWarning: The objective has been evaluated at point [SimpleImputer(), np.int64(30), None, np.int64(2), np.int64(2), StandardScaler()] before, using random point [SimpleImputer(strategy='median'), np.int64(12), 'log2', np.int64(17), np.int64(12), RobustScaler()]
  warnings.warn(
/bsuhome/alexanderemert/miniforge3/envs/starform-alex/lib/python3.14/site-packages/skopt/optimizer/optimizer.py:517: UserWarning: The objective has been evaluated at point [SimpleImputer(), np.int64(30), None, np.int64(2), np.int64(2), StandardScaler()] before, using random point [SimpleImputer(strategy='median'), np.int64(26), 'log2', np.int64(12), np.int64(10), RobustScaler()]
  warnings.warn(
/bsuhome/alexanderemert/miniforge3/envs/starform-alex/lib/python3.14/site-packages/skopt/optimizer/optimizer.py:517: UserWarning: The objective has been evaluated at point [SimpleImputer(), np.int64(30), None, np.int64(2), np.int64(2), StandardScaler()] before, using random point [SimpleImputer(), np.int64(5), 'sqrt', np.int64(4), np.int64(4), RobustScaler()]
  warnings.warn(
/bsuhome/alexanderemert/miniforge3/envs/starform-alex/lib/python3.14/site-packages/skopt/optimizer/optimizer.py:517: UserWarning: The objective has been evaluated at point [SimpleImputer(), np.int64(30), None, np.int64(2), np.int64(2), StandardScaler()] before, using random point [SimpleImputer(strategy='median'), np.int64(13), None, np.int64(12), np.int64(18), RobustScaler()]
  warnings.warn(
/bsuhome/alexanderemert/miniforge3/envs/starform-alex/lib/python3.14/site-packages/skopt/optimizer/optimizer.py:517: UserWarning: The objective has been evaluated at point [SimpleImputer(), np.int64(30), None, np.int64(2), np.int64(2), StandardScaler()] before, using random point [SimpleImputer(), np.int64(11), None, np.int64(11), np.int64(7), 'passthrough']
  warnings.warn(
/bsuhome/alexanderemert/miniforge3/envs/starform-alex/lib/python3.14/site-packages/skopt/optimizer/optimizer.py:517: UserWarning: The objective has been evaluated at point [SimpleImputer(), np.int64(30), None, np.int64(2), np.int64(2), StandardScaler()] before, using random point [KNNImputer(), np.int64(21), 'sqrt', np.int64(11), np.int64(16), StandardScaler()]
  warnings.warn(
/bsuhome/alexanderemert/miniforge3/envs/starform-alex/lib/python3.14/site-packages/skopt/optimizer/optimizer.py:517: UserWarning: The objective has been evaluated at point [SimpleImputer(), np.int64(30), None, np.int64(2), np.int64(2), StandardScaler()] before, using random point [SimpleImputer(strategy='median'), np.int64(13), None, np.int64(15), np.int64(9), 'passthrough']
  warnings.warn(
/bsuhome/alexanderemert/miniforge3/envs/starform-alex/lib/python3.14/site-packages/skopt/optimizer/optimizer.py:517: UserWarning: The objective has been evaluated at point [SimpleImputer(), np.int64(30), None, np.int64(2), np.int64(2), StandardScaler()] before, using random point [SimpleImputer(strategy='median'), np.int64(30), None, np.int64(12), np.int64(11), 'passthrough']
  warnings.warn(
/bsuhome/alexanderemert/miniforge3/envs/starform-alex/lib/python3.14/site-packages/skopt/optimizer/optimizer.py:517: UserWarning: The objective has been evaluated at point [SimpleImputer(), np.int64(30), None, np.int64(2), np.int64(2), StandardScaler()] before, using random point [SimpleImputer(), np.int64(28), 'sqrt', np.int64(12), np.int64(8), StandardScaler()]
  warnings.warn(
/bsuhome/alexanderemert/miniforge3/envs/starform-alex/lib/python3.14/site-packages/skopt/optimizer/optimizer.py:517: UserWarning: The objective has been evaluated at point [SimpleImputer(), np.int64(30), None, np.int64(2), np.int64(2), StandardScaler()] before, using random point [SimpleImputer(), np.int64(16), 'log2', np.int64(18), np.int64(11), RobustScaler()]
  warnings.warn(
/bsuhome/alexanderemert/miniforge3/envs/starform-alex/lib/python3.14/site-packages/skopt/optimizer/optimizer.py:517: UserWarning: The objective has been evaluated at point [SimpleImputer(), np.int64(30), None, np.int64(2), np.int64(2), StandardScaler()] before, using random point [SimpleImputer(strategy='median'), np.int64(11), 'log2', np.int64(13), np.int64(18), StandardScaler()]
  warnings.warn(
/bsuhome/alexanderemert/miniforge3/envs/starform-alex/lib/python3.14/site-packages/skopt/optimizer/optimizer.py:517: UserWarning: The objective has been evaluated at point [SimpleImputer(), np.int64(30), None, np.int64(2), np.int64(2), StandardScaler()] before, using random point [SimpleImputer(), np.int64(20), None, np.int64(5), np.int64(7), RobustScaler()]
  warnings.warn(
/bsuhome/alexanderemert/miniforge3/envs/starform-alex/lib/python3.14/site-packages/skopt/optimizer/optimizer.py:517: UserWarning: The objective has been evaluated at point [SimpleImputer(), np.int64(26), None, np.int64(1), np.int64(10), np.str_('passthrough')] before, using random point [SimpleImputer(strategy='median'), np.int64(7), None, np.int64(9), np.int64(13), StandardScaler()]
  warnings.warn(
/bsuhome/alexanderemert/miniforge3/envs/starform-alex/lib/python3.14/site-packages/skopt/optimizer/optimizer.py:517: UserWarning: The objective has been evaluated at point [SimpleImputer(), np.int64(10), None, np.int64(1), np.int64(2), StandardScaler()] before, using random point [KNNImputer(), np.int64(26), None, np.int64(5), np.int64(6), RobustScaler()]
  warnings.warn(
/bsuhome/alexanderemert/miniforge3/envs/starform-alex/lib/python3.14/site-packages/skopt/optimizer/optimizer.py:517: UserWarning: The objective has been evaluated at point [SimpleImputer(), np.int64(11), None, np.int64(1), np.int64(2), StandardScaler()] before, using random point [KNNImputer(), np.int64(29), 'sqrt', np.int64(16), np.int64(10), StandardScaler()]
  warnings.warn(
/bsuhome/alexanderemert/miniforge3/envs/starform-alex/lib/python3.14/site-packages/skopt/optimizer/optimizer.py:517: UserWarning: The objective has been evaluated at point [SimpleImputer(), np.int64(23), np.str_('sqrt'), np.int64(1), np.int64(2), StandardScaler()] before, using random point [SimpleImputer(strategy='median'), np.int64(19), 'sqrt', np.int64(8), np.int64(18), 'passthrough']
  warnings.warn(
