/bsuhome/alexanderemert/miniforge3/envs/starform-alex/lib/python3.14/site-packages/skopt/optimizer/optimizer.py:517: UserWarning: The objective has been evaluated at point [SimpleImputer(), np.int64(30), np.str_('sqrt'), np.int64(3), np.int64(2), RobustScaler()] before, using random point [KNNImputer(), np.int64(25), 'sqrt', np.int64(12), np.int64(16), RobustScaler()]
  warnings.warn(
/bsuhome/alexanderemert/miniforge3/envs/starform-alex/lib/python3.14/site-packages/skopt/optimizer/optimizer.py:517: UserWarning: The objective has been evaluated at point [SimpleImputer(), np.int64(29), None, np.int64(3), np.int64(2), RobustScaler()] before, using random point [KNNImputer(), np.int64(8), 'sqrt', np.int64(5), np.int64(3), RobustScaler()]
  warnings.warn(
/bsuhome/alexanderemert/miniforge3/envs/starform-alex/lib/python3.14/site-packages/skopt/optimizer/optimizer.py:517: UserWarning: The objective has been evaluated at point [SimpleImputer(), np.int64(29), None, np.int64(3), np.int64(2), RobustScaler()] before, using random point [SimpleImputer(), np.int64(5), 'log2', np.int64(6), np.int64(13), RobustScaler()]
  warnings.warn(
/bsuhome/alexanderemert/miniforge3/envs/starform-alex/lib/python3.14/site-packages/skopt/optimizer/optimizer.py:517: UserWarning: The objective has been evaluated at point [SimpleImputer(), np.int64(29), None, np.int64(3), np.int64(2), RobustScaler()] before, using random point [SimpleImputer(), np.int64(18), None, np.int64(3), np.int64(12), 'passthrough']
  warnings.warn(
/bsuhome/alexanderemert/miniforge3/envs/starform-alex/lib/python3.14/site-packages/skopt/optimizer/optimizer.py:517: UserWarning: The objective has been evaluated at point [SimpleImputer(), np.int64(18), None, np.int64(3), np.int64(2), StandardScaler()] before, using random point [KNNImputer(), np.int64(27), None, np.int64(15), np.int64(17), RobustScaler()]
  warnings.warn(
/bsuhome/alexanderemert/miniforge3/envs/starform-alex/lib/python3.14/site-packages/skopt/optimizer/optimizer.py:517: UserWarning: The objective has been evaluated at point [SimpleImputer(), np.int64(18), None, np.int64(3), np.int64(2), np.str_('passthrough')] before, using random point [SimpleImputer(strategy='median'), np.int64(17), 'log2', np.int64(8), np.int64(5), 'passthrough']
  warnings.warn(
/bsuhome/alexanderemert/miniforge3/envs/starform-alex/lib/python3.14/site-packages/skopt/optimizer/optimizer.py:517: UserWarning: The objective has been evaluated at point [SimpleImputer(), np.int64(18), None, np.int64(3), np.int64(2), np.str_('passthrough')] before, using random point [SimpleImputer(strategy='median'), np.int64(25), None, np.int64(13), np.int64(11), 'passthrough']
  warnings.warn(
/bsuhome/alexanderemert/miniforge3/envs/starform-alex/lib/python3.14/site-packages/skopt/optimizer/optimizer.py:517: UserWarning: The objective has been evaluated at point [SimpleImputer(), np.int64(29), None, np.int64(3), np.int64(3), np.str_('passthrough')] before, using random point [KNNImputer(), np.int64(25), 'sqrt', np.int64(3), np.int64(8), 'passthrough']
  warnings.warn(
/bsuhome/alexanderemert/miniforge3/envs/starform-alex/lib/python3.14/site-packages/skopt/optimizer/optimizer.py:517: UserWarning: The objective has been evaluated at point [SimpleImputer(), np.int64(18), None, np.int64(3), np.int64(2), StandardScaler()] before, using random point [KNNImputer(), np.int64(14), 'sqrt', np.int64(13), np.int64(12), 'passthrough']
  warnings.warn(
/bsuhome/alexanderemert/miniforge3/envs/starform-alex/lib/python3.14/site-packages/skopt/optimizer/optimizer.py:517: UserWarning: The objective has been evaluated at point [SimpleImputer(), np.int64(18), None, np.int64(3), np.int64(2), np.str_('passthrough')] before, using random point [SimpleImputer(strategy='median'), np.int64(14), None, np.int64(6), np.int64(16), RobustScaler()]
  warnings.warn(
/bsuhome/alexanderemert/miniforge3/envs/starform-alex/lib/python3.14/site-packages/skopt/optimizer/optimizer.py:517: UserWarning: The objective has been evaluated at point [SimpleImputer(), np.int64(17), None, np.int64(3), np.int64(2), np.str_('passthrough')] before, using random point [SimpleImputer(), np.int64(7), 'sqrt', np.int64(2), np.int64(7), StandardScaler()]
  warnings.warn(
/bsuhome/alexanderemert/miniforge3/envs/starform-alex/lib/python3.14/site-packages/skopt/optimizer/optimizer.py:517: UserWarning: The objective has been evaluated at point [SimpleImputer(), np.int64(18), None, np.int64(3), np.int64(2), StandardScaler()] before, using random point [SimpleImputer(strategy='median'), np.int64(26), 'sqrt', np.int64(16), np.int64(17), 'passthrough']
  warnings.warn(
/bsuhome/alexanderemert/miniforge3/envs/starform-alex/lib/python3.14/site-packages/skopt/optimizer/optimizer.py:517: UserWarning: The objective has been evaluated at point [SimpleImputer(), np.int64(18), None, np.int64(3), np.int64(2), StandardScaler()] before, using random point [KNNImputer(), np.int64(8), None, np.int64(10), np.int64(5), 'passthrough']
  warnings.warn(
/bsuhome/alexanderemert/miniforge3/envs/starform-alex/lib/python3.14/site-packages/skopt/optimizer/optimizer.py:517: UserWarning: The objective has been evaluated at point [SimpleImputer(), np.int64(18), None, np.int64(3), np.int64(2), np.str_('passthrough')] before, using random point [KNNImputer(), np.int64(6), None, np.int64(11), np.int64(18), RobustScaler()]
  warnings.warn(
/bsuhome/alexanderemert/miniforge3/envs/starform-alex/lib/python3.14/site-packages/skopt/optimizer/optimizer.py:517: UserWarning: The objective has been evaluated at point [SimpleImputer(), np.int64(18), None, np.int64(3), np.int64(2), np.str_('passthrough')] before, using random point [SimpleImputer(strategy='median'), np.int64(16), None, np.int64(2), np.int64(7), RobustScaler()]
  warnings.warn(
/bsuhome/alexanderemert/miniforge3/envs/starform-alex/lib/python3.14/site-packages/skopt/optimizer/optimizer.py:517: UserWarning: The objective has been evaluated at point [SimpleImputer(), np.int64(17), None, np.int64(3), np.int64(3), RobustScaler()] before, using random point [KNNImputer(), np.int64(11), 'sqrt', np.int64(12), np.int64(11), RobustScaler()]
  warnings.warn(
/bsuhome/alexanderemert/miniforge3/envs/starform-alex/lib/python3.14/site-packages/skopt/optimizer/optimizer.py:517: UserWarning: The objective has been evaluated at point [SimpleImputer(), np.int64(17), None, np.int64(3), np.int64(3), RobustScaler()] before, using random point [SimpleImputer(), np.int64(5), None, np.int64(9), np.int64(2), RobustScaler()]
  warnings.warn(
/bsuhome/alexanderemert/miniforge3/envs/starform-alex/lib/python3.14/site-packages/skopt/optimizer/optimizer.py:517: UserWarning: The objective has been evaluated at point [SimpleImputer(), np.int64(17), None, np.int64(3), np.int64(3), RobustScaler()] before, using random point [SimpleImputer(strategy='median'), np.int64(10), 'log2', np.int64(5), np.int64(15), StandardScaler()]
  warnings.warn(
/bsuhome/alexanderemert/miniforge3/envs/starform-alex/lib/python3.14/site-packages/skopt/optimizer/optimizer.py:517: UserWarning: The objective has been evaluated at point [SimpleImputer(), np.int64(28), None, np.int64(3), np.int64(3), RobustScaler()] before, using random point [SimpleImputer(), np.int64(15), 'log2', np.int64(10), np.int64(16), 'passthrough']
  warnings.warn(
/bsuhome/alexanderemert/miniforge3/envs/starform-alex/lib/python3.14/site-packages/skopt/optimizer/optimizer.py:517: UserWarning: The objective has been evaluated at point [SimpleImputer(), np.int64(17), None, np.int64(3), np.int64(3), StandardScaler()] before, using random point [KNNImputer(), np.int64(20), 'log2', np.int64(9), np.int64(9), 'passthrough']
  warnings.warn(
/bsuhome/alexanderemert/miniforge3/envs/starform-alex/lib/python3.14/site-packages/skopt/optimizer/optimizer.py:517: UserWarning: The objective has been evaluated at point [SimpleImputer(), np.int64(17), None, np.int64(3), np.int64(3), StandardScaler()] before, using random point [SimpleImputer(strategy='median'), np.int64(16), 'log2', np.int64(13), np.int64(12), 'passthrough']
  warnings.warn(
/bsuhome/alexanderemert/miniforge3/envs/starform-alex/lib/python3.14/site-packages/skopt/optimizer/optimizer.py:517: UserWarning: The objective has been evaluated at point [SimpleImputer(), np.int64(17), None, np.int64(3), np.int64(3), StandardScaler()] before, using random point [KNNImputer(), np.int64(28), None, np.int64(6), np.int64(4), RobustScaler()]
  warnings.warn(
/bsuhome/alexanderemert/miniforge3/envs/starform-alex/lib/python3.14/site-packages/skopt/optimizer/optimizer.py:517: UserWarning: The objective has been evaluated at point [SimpleImputer(), np.int64(17), None, np.int64(3), np.int64(3), StandardScaler()] before, using random point [SimpleImputer(), np.int64(11), 'log2', np.int64(13), np.int64(6), 'passthrough']
  warnings.warn(
