/bsuscratch/alexanderemert/miniforge3/envs/starform-alex/lib/python3.14/site-packages/skopt/optimizer/optimizer.py:517: UserWarning: The objective has been evaluated at point [SimpleImputer(), np.True_, np.int64(30), None, np.int64(1), np.int64(20), np.int64(1000), RatioGenerator(cols=['F8', 'F12', 'F24', 'F70', 'F160', 'F250', 'F350', 'F500',
                     'F870', 'F1100']), StandardScaler()] before, using random point [KNNImputer(), True, np.int64(11), None, np.int64(13), np.int64(11), np.int64(591), 'passthrough', StandardScaler()]
  warnings.warn(
/bsuscratch/alexanderemert/miniforge3/envs/starform-alex/lib/python3.14/site-packages/skopt/optimizer/optimizer.py:517: UserWarning: The objective has been evaluated at point [SimpleImputer(), np.True_, np.int64(30), None, np.int64(1), np.int64(20), np.int64(1000), RatioGenerator(cols=['F8', 'F12', 'F24', 'F70', 'F160', 'F250', 'F350', 'F500',
                     'F870', 'F1100']), StandardScaler()] before, using random point [KNNImputer(), False, np.int64(26), 'log2', np.int64(19), np.int64(11), np.int64(314), LogRatioGenerator(cols=['F8', 'F12', 'F24', 'F70', 'F160', 'F250', 'F350',
                        'F500', 'F870', 'F1100']), 'passthrough']
  warnings.warn(
/bsuscratch/alexanderemert/miniforge3/envs/starform-alex/lib/python3.14/site-packages/skopt/optimizer/optimizer.py:517: UserWarning: The objective has been evaluated at point [SimpleImputer(), np.True_, np.int64(30), None, np.int64(1), np.int64(20), np.int64(1000), RatioGenerator(cols=['F8', 'F12', 'F24', 'F70', 'F160', 'F250', 'F350', 'F500',
                     'F870', 'F1100']), StandardScaler()] before, using random point [SimpleImputer(), False, np.int64(24), None, np.int64(7), np.int64(19), np.int64(495), RatioGenerator(cols=['F8', 'F12', 'F24', 'F70', 'F160', 'F250', 'F350', 'F500',
                     'F870', 'F1100']), StandardScaler()]
  warnings.warn(
/bsuscratch/alexanderemert/miniforge3/envs/starform-alex/lib/python3.14/site-packages/skopt/optimizer/optimizer.py:517: UserWarning: The objective has been evaluated at point [SimpleImputer(), np.True_, np.int64(30), None, np.int64(1), np.int64(2), np.int64(1000), RatioGenerator(cols=['F8', 'F12', 'F24', 'F70', 'F160', 'F250', 'F350', 'F500',
                     'F870', 'F1100']), np.str_('passthrough')] before, using random point [KNNImputer(), True, np.int64(6), None, np.int64(20), np.int64(11), np.int64(868), RatioGenerator(cols=['F8', 'F12', 'F24', 'F70', 'F160', 'F250', 'F350', 'F500',
                     'F870', 'F1100']), StandardScaler()]
  warnings.warn(
/bsuscratch/alexanderemert/miniforge3/envs/starform-alex/lib/python3.14/site-packages/skopt/optimizer/optimizer.py:517: UserWarning: The objective has been evaluated at point [SimpleImputer(), np.True_, np.int64(30), None, np.int64(1), np.int64(20), np.int64(1000), LogRatioGenerator(cols=['F8', 'F12', 'F24', 'F70', 'F160', 'F250', 'F350',
                        'F500', 'F870', 'F1100']), np.str_('passthrough')] before, using random point [SimpleImputer(strategy='median'), False, np.int64(25), 'log2', np.int64(13), np.int64(7), np.int64(311), RatioGenerator(cols=['F8', 'F12', 'F24', 'F70', 'F160', 'F250', 'F350', 'F500',
                     'F870', 'F1100']), StandardScaler()]
  warnings.warn(
/bsuscratch/alexanderemert/miniforge3/envs/starform-alex/lib/python3.14/site-packages/skopt/optimizer/optimizer.py:517: UserWarning: The objective has been evaluated at point [SimpleImputer(), np.True_, np.int64(30), None, np.int64(1), np.int64(20), np.int64(1000), LogRatioGenerator(cols=['F8', 'F12', 'F24', 'F70', 'F160', 'F250', 'F350',
                        'F500', 'F870', 'F1100']), np.str_('passthrough')] before, using random point [SimpleImputer(strategy='median'), True, np.int64(23), None, np.int64(7), np.int64(10), np.int64(267), 'passthrough', StandardScaler()]
  warnings.warn(
/bsuscratch/alexanderemert/miniforge3/envs/starform-alex/lib/python3.14/site-packages/sklearn/utils/parallel.py:144: UserWarning: `sklearn.utils.parallel.delayed` should be used with `sklearn.utils.parallel.Parallel` to make it possible to propagate the scikit-learn configuration of the current thread to the joblib workers.
  warnings.warn(
/bsuscratch/alexanderemert/miniforge3/envs/starform-alex/lib/python3.14/site-packages/skopt/optimizer/optimizer.py:517: UserWarning: The objective has been evaluated at point [SimpleImputer(strategy='median'), np.int64(30), None, np.int64(20), np.int64(7), LogRatioGenerator(cols=['F8', 'F12', 'F24', 'F70', 'F160', 'F250', 'F350',
                        'F500', 'F870', 'F1100']), StandardScaler()] before, using random point [KNNImputer(), np.int64(27), 'sqrt', np.int64(17), np.int64(16), 'passthrough', StandardScaler()]
  warnings.warn(
/bsuscratch/alexanderemert/miniforge3/envs/starform-alex/lib/python3.14/site-packages/skopt/optimizer/optimizer.py:517: UserWarning: The objective has been evaluated at point [SimpleImputer(strategy='median'), np.int64(30), None, np.int64(20), np.int64(2), RatioGenerator(cols=['F8', 'F12', 'F24', 'F70', 'F160', 'F250', 'F350', 'F500',
                     'F870', 'F1100']), StandardScaler()] before, using random point [SimpleImputer(), np.int64(13), 'log2', np.int64(3), np.int64(7), 'passthrough', 'passthrough']
  warnings.warn(
/bsuscratch/alexanderemert/miniforge3/envs/starform-alex/lib/python3.14/site-packages/skopt/optimizer/optimizer.py:517: UserWarning: The objective has been evaluated at point [KNNImputer(), np.int64(30), None, np.int64(20), np.int64(20), RatioGenerator(cols=['F8', 'F12', 'F24', 'F70', 'F160', 'F250', 'F350', 'F500',
                     'F870', 'F1100']), np.str_('passthrough')] before, using random point [SimpleImputer(strategy='median'), np.int64(29), 'sqrt', np.int64(18), np.int64(18), RatioGenerator(cols=['F8', 'F12', 'F24', 'F70', 'F160', 'F250', 'F350', 'F500',
                     'F870', 'F1100']), 'passthrough']
  warnings.warn(
/bsuscratch/alexanderemert/miniforge3/envs/starform-alex/lib/python3.14/site-packages/skopt/optimizer/optimizer.py:517: UserWarning: The objective has been evaluated at point [KNNImputer(), np.int64(30), None, np.int64(20), np.int64(17), RatioGenerator(cols=['F8', 'F12', 'F24', 'F70', 'F160', 'F250', 'F350', 'F500',
                     'F870', 'F1100']), RobustScaler()] before, using random point [SimpleImputer(), np.int64(15), 'sqrt', np.int64(3), np.int64(13), LogRatioGenerator(cols=['F8', 'F12', 'F24', 'F70', 'F160', 'F250', 'F350',
                        'F500', 'F870', 'F1100']), StandardScaler()]
  warnings.warn(
/bsuscratch/alexanderemert/miniforge3/envs/starform-alex/lib/python3.14/site-packages/skopt/optimizer/optimizer.py:517: UserWarning: The objective has been evaluated at point [SimpleImputer(strategy='median'), np.int64(30), None, np.int64(20), np.int64(20), RatioGenerator(cols=['F8', 'F12', 'F24', 'F70', 'F160', 'F250', 'F350', 'F500',
                     'F870', 'F1100']), RobustScaler()] before, using random point [SimpleImputer(strategy='median'), np.int64(18), None, np.int64(3), np.int64(20), 'passthrough', RobustScaler()]
  warnings.warn(
