/bsuhome/alexanderemert/miniforge3/envs/starform-alex/lib/python3.14/site-packages/skopt/optimizer/optimizer.py:517: UserWarning: The objective has been evaluated at point [SimpleImputer(), np.int64(16), None, np.int64(1), np.int64(2), RobustScaler()] before, using random point [SimpleImputer(), np.int64(5), None, np.int64(16), np.int64(14), 'passthrough']
  warnings.warn(
/bsuhome/alexanderemert/miniforge3/envs/starform-alex/lib/python3.14/site-packages/skopt/optimizer/optimizer.py:517: UserWarning: The objective has been evaluated at point [SimpleImputer(), np.int64(15), None, np.int64(3), np.int64(2), RobustScaler()] before, using random point [SimpleImputer(strategy='median'), np.int64(15), 'sqrt', np.int64(15), np.int64(6), 'passthrough']
  warnings.warn(
/bsuhome/alexanderemert/miniforge3/envs/starform-alex/lib/python3.14/site-packages/skopt/optimizer/optimizer.py:517: UserWarning: The objective has been evaluated at point [SimpleImputer(), np.int64(15), None, np.int64(3), np.int64(2), RobustScaler()] before, using random point [KNNImputer(), np.int64(7), 'log2', np.int64(12), np.int64(12), StandardScaler()]
  warnings.warn(
/bsuhome/alexanderemert/miniforge3/envs/starform-alex/lib/python3.14/site-packages/skopt/optimizer/optimizer.py:517: UserWarning: The objective has been evaluated at point [SimpleImputer(), np.int64(15), None, np.int64(3), np.int64(2), RobustScaler()] before, using random point [SimpleImputer(), np.int64(11), 'sqrt', np.int64(5), np.int64(11), 'passthrough']
  warnings.warn(
/bsuhome/alexanderemert/miniforge3/envs/starform-alex/lib/python3.14/site-packages/skopt/optimizer/optimizer.py:517: UserWarning: The objective has been evaluated at point [SimpleImputer(), np.int64(15), None, np.int64(3), np.int64(2), RobustScaler()] before, using random point [SimpleImputer(), np.int64(22), None, np.int64(12), np.int64(12), 'passthrough']
  warnings.warn(
/bsuhome/alexanderemert/miniforge3/envs/starform-alex/lib/python3.14/site-packages/skopt/optimizer/optimizer.py:517: UserWarning: The objective has been evaluated at point [SimpleImputer(), np.int64(15), None, np.int64(3), np.int64(2), RobustScaler()] before, using random point [KNNImputer(), np.int64(25), 'sqrt', np.int64(5), np.int64(6), RobustScaler()]
  warnings.warn(
/bsuhome/alexanderemert/miniforge3/envs/starform-alex/lib/python3.14/site-packages/skopt/optimizer/optimizer.py:517: UserWarning: The objective has been evaluated at point [KNNImputer(), np.int64(16), None, np.int64(3), np.int64(2), np.str_('passthrough')] before, using random point [SimpleImputer(strategy='median'), np.int64(13), 'log2', np.int64(14), np.int64(14), StandardScaler()]
  warnings.warn(
/bsuhome/alexanderemert/miniforge3/envs/starform-alex/lib/python3.14/site-packages/skopt/optimizer/optimizer.py:517: UserWarning: The objective has been evaluated at point [KNNImputer(), np.int64(16), None, np.int64(3), np.int64(2), np.str_('passthrough')] before, using random point [SimpleImputer(strategy='median'), np.int64(12), 'log2', np.int64(2), np.int64(3), StandardScaler()]
  warnings.warn(
/bsuhome/alexanderemert/miniforge3/envs/starform-alex/lib/python3.14/site-packages/skopt/optimizer/optimizer.py:517: UserWarning: The objective has been evaluated at point [SimpleImputer(strategy='median'), np.int64(29), np.str_('sqrt'), np.int64(2), np.int64(2), RobustScaler()] before, using random point [SimpleImputer(), np.int64(24), 'sqrt', np.int64(13), np.int64(11), RobustScaler()]
  warnings.warn(
/bsuhome/alexanderemert/miniforge3/envs/starform-alex/lib/python3.14/site-packages/skopt/optimizer/optimizer.py:517: UserWarning: The objective has been evaluated at point [SimpleImputer(strategy='median'), np.int64(28), None, np.int64(2), np.int64(2), np.str_('passthrough')] before, using random point [SimpleImputer(strategy='median'), np.int64(11), 'log2', np.int64(13), np.int64(16), StandardScaler()]
  warnings.warn(
/bsuhome/alexanderemert/miniforge3/envs/starform-alex/lib/python3.14/site-packages/skopt/optimizer/optimizer.py:517: UserWarning: The objective has been evaluated at point [SimpleImputer(), np.int64(30), None, np.int64(1), np.int64(2), np.str_('passthrough')] before, using random point [KNNImputer(), np.int64(3), 'sqrt', np.int64(5), np.int64(8), StandardScaler()]
  warnings.warn(
/bsuhome/alexanderemert/miniforge3/envs/starform-alex/lib/python3.14/site-packages/skopt/optimizer/optimizer.py:517: UserWarning: The objective has been evaluated at point [SimpleImputer(), np.int64(30), None, np.int64(1), np.int64(2), np.str_('passthrough')] before, using random point [SimpleImputer(strategy='median'), np.int64(21), 'sqrt', np.int64(16), np.int64(19), 'passthrough']
  warnings.warn(
