[I 2026-07-13 16:02:56,882] Using an existing study with name 'my-study' instead of creating a new one.
[I 2026-07-13 16:03:07,104] Trial 17 finished with value: -0.8724761492530776 and parameters: {'scalers': 'robust', 'ratios': 'norm_ratio', 'imputers': 'median', 'n_estimators': 700, 'learning_rate': 0.1584879264995782, 'max_depth': 8, 'min_child_weight': 2, 'subsample': 0.9, 'colsample_bytree': 0.6, 'colsample_bylevel': 0.5, 'reg_alpha': 1.6552891828404176e-05, 'reg_lambda': 50.43408629619591, 'gamma': 7.050845111916909e-06}. Best is trial 17 with value: -0.8724761492530776.
[I 2026-07-13 16:03:07,906] Trial 18 finished with value: -0.784113773241524 and parameters: {'scalers': 'standard', 'ratios': 'norm_ratio', 'imputers': 'mean', 'n_estimators': 100, 'learning_rate': 0.00032647703115654814, 'max_depth': 7, 'min_child_weight': 5, 'subsample': 0.7, 'colsample_bytree': 0.6, 'colsample_bylevel': 0.5, 'reg_alpha': 3.002550583147248e-05, 'reg_lambda': 0.09329895999360766, 'gamma': 0.02433210989850306}. Best is trial 17 with value: -0.8724761492530776.
[I 2026-07-13 16:03:09,777] Trial 19 finished with value: -0.7193541330720316 and parameters: {'scalers': 'none', 'ratios': 'log_ratio', 'imputers': 'mean', 'n_estimators': 200, 'learning_rate': 0.002079704731701086, 'max_depth': 8, 'min_child_weight': 8, 'subsample': 0.7, 'colsample_bytree': 0.6, 'colsample_bylevel': 0.6, 'reg_alpha': 5.1397252287376885e-05, 'reg_lambda': 4.344072800406685e-05, 'gamma': 4.15407377172836e-06}. Best is trial 17 with value: -0.8724761492530776.
[I 2026-07-13 16:03:15,946] Trial 20 finished with value: -0.6656626688894037 and parameters: {'scalers': 'none', 'ratios': 'norm_ratio', 'imputers': 'median', 'n_estimators': 550, 'learning_rate': 0.0019782230648031883, 'max_depth': 9, 'min_child_weight': 6, 'subsample': 0.6, 'colsample_bytree': 0.8, 'colsample_bylevel': 0.5, 'reg_alpha': 0.00029289003789789974, 'reg_lambda': 0.0002627466021658102, 'gamma': 1.2402343032263658e-06}. Best is trial 17 with value: -0.8724761492530776.
[I 2026-07-13 16:03:17,173] Trial 21 finished with value: -0.7327012835819595 and parameters: {'scalers': 'standard', 'ratios': 'norm_ratio', 'imputers': 'none', 'n_estimators': 400, 'learning_rate': 0.000951072612515257, 'max_depth': 11, 'min_child_weight': 10, 'subsample': 0.6, 'colsample_bytree': 0.7, 'colsample_bylevel': 1.0, 'reg_alpha': 2.318204586761307e-06, 'reg_lambda': 0.0016477821828727909, 'gamma': 2.870670671883671}. Best is trial 17 with value: -0.8724761492530776.
[I 2026-07-13 16:03:19,319] Trial 22 finished with value: -0.7117072833980378 and parameters: {'scalers': 'none', 'ratios': 'norm_ratio', 'imputers': 'mean', 'n_estimators': 1250, 'learning_rate': 0.007441505155512621, 'max_depth': 8, 'min_child_weight': 5, 'subsample': 0.7, 'colsample_bytree': 0.7, 'colsample_bylevel': 0.8, 'reg_alpha': 0.0028849337139815563, 'reg_lambda': 7.744140863857828e-05, 'gamma': 29.550358018732133}. Best is trial 17 with value: -0.8724761492530776.
[I 2026-07-13 16:03:19,961] Trial 23 finished with value: -0.7172460478214737 and parameters: {'scalers': 'none', 'ratios': 'log_ratio', 'imputers': 'mean', 'n_estimators': 200, 'learning_rate': 0.003517703185014983, 'max_depth': 4, 'min_child_weight': 8, 'subsample': 1.0, 'colsample_bytree': 0.9, 'colsample_bylevel': 0.9, 'reg_alpha': 41.96038554341051, 'reg_lambda': 8.662828525295886e-06, 'gamma': 0.0010048185944043439}. Best is trial 17 with value: -0.8724761492530776.
[I 2026-07-13 16:03:24,521] Trial 24 finished with value: -0.649384032447617 and parameters: {'scalers': 'robust', 'ratios': 'norm_ratio', 'imputers': 'median', 'n_estimators': 1700, 'learning_rate': 0.047631338678824055, 'max_depth': 3, 'min_child_weight': 6, 'subsample': 0.7, 'colsample_bytree': 0.7, 'colsample_bylevel': 0.7, 'reg_alpha': 6.258400833687425e-06, 'reg_lambda': 1.702583757266754e-05, 'gamma': 0.0008649513425041209}. Best is trial 17 with value: -0.8724761492530776.
[I 2026-07-13 16:03:28,225] Trial 25 finished with value: -0.6747075499988914 and parameters: {'scalers': 'standard', 'ratios': 'log_ratio', 'imputers': 'none', 'n_estimators': 2000, 'learning_rate': 0.16278100921878952, 'max_depth': 4, 'min_child_weight': 10, 'subsample': 1.0, 'colsample_bytree': 0.7, 'colsample_bylevel': 0.9, 'reg_alpha': 0.00017318653410005252, 'reg_lambda': 0.0002173677146817496, 'gamma': 10.58568538204933}. Best is trial 17 with value: -0.8724761492530776.
[I 2026-07-13 16:03:33,779] Trial 26 finished with value: -0.6938775001274493 and parameters: {'scalers': 'standard', 'ratios': 'norm_ratio', 'imputers': 'mean', 'n_estimators': 1900, 'learning_rate': 0.0003805269654274101, 'max_depth': 4, 'min_child_weight': 10, 'subsample': 0.6, 'colsample_bytree': 0.5, 'colsample_bylevel': 0.5, 'reg_alpha': 0.001221025409269072, 'reg_lambda': 0.012479171185640864, 'gamma': 4.829566885198884e-06}. Best is trial 17 with value: -0.8724761492530776.
Traceback (most recent call last):
  File "/bsuhome/alexanderemert/Research/Star-Formation-Research-Project-2026/pipeline/scripts/optuna_search_mult_quant_reg.py", line 222, in <module>
    main()
    ~~~~^^
  File "/bsuhome/alexanderemert/Research/Star-Formation-Research-Project-2026/pipeline/scripts/optuna_search_mult_quant_reg.py", line 200, in main
    expanded, new_space = check_and_expand_bounds_optuna(
                          ~~~~~~~~~~~~~~~~~~~~~~~~~~~~~~^
        study, possible_bounds
        ^^^^^^^^^^^^^^^^^^^^^^
    )
    ^
  File "/bsuhome/alexanderemert/Research/Star-Formation-Research-Project-2026/pipeline/scripts/ratio_function.py", line 287, in check_and_expand_bounds_optuna
    if best_val <= low + tol_val:
       ^^^^^^^^
UnboundLocalError: cannot access local variable 'best_val' where it is not associated with a value
