/bsuhome/alexanderemert/miniforge3/envs/starform-alex/lib/python3.14/site-packages/skopt/optimizer/optimizer.py:517: UserWarning: The objective has been evaluated at point [SimpleImputer(), np.int64(30), None, np.int64(1), np.int64(20), StandardScaler()] before, using random point [SimpleImputer(), np.int64(6), 'sqrt', np.int64(5), np.int64(16), RobustScaler()]
  warnings.warn(
/bsuhome/alexanderemert/miniforge3/envs/starform-alex/lib/python3.14/site-packages/skopt/optimizer/optimizer.py:517: UserWarning: The objective has been evaluated at point [SimpleImputer(), np.int64(21), None, np.int64(3), np.int64(8), np.str_('passthrough')] before, using random point [SimpleImputer(strategy='median'), np.int64(18), 'log2', np.int64(4), np.int64(17), 'passthrough']
  warnings.warn(
/bsuhome/alexanderemert/miniforge3/envs/starform-alex/lib/python3.14/site-packages/skopt/optimizer/optimizer.py:517: UserWarning: The objective has been evaluated at point [SimpleImputer(), np.int64(21), None, np.int64(3), np.int64(8), np.str_('passthrough')] before, using random point [SimpleImputer(strategy='median'), np.int64(14), None, np.int64(3), np.int64(4), StandardScaler()]
  warnings.warn(
/bsuhome/alexanderemert/miniforge3/envs/starform-alex/lib/python3.14/site-packages/skopt/optimizer/optimizer.py:517: UserWarning: The objective has been evaluated at point [SimpleImputer(), np.int64(21), None, np.int64(3), np.int64(8), np.str_('passthrough')] before, using random point [SimpleImputer(strategy='median'), np.int64(29), None, np.int64(3), np.int64(3), RobustScaler()]
  warnings.warn(
/bsuhome/alexanderemert/miniforge3/envs/starform-alex/lib/python3.14/site-packages/skopt/optimizer/optimizer.py:517: UserWarning: The objective has been evaluated at point [KNNImputer(), np.int64(21), None, np.int64(3), np.int64(8), np.str_('passthrough')] before, using random point [SimpleImputer(strategy='median'), np.int64(10), 'sqrt', np.int64(15), np.int64(15), 'passthrough']
  warnings.warn(
/bsuhome/alexanderemert/miniforge3/envs/starform-alex/lib/python3.14/site-packages/skopt/optimizer/optimizer.py:517: UserWarning: The objective has been evaluated at point [SimpleImputer(), np.int64(21), None, np.int64(3), np.int64(8), StandardScaler()] before, using random point [SimpleImputer(strategy='median'), np.int64(22), 'sqrt', np.int64(4), np.int64(5), 'passthrough']
  warnings.warn(
/bsuhome/alexanderemert/miniforge3/envs/starform-alex/lib/python3.14/site-packages/skopt/optimizer/optimizer.py:517: UserWarning: The objective has been evaluated at point [SimpleImputer(), np.int64(16), None, np.int64(3), np.int64(8), RobustScaler()] before, using random point [SimpleImputer(strategy='median'), np.int64(7), 'log2', np.int64(16), np.int64(13), 'passthrough']
  warnings.warn(
/bsuhome/alexanderemert/miniforge3/envs/starform-alex/lib/python3.14/site-packages/skopt/optimizer/optimizer.py:517: UserWarning: The objective has been evaluated at point [KNNImputer(), np.int64(15), None, np.int64(1), np.int64(2), RobustScaler()] before, using random point [SimpleImputer(), np.int64(10), 'sqrt', np.int64(6), np.int64(8), StandardScaler()]
  warnings.warn(
/bsuhome/alexanderemert/miniforge3/envs/starform-alex/lib/python3.14/site-packages/skopt/optimizer/optimizer.py:517: UserWarning: The objective has been evaluated at point [KNNImputer(), np.int64(15), None, np.int64(1), np.int64(2), RobustScaler()] before, using random point [KNNImputer(), np.int64(25), None, np.int64(20), np.int64(15), StandardScaler()]
  warnings.warn(
/bsuhome/alexanderemert/miniforge3/envs/starform-alex/lib/python3.14/site-packages/skopt/optimizer/optimizer.py:517: UserWarning: The objective has been evaluated at point [KNNImputer(), np.int64(15), None, np.int64(1), np.int64(2), StandardScaler()] before, using random point [KNNImputer(), np.int64(14), 'log2', np.int64(19), np.int64(16), 'passthrough']
  warnings.warn(
