/bsuhome/alexanderemert/miniforge3/envs/starform-alex/lib/python3.14/site-packages/skopt/optimizer/optimizer.py:517: UserWarning: The objective has been evaluated at point [SimpleImputer(strategy='median'), np.int64(17), None, np.int64(1), np.int64(10), RobustScaler()] before, using random point [SimpleImputer(strategy='median'), np.int64(13), 'log2', np.int64(17), np.int64(4), StandardScaler()]
  warnings.warn(
/bsuhome/alexanderemert/miniforge3/envs/starform-alex/lib/python3.14/site-packages/skopt/optimizer/optimizer.py:517: UserWarning: The objective has been evaluated at point [SimpleImputer(strategy='median'), np.int64(22), None, np.int64(1), np.int64(7), RobustScaler()] before, using random point [SimpleImputer(), np.int64(21), 'sqrt', np.int64(7), np.int64(14), 'passthrough']
  warnings.warn(
/bsuhome/alexanderemert/miniforge3/envs/starform-alex/lib/python3.14/site-packages/skopt/optimizer/optimizer.py:517: UserWarning: The objective has been evaluated at point [SimpleImputer(strategy='median'), np.int64(17), None, np.int64(1), np.int64(10), StandardScaler()] before, using random point [SimpleImputer(), np.int64(4), 'sqrt', np.int64(14), np.int64(18), RobustScaler()]
  warnings.warn(
/bsuhome/alexanderemert/miniforge3/envs/starform-alex/lib/python3.14/site-packages/skopt/optimizer/optimizer.py:517: UserWarning: The objective has been evaluated at point [SimpleImputer(strategy='median'), np.int64(22), None, np.int64(1), np.int64(7), RobustScaler()] before, using random point [KNNImputer(), np.int64(16), None, np.int64(8), np.int64(14), StandardScaler()]
  warnings.warn(
/bsuhome/alexanderemert/miniforge3/envs/starform-alex/lib/python3.14/site-packages/skopt/optimizer/optimizer.py:517: UserWarning: The objective has been evaluated at point [SimpleImputer(strategy='median'), np.int64(28), None, np.int64(1), np.int64(10), StandardScaler()] before, using random point [SimpleImputer(strategy='median'), np.int64(8), 'sqrt', np.int64(7), np.int64(16), RobustScaler()]
  warnings.warn(
/bsuhome/alexanderemert/miniforge3/envs/starform-alex/lib/python3.14/site-packages/skopt/optimizer/optimizer.py:517: UserWarning: The objective has been evaluated at point [SimpleImputer(strategy='median'), np.int64(29), None, np.int64(2), np.int64(4), np.str_('passthrough')] before, using random point [SimpleImputer(), np.int64(5), None, np.int64(4), np.int64(3), RobustScaler()]
  warnings.warn(
/bsuhome/alexanderemert/miniforge3/envs/starform-alex/lib/python3.14/site-packages/skopt/optimizer/optimizer.py:517: UserWarning: The objective has been evaluated at point [SimpleImputer(strategy='median'), np.int64(30), None, np.int64(2), np.int64(4), np.str_('passthrough')] before, using random point [SimpleImputer(), np.int64(15), 'log2', np.int64(2), np.int64(6), RobustScaler()]
  warnings.warn(
/bsuhome/alexanderemert/miniforge3/envs/starform-alex/lib/python3.14/site-packages/skopt/optimizer/optimizer.py:517: UserWarning: The objective has been evaluated at point [SimpleImputer(strategy='median'), np.int64(30), None, np.int64(2), np.int64(4), RobustScaler()] before, using random point [KNNImputer(), np.int64(28), None, np.int64(17), np.int64(2), RobustScaler()]
  warnings.warn(
/bsuhome/alexanderemert/miniforge3/envs/starform-alex/lib/python3.14/site-packages/skopt/optimizer/optimizer.py:517: UserWarning: The objective has been evaluated at point [SimpleImputer(strategy='median'), np.int64(30), None, np.int64(2), np.int64(4), RobustScaler()] before, using random point [SimpleImputer(strategy='median'), np.int64(26), 'sqrt', np.int64(10), np.int64(19), StandardScaler()]
  warnings.warn(
/bsuhome/alexanderemert/miniforge3/envs/starform-alex/lib/python3.14/site-packages/skopt/optimizer/optimizer.py:517: UserWarning: The objective has been evaluated at point [SimpleImputer(strategy='median'), np.int64(30), None, np.int64(2), np.int64(4), np.str_('passthrough')] before, using random point [SimpleImputer(), np.int64(7), 'sqrt', np.int64(8), np.int64(20), RobustScaler()]
  warnings.warn(
/bsuhome/alexanderemert/miniforge3/envs/starform-alex/lib/python3.14/site-packages/skopt/optimizer/optimizer.py:517: UserWarning: The objective has been evaluated at point [SimpleImputer(strategy='median'), np.int64(30), None, np.int64(2), np.int64(4), StandardScaler()] before, using random point [SimpleImputer(strategy='median'), np.int64(8), 'sqrt', np.int64(6), np.int64(18), 'passthrough']
  warnings.warn(
/bsuhome/alexanderemert/miniforge3/envs/starform-alex/lib/python3.14/site-packages/skopt/optimizer/optimizer.py:517: UserWarning: The objective has been evaluated at point [SimpleImputer(strategy='median'), np.int64(30), None, np.int64(2), np.int64(4), np.str_('passthrough')] before, using random point [KNNImputer(), np.int64(25), None, np.int64(8), np.int64(9), StandardScaler()]
  warnings.warn(
/bsuhome/alexanderemert/miniforge3/envs/starform-alex/lib/python3.14/site-packages/skopt/optimizer/optimizer.py:517: UserWarning: The objective has been evaluated at point [SimpleImputer(strategy='median'), np.int64(30), None, np.int64(2), np.int64(4), RobustScaler()] before, using random point [SimpleImputer(), np.int64(25), 'log2', np.int64(20), np.int64(8), 'passthrough']
  warnings.warn(
/bsuhome/alexanderemert/miniforge3/envs/starform-alex/lib/python3.14/site-packages/skopt/optimizer/optimizer.py:517: UserWarning: The objective has been evaluated at point [SimpleImputer(strategy='median'), np.int64(30), None, np.int64(2), np.int64(4), StandardScaler()] before, using random point [SimpleImputer(strategy='median'), np.int64(22), 'sqrt', np.int64(3), np.int64(14), RobustScaler()]
  warnings.warn(
/bsuhome/alexanderemert/miniforge3/envs/starform-alex/lib/python3.14/site-packages/skopt/optimizer/optimizer.py:517: UserWarning: The objective has been evaluated at point [SimpleImputer(strategy='median'), np.int64(30), None, np.int64(2), np.int64(4), RobustScaler()] before, using random point [KNNImputer(), np.int64(13), 'sqrt', np.int64(5), np.int64(17), StandardScaler()]
  warnings.warn(
/bsuhome/alexanderemert/miniforge3/envs/starform-alex/lib/python3.14/site-packages/skopt/optimizer/optimizer.py:517: UserWarning: The objective has been evaluated at point [SimpleImputer(strategy='median'), np.int64(30), None, np.int64(2), np.int64(4), StandardScaler()] before, using random point [SimpleImputer(), np.int64(28), 'sqrt', np.int64(3), np.int64(19), 'passthrough']
  warnings.warn(
/bsuhome/alexanderemert/miniforge3/envs/starform-alex/lib/python3.14/site-packages/skopt/optimizer/optimizer.py:517: UserWarning: The objective has been evaluated at point [SimpleImputer(strategy='median'), np.int64(30), None, np.int64(2), np.int64(4), StandardScaler()] before, using random point [SimpleImputer(strategy='median'), np.int64(11), 'sqrt', np.int64(3), np.int64(17), 'passthrough']
  warnings.warn(
/bsuhome/alexanderemert/miniforge3/envs/starform-alex/lib/python3.14/site-packages/skopt/optimizer/optimizer.py:517: UserWarning: The objective has been evaluated at point [SimpleImputer(strategy='median'), np.int64(30), None, np.int64(2), np.int64(4), StandardScaler()] before, using random point [SimpleImputer(strategy='median'), np.int64(11), None, np.int64(5), np.int64(6), StandardScaler()]
  warnings.warn(
/bsuhome/alexanderemert/miniforge3/envs/starform-alex/lib/python3.14/site-packages/skopt/optimizer/optimizer.py:517: UserWarning: The objective has been evaluated at point [SimpleImputer(strategy='median'), np.int64(30), None, np.int64(2), np.int64(4), StandardScaler()] before, using random point [KNNImputer(), np.int64(26), None, np.int64(17), np.int64(12), 'passthrough']
  warnings.warn(
/bsuhome/alexanderemert/miniforge3/envs/starform-alex/lib/python3.14/site-packages/skopt/optimizer/optimizer.py:517: UserWarning: The objective has been evaluated at point [SimpleImputer(strategy='median'), np.int64(30), None, np.int64(2), np.int64(4), RobustScaler()] before, using random point [SimpleImputer(), np.int64(27), None, np.int64(6), np.int64(4), RobustScaler()]
  warnings.warn(
slurmstepd: error: *** JOB 2906129 ON cpu133 CANCELLED AT 2026-06-08T15:04:38 ***
