/bsuhome/alexanderemert/miniforge3/envs/starform-alex/lib/python3.14/site-packages/skopt/optimizer/optimizer.py:517: UserWarning: The objective has been evaluated at point [SimpleImputer(), np.False_, np.int64(30), np.str_('sqrt'), np.int64(1), np.int64(2), np.int64(1000), np.str_('passthrough')] before, using random point [SimpleImputer(strategy='median'), True, np.int64(9), 'log2', np.int64(9), np.int64(11), np.int64(393), 'passthrough']
  warnings.warn(
/bsuhome/alexanderemert/miniforge3/envs/starform-alex/lib/python3.14/site-packages/skopt/optimizer/optimizer.py:517: UserWarning: The objective has been evaluated at point [KNNImputer(), np.int64(30), None, np.int64(16), np.int64(20), RobustScaler()] before, using random point [SimpleImputer(strategy='median'), np.int64(16), 'log2', np.int64(15), np.int64(17), 'passthrough']
  warnings.warn(
/bsuhome/alexanderemert/miniforge3/envs/starform-alex/lib/python3.14/site-packages/skopt/optimizer/optimizer.py:517: UserWarning: The objective has been evaluated at point [KNNImputer(), np.int64(30), None, np.int64(17), np.int64(20), RobustScaler()] before, using random point [SimpleImputer(), np.int64(18), 'log2', np.int64(4), np.int64(5), RobustScaler()]
  warnings.warn(
/bsuhome/alexanderemert/miniforge3/envs/starform-alex/lib/python3.14/site-packages/skopt/optimizer/optimizer.py:517: UserWarning: The objective has been evaluated at point [SimpleImputer(), 0.5, 1.0, 1e-09, 0.49999999999999994, np.int64(3), np.int64(1), np.int64(3000), 1e-09, 100.0, 1.0, RobustScaler()] before, using random point [SimpleImputer(strategy='median'), 0.8497860289848012, 0.6044324648401651, 1.8385115698356468e-05, 0.39514870242619937, np.int64(3), np.int64(4), np.int64(621), 1.4009342318046272e-08, 0.0003754833375332889, 0.896813788757308, RobustScaler()]
  warnings.warn(
/bsuhome/alexanderemert/miniforge3/envs/starform-alex/lib/python3.14/site-packages/skopt/optimizer/optimizer.py:517: UserWarning: The objective has been evaluated at point [np.str_('passthrough'), 1.0, 0.5, 1e-09, 0.49999999999999994, np.int64(3), np.int64(1), np.int64(3000), 1e-09, 100.0, 1.0, RobustScaler()] before, using random point [SimpleImputer(), 0.6231199050112455, 0.5156135565795111, 3.281780863020286e-08, 0.0010404152711870054, np.int64(11), np.int64(11), np.int64(124), 0.1909392916068635, 2.517356068170617e-06, 0.8809799398421432, 'passthrough']
  warnings.warn(
CatBoost:
Best CV Score: 1.3601
XGBoost:
Best CV Score: 1.3267
Random Forest:
Best CV Score: 1.4727
Decision Tree:
Best CV Score: 1.6934


CatBoost for log of temp:
Best CV Score: 0.0637
XGBoost for log of temp:
Best CV Score: 0.0625
Random Forest for log of temp:
Best CV Score: 0.0691
Decision Tree for log of temp:
Best CV Score: 0.0810


Summary of Best Models:
Best overall CV RMSE: 1.3267

Best overall model performance on test set:
RMSE: 1.6290
R^2: 0.8848

Final model impute strategy: passthrough
Final model scaler: passthrough
Final model parameters: XGBRegressor(base_score=None, booster=None, callbacks=None,
             colsample_bylevel=0.6135997690914405, colsample_bynode=None,
             colsample_bytree=0.6219117762276539, device=None,
             early_stopping_rounds=None, enable_categorical=False,
             eval_metric=None, feature_types=None, feature_weights=None,
             gamma=8.383774979831846e-09, grow_policy=None,
             importance_type=None, interaction_constraints=None,
             learning_rate=0.01108389691463285, max_bin=None,
             max_cat_threshold=None, max_cat_to_onehot=None,
             max_delta_step=None, max_depth=6, max_leaves=None,
             min_child_weight=19, missing=nan, monotone_constraints=None,
             multi_strategy=None, n_estimators=1327, n_jobs=-1,
             num_parallel_tree=None, ...)
Best overall log CV RMSE: 0.0625

Best overall log model performance on test set:
RMSE: 0.0794
R^2: 0.8985

Final log model impute strategy: passthrough
Final log model scaler: RobustScaler()
Final log model parameters: XGBRegressor(base_score=None, booster=None, callbacks=None,
             colsample_bylevel=0.5, colsample_bynode=None, colsample_bytree=1.0,
             device=None, early_stopping_rounds=None, enable_categorical=False,
             eval_metric=None, feature_types=None, feature_weights=None,
             gamma=3.6969641867347035e-08, grow_policy=None,
             importance_type=None, interaction_constraints=None,
             learning_rate=0.012651495171501437, max_bin=None,
             max_cat_threshold=None, max_cat_to_onehot=None,
             max_delta_step=None, max_depth=8, max_leaves=None,
             min_child_weight=1, missing=nan, monotone_constraints=None,
             multi_strategy=None, n_estimators=3000, n_jobs=-1,
             num_parallel_tree=None, ...)
