--- Running CatBoost (Imputed) for Lbol---
Best Score: 52486.4382
Best Params: {'impute__strategy': 'median', 'model__bagging_temperature': 1.0, 'model__depth': 10, 'model__iterations': 189, 'model__l2_leaf_reg': 1.0, 'model__learning_rate': 0.01548233102036935, 'model__random_strength': 10.0, 'scale': RobustScaler()}

--- Running Catboost (No Impute) for Lbol---
Best Score: 53675.3160
Best Params: {'model__bagging_temperature': 0.7640072278841055, 'model__depth': 10, 'model__iterations': 620, 'model__l2_leaf_reg': 10.0, 'model__learning_rate': 0.01, 'model__random_strength': 10.0, 'scale': RobustScaler()}

--- Running XGBoost (Imputed) for Lbol---
Best Score: 53190.7110
Best Params: {'impute__strategy': 'median', 'model__colsample_bytree': 0.7287145580317073, 'model__gamma': 5.0, 'model__learning_rate': 0.01, 'model__max_depth': 3, 'model__min_child_weight': 1, 'model__n_estimators': 471, 'model__reg_alpha': 9.548526337279569, 'model__reg_lambda': 4.329333047178369, 'model__subsample': 0.6792804097020112, 'scale': RobustScaler()}

--- Running XGBoost (No Impute) for Lbol---
Best Score: 53542.1976
Best Params: {'model__colsample_bytree': 0.9998051378808834, 'model__gamma': 4.571549952949386, 'model__learning_rate': 0.017160050777545507, 'model__max_depth': 3, 'model__min_child_weight': 1, 'model__n_estimators': 203, 'model__reg_alpha': 0.007497216017513321, 'model__reg_lambda': 10.0, 'model__subsample': 0.6, 'scale': RobustScaler()}

--- Running Random Forest for Lbol---
Best Score: 53605.3011
Best Params: {'impute__strategy': 'mean', 'model__bootstrap': False, 'model__max_depth': 5, 'model__max_features': 'log2', 'model__min_samples_leaf': 3, 'model__min_samples_split': 13, 'model__n_estimators': 373, 'scale': RobustScaler()}

--- Running CatBoost (Imputed) for log of Lbol---
Best Score: 1.6154
Best Params: {'impute__strategy': 'mean', 'model__bagging_temperature': 0.0, 'model__depth': 10, 'model__iterations': 200, 'model__l2_leaf_reg': 9.27025353289915, 'model__learning_rate': 0.03402331498749223, 'model__random_strength': 10.0, 'scale': 'passthrough'}

--- Running Catboost (No Impute) for log of Lbol---
Best Score: 1.6212
Best Params: {'model__bagging_temperature': 0.7128157461146661, 'model__depth': 10, 'model__iterations': 519, 'model__l2_leaf_reg': 3.204474583963788, 'model__learning_rate': 0.01, 'model__random_strength': 1.5440056476363792e-09, 'scale': StandardScaler()}

--- Running XGBoost (Imputed) for log of Lbol---
Best Score: 1.6223
Best Params: {'impute__strategy': 'mean', 'model__colsample_bytree': 0.8142553380637899, 'model__gamma': 3.0771320184708344, 'model__learning_rate': 0.01837116364241804, 'model__max_depth': 3, 'model__min_child_weight': 7, 'model__n_estimators': 433, 'model__reg_alpha': 0.011110499242854177, 'model__reg_lambda': 0.0001, 'model__subsample': 1.0, 'scale': RobustScaler()}

--- Running XGBoost (No Impute) for log of Lbol---
Best Score: 1.6094
Best Params: {'model__colsample_bytree': 0.6, 'model__gamma': 5.0, 'model__learning_rate': 0.01, 'model__max_depth': 3, 'model__min_child_weight': 7, 'model__n_estimators': 800, 'model__reg_alpha': 0.004749209256442327, 'model__reg_lambda': 10.0, 'model__subsample': 0.6, 'scale': 'passthrough'}

--- Running Random Forest for log of Lbol---
Best Score: 1.6157
Best Params: {'impute__strategy': 'mean', 'model__bootstrap': True, 'model__max_depth': 37, 'model__max_features': 'sqrt', 'model__min_samples_leaf': 13, 'model__min_samples_split': 7, 'model__n_estimators': 388, 'scale': 'passthrough'}

Best overall model is: Pipeline(steps=[('impute', SimpleImputer(strategy='median')),
                ('ratio', RatioGenerator(cols=['F70', 'F24', 'F12', 'F8'])),
                ('scale', RobustScaler()),
                ('model',
                 CatBoostRegressor(bagging_temperature=1.0, depth=10, iterations=189, l2_leaf_reg=1.0, learning_rate=0.01548233102036935, loss_function='RMSE', random_state=2026, random_strength=10.0, verbose=0))])
Best overall model performance on test set:
RMSE: 44317.1687
R^2: 0.4930
Best overall log model is: Pipeline(steps=[('impute', 'passthrough'),
                ('ratio', RatioGenerator(cols=['F70', 'F24', 'F12', 'F8'])),
                ('scale', 'passthrough'),
                ('model',
                 XGBRegressor(base_score=None, booster=None, callbacks=None,
                              colsample_bylevel=None, colsample_bynode=None,
                              colsample_bytree=0.6, device=None,
                              early_stopping_rounds=None,
                              enable_categorical=False, eval_metric=None,
                              feature_types=No...weights=None,
                              gamma=5.0, grow_policy=None, importance_type=None,
                              interaction_constraints=None, learning_rate=0.01,
                              max_bin=None, max_cat_threshold=None,
                              max_cat_to_onehot=None, max_delta_step=None,
                              max_depth=3, max_leaves=None, min_child_weight=7,
                              missing=nan, monotone_constraints=None,
                              multi_strategy=None, n_estimators=800, n_jobs=-1,
                              num_parallel_tree=None, ...))])
Best overall log model performance on test set:
RMSE: 1.6060
R^2: 0.5068
