--- Running CatBoost (Imputed) for luminosity mass ratio---
Best Score: 28.4059
Best Params: {'impute__strategy': 'mean', 'model__bagging_temperature': 1.0, 'model__depth': 4, 'model__iterations': 286, 'model__l2_leaf_reg': 5.412287981998134, 'model__learning_rate': 0.020124395331672432, 'model__random_strength': 10.0, 'scale': RobustScaler()}

--- Running Catboost (No Impute) for luminosity mass ratio---
Best Score: 28.6546
Best Params: {'model__bagging_temperature': 1.0, 'model__depth': 4, 'model__iterations': 641, 'model__l2_leaf_reg': 7.115518318983906, 'model__learning_rate': 0.011925185903132896, 'model__random_strength': 10.0, 'scale': RobustScaler()}

--- Running XGBoost (Imputed) for luminosity mass ratio---
Best Score: 28.6850
Best Params: {'impute__strategy': 'median', 'model__colsample_bytree': 0.6, 'model__gamma': 3.463517493694103, 'model__learning_rate': 0.012298341627372481, 'model__max_depth': 3, 'model__min_child_weight': 3, 'model__n_estimators': 228, 'model__reg_alpha': 0.010910688836215857, 'model__reg_lambda': 0.0001, 'model__subsample': 0.8058086295884765, 'scale': 'passthrough'}

--- Running XGBoost (No Impute) for luminosity mass ratio---
Best Score: 28.3593
Best Params: {'model__colsample_bytree': 0.9839699846926073, 'model__gamma': 2.7034026403660727, 'model__learning_rate': 0.015237199694979052, 'model__max_depth': 3, 'model__min_child_weight': 1, 'model__n_estimators': 225, 'model__reg_alpha': 0.03598066005519558, 'model__reg_lambda': 10.0, 'model__subsample': 0.8022605375489853, 'scale': RobustScaler()}

--- Running Random Forest for luminosity mass ratio---
Best Score: 28.3529
Best Params: {'impute__strategy': 'mean', 'model__bootstrap': False, 'model__max_depth': 5, 'model__max_features': 'sqrt', 'model__min_samples_leaf': 1, 'model__min_samples_split': 20, 'model__n_estimators': 100, 'scale': 'passthrough'}

--- Running Decision Tree for luminosity mass ratio---
Best Score: 29.7193
Best Params: {'impute__strategy': 'mean', 'model__max_depth': 5, 'model__max_features': None, 'model__min_samples_leaf': 17, 'model__min_samples_split': 20, 'scale': 'passthrough'}

--- Running SVR (rbf) for luminosity mass ratio---
Best Score: 29.7265
Best Params: {'model__C': 80.78253278642312, 'model__epsilon': 1.0, 'model__gamma': 0.053549798199823966, 'model__kernel': 'rbf', 'scale': StandardScaler()}

--- Running CatBoost (Imputed) for log of luminosity mass ratio---
Best Score: 0.8649
Best Params: {'impute__strategy': 'median', 'model__bagging_temperature': 0.40003713050866463, 'model__depth': 7, 'model__iterations': 579, 'model__l2_leaf_reg': 5.407846188608166, 'model__learning_rate': 0.016112434685790933, 'model__random_strength': 0.6447303625671337, 'scale': StandardScaler()}

--- Running Catboost (No Impute) for log of luminosity mass ratio---
Best Score: 0.8681
Best Params: {'model__bagging_temperature': 0.97737466595509, 'model__depth': 4, 'model__iterations': 647, 'model__l2_leaf_reg': 6.961625859383842, 'model__learning_rate': 0.014275706353416717, 'model__random_strength': 1.9443636187571492e-09, 'scale': 'passthrough'}

--- Running XGBoost (Imputed) for log of luminosity mass ratio---
Best Score: 0.8632
Best Params: {'impute__strategy': 'median', 'model__colsample_bytree': 0.894110941578244, 'model__gamma': 5.0, 'model__learning_rate': 0.01, 'model__max_depth': 8, 'model__min_child_weight': 2, 'model__n_estimators': 612, 'model__reg_alpha': 0.00044989450654412094, 'model__reg_lambda': 0.00010450783989947207, 'model__subsample': 0.6030114278091401, 'scale': RobustScaler()}

--- Running XGBoost (No Impute) for log of luminosity mass ratio---
Best Score: 0.8639
Best Params: {'model__colsample_bytree': 0.9279765890460085, 'model__gamma': 2.701292025097151, 'model__learning_rate': 0.06584686494291092, 'model__max_depth': 9, 'model__min_child_weight': 7, 'model__n_estimators': 452, 'model__reg_alpha': 3.7752363887042346, 'model__reg_lambda': 0.0001, 'model__subsample': 0.8110173655063958, 'scale': StandardScaler()}

--- Running Random Forest for log of luminosity mass ratio---
Best Score: 0.8608
Best Params: {'impute__strategy': 'median', 'model__bootstrap': True, 'model__max_depth': 50, 'model__max_features': 'sqrt', 'model__min_samples_leaf': 20, 'model__min_samples_split': 20, 'model__n_estimators': 800, 'scale': StandardScaler()}

--- Running Decision Tree for log of luminosity mass ratio---
Best Score: 0.8910
Best Params: {'impute__strategy': 'median', 'model__max_depth': 5, 'model__max_features': None, 'model__min_samples_leaf': 18, 'model__min_samples_split': 10, 'scale': 'passthrough'}

--- Running SVR (rbf) for log of luminosity mass ratio---
Best Score: 0.8948
Best Params: {'model__C': 1.828648221062902, 'model__epsilon': 0.28758948990068395, 'model__gamma': 0.09817104410615149, 'model__kernel': 'rbf', 'scale': StandardScaler()}

Best overall model is: Pipeline(steps=[('impute', SimpleImputer()),
                ('ratio', RatioGenerator(cols=['F70', 'F24', 'F12', 'F8'])),
                ('scale', 'passthrough'),
                ('model',
                 RandomForestRegressor(bootstrap=False, max_depth=5,
                                       max_features='sqrt',
                                       min_samples_split=20, n_jobs=-1,
                                       random_state=2026))])
Best overall model performance on test set:
RMSE: 32.2097
R^2: 0.0927
Best overall log model is: Pipeline(steps=[('impute', SimpleImputer(strategy='median')),
                ('ratio', RatioGenerator(cols=['F70', 'F24', 'F12', 'F8'])),
                ('scale', StandardScaler()),
                ('model',
                 RandomForestRegressor(max_depth=50, max_features='sqrt',
                                       min_samples_leaf=20,
                                       min_samples_split=20, n_estimators=800,
                                       n_jobs=-1, random_state=2026))])
Best overall log model performance on test set:
RMSE: 0.8709
R^2: 0.4060
