/bsuhome/alexanderemert/miniforge3/envs/starform-alex/lib/python3.14/site-packages/skopt/optimizer/optimizer.py:517: UserWarning: The objective has been evaluated at point [SimpleImputer(), np.int64(30), np.str_('sqrt'), np.int64(15), np.int64(20), RobustScaler()] before, using random point [SimpleImputer(strategy='median'), np.int64(23), 'sqrt', np.int64(7), np.int64(11), 'passthrough']
  warnings.warn(
/bsuhome/alexanderemert/miniforge3/envs/starform-alex/lib/python3.14/site-packages/skopt/optimizer/optimizer.py:517: UserWarning: The objective has been evaluated at point [SimpleImputer(), np.int64(30), np.str_('sqrt'), np.int64(15), np.int64(20), RobustScaler()] before, using random point [SimpleImputer(strategy='median'), np.int64(11), None, np.int64(17), np.int64(10), StandardScaler()]
  warnings.warn(
/bsuhome/alexanderemert/miniforge3/envs/starform-alex/lib/python3.14/site-packages/skopt/optimizer/optimizer.py:517: UserWarning: The objective has been evaluated at point [SimpleImputer(), np.int64(30), np.str_('sqrt'), np.int64(15), np.int64(20), RobustScaler()] before, using random point [SimpleImputer(strategy='median'), np.int64(22), 'sqrt', np.int64(13), np.int64(9), StandardScaler()]
  warnings.warn(
/bsuhome/alexanderemert/miniforge3/envs/starform-alex/lib/python3.14/site-packages/skopt/optimizer/optimizer.py:517: UserWarning: The objective has been evaluated at point [SimpleImputer(), np.False_, np.int64(30), np.str_('sqrt'), np.int64(1), np.int64(20), np.int64(1000), np.str_('passthrough')] before, using random point [SimpleImputer(), False, np.int64(22), 'log2', np.int64(12), np.int64(11), np.int64(538), RobustScaler()]
  warnings.warn(
/bsuhome/alexanderemert/miniforge3/envs/starform-alex/lib/python3.14/site-packages/skopt/optimizer/optimizer.py:517: UserWarning: The objective has been evaluated at point [SimpleImputer(strategy='median'), np.int64(30), np.str_('sqrt'), np.int64(20), np.int64(2), StandardScaler()] before, using random point [SimpleImputer(), np.int64(11), 'sqrt', np.int64(5), np.int64(10), 'passthrough']
  warnings.warn(
/bsuhome/alexanderemert/miniforge3/envs/starform-alex/lib/python3.14/site-packages/skopt/optimizer/optimizer.py:517: UserWarning: The objective has been evaluated at point [SimpleImputer(strategy='median'), np.int64(30), np.str_('sqrt'), np.int64(20), np.int64(5), StandardScaler()] before, using random point [KNNImputer(), np.int64(11), None, np.int64(15), np.int64(7), StandardScaler()]
  warnings.warn(
/bsuhome/alexanderemert/miniforge3/envs/starform-alex/lib/python3.14/site-packages/skopt/optimizer/optimizer.py:517: UserWarning: The objective has been evaluated at point [SimpleImputer(strategy='median'), np.int64(30), np.str_('sqrt'), np.int64(20), np.int64(2), StandardScaler()] before, using random point [SimpleImputer(strategy='median'), np.int64(24), 'sqrt', np.int64(17), np.int64(17), RobustScaler()]
  warnings.warn(
/bsuhome/alexanderemert/miniforge3/envs/starform-alex/lib/python3.14/site-packages/skopt/optimizer/optimizer.py:517: UserWarning: The objective has been evaluated at point [SimpleImputer(), np.int64(4), None, np.int64(20), np.int64(19), np.str_('passthrough')] before, using random point [SimpleImputer(), np.int64(13), 'sqrt', np.int64(13), np.int64(16), 'passthrough']
  warnings.warn(
CatBoost:
Best CV Score: 203.7552
XGBoost:
Best CV Score: 206.7893
Random Forest:
Best CV Score: 207.9348
Decision Tree:
Best CV Score: 225.8123


CatBoost for log of lratio:
Best CV Score: 0.8538
XGBoost for log of lratio:
Best CV Score: 0.8630
Random Forest for log of lratio:
Best CV Score: 0.9037
Decision Tree for log of lratio:
Best CV Score: 0.9570


Summary of Best Models:
Best overall CV RMSE: 203.7552

Best overall model performance on test set:
RMSE: 248.7006
R^2: 0.1081

Final model impute strategy: SimpleImputer()
Final model scaler: passthrough
Final model parameters: CatBoostRegressor(bagging_temperature=10.0, border_count=212, colsample_bylevel=0.8432381953046726, depth=12, grow_policy='Lossguide', iterations=3000, l2_leaf_reg=100.0, learning_rate=0.008258452130618479, loss_function='RMSE', min_data_in_leaf=61, random_state=2026, random_strength=10.0, verbose=0)
Best overall log CV RMSE: 0.8538

Best overall log model performance on test set:
RMSE: 0.8429
R^2: 0.5239

Final log model impute strategy: KNNImputer()
Final log model scaler: passthrough
Final log model parameters: CatBoostRegressor(bagging_temperature=5.212904954917118, border_count=255, colsample_bylevel=1.0, depth=12, grow_policy='Lossguide', iterations=3000, l2_leaf_reg=100.0, learning_rate=0.013269429654351995, loss_function='RMSE', min_data_in_leaf=29, random_state=2026, random_strength=10.0, verbose=0)
