/bsuhome/alexanderemert/miniforge3/envs/starform-alex/lib/python3.14/site-packages/skopt/optimizer/optimizer.py:517: UserWarning: The objective has been evaluated at point [SimpleImputer(strategy='median'), np.int64(30), np.str_('sqrt'), np.int64(20), np.int64(20), RobustScaler()] before, using random point [SimpleImputer(), np.int64(5), None, np.int64(17), np.int64(4), RobustScaler()]
  warnings.warn(
CatBoost:
Best CV Score: 8.6005
XGBoost:
Best CV Score: 8.5894
Random Forest:
Best CV Score: 8.9030
Decision Tree:
Best CV Score: 9.4809


CatBoost for log of tbol:
Best CV Score: 0.1850
XGBoost for log of tbol:
Best CV Score: 0.1846
Random Forest for log of tbol:
Best CV Score: 0.1908
Decision Tree for log of tbol:
Best CV Score: 0.2114


Summary of Best Models:
Best overall CV RMSE: 8.5894

Best overall model performance on test set:
RMSE: 9.0141
R^2: 0.4180

Final model impute strategy: passthrough
Final model scaler: RobustScaler()
Final model parameters: XGBRegressor(base_score=None, booster=None, callbacks=None,
             colsample_bylevel=1.0, colsample_bynode=None, colsample_bytree=1.0,
             device=None, early_stopping_rounds=None, enable_categorical=False,
             eval_metric=None, feature_types=None, feature_weights=None,
             gamma=1.5309584289803693e-08, grow_policy=None,
             importance_type=None, interaction_constraints=None,
             learning_rate=0.008775543669840126, max_bin=None,
             max_cat_threshold=None, max_cat_to_onehot=None,
             max_delta_step=None, max_depth=12, max_leaves=None,
             min_child_weight=20, missing=nan, monotone_constraints=None,
             multi_strategy=None, n_estimators=1547, n_jobs=-1,
             num_parallel_tree=None, ...)
Best overall log CV RMSE: 0.1846

Best overall log model performance on test set:
RMSE: 0.1894
R^2: 0.4762

Final log model impute strategy: passthrough
Final log model scaler: StandardScaler()
Final log model parameters: XGBRegressor(base_score=None, booster=None, callbacks=None,
             colsample_bylevel=0.9939169992931713, colsample_bynode=None,
             colsample_bytree=0.6691319329371063, device=None,
             early_stopping_rounds=None, enable_categorical=False,
             eval_metric=None, feature_types=None, feature_weights=None,
             gamma=6.001122117105952e-08, grow_policy=None,
             importance_type=None, interaction_constraints=None,
             learning_rate=0.008582951233105127, max_bin=None,
             max_cat_threshold=None, max_cat_to_onehot=None,
             max_delta_step=None, max_depth=3, max_leaves=None,
             min_child_weight=20, missing=nan, monotone_constraints=None,
             multi_strategy=None, n_estimators=2066, n_jobs=-1,
             num_parallel_tree=None, ...)
