Traceback (most recent call last):
  File "/bsuhome/alexanderemert/Research/Star-Formation-Research-Project-2026/pipeline/search.py", line 102, in <module>
    main()
    ~~~~^^
  File "/bsuhome/alexanderemert/Research/Star-Formation-Research-Project-2026/pipeline/search.py", line 51, in main
    X = phot.drop(columns=remove_properties)
  File "/bsuhome/alexanderemert/miniforge3/envs/starform-alex/lib/python3.14/site-packages/pandas/core/frame.py", line 6300, in drop
    return super().drop(
           ~~~~~~~~~~~~^
        labels=labels,
        ^^^^^^^^^^^^^^
    ...<5 lines>...
        errors=errors,
        ^^^^^^^^^^^^^^
    )
    ^
  File "/bsuhome/alexanderemert/miniforge3/envs/starform-alex/lib/python3.14/site-packages/pandas/core/generic.py", line 4636, in drop
    raise ValueError(
        "Need to specify at least one of 'labels', 'index' or 'columns'"
    )
ValueError: Need to specify at least one of 'labels', 'index' or 'columns'
