/bsuhome/alexanderemert/miniforge3/envs/starform-alex/lib/python3.14/site-packages/skopt/optimizer/optimizer.py:517: UserWarning: The objective has been evaluated at point [np.str_('median'), np.int64(5), np.str_('sqrt'), np.int64(20), np.int64(2), RobustScaler()] before, using random point ['mean', np.int64(11), None, np.int64(16), np.int64(8), RobustScaler()]
  warnings.warn(
--- Running CatBoost (Imputed) for Tbol---
Best Score: 9.6940
Best Params: {'impute__strategy': 'median', 'model__bagging_temperature': 0.0864207292836491, 'model__depth': 8, 'model__iterations': 328, 'model__l2_leaf_reg': 5.643554489567816, 'model__learning_rate': 0.01, 'model__random_strength': 10.0, 'scale': StandardScaler()}

--- Running Catboost (No Impute) for Tbol---
Best Score: 9.6161
Best Params: {'model__bagging_temperature': 0.3278369707783734, 'model__depth': 8, 'model__iterations': 248, 'model__l2_leaf_reg': 7.078158203292234, 'model__learning_rate': 0.02326104742639448, 'model__random_strength': 0.1865192724500136, 'scale': RobustScaler()}

--- Running XGBoost (Imputed) for Tbol---
Best Score: 9.6627
Best Params: {'impute__strategy': 'mean', 'model__colsample_bytree': 0.6054868713393295, 'model__gamma': 0.021276250419125235, 'model__learning_rate': 0.011793418784607967, 'model__max_depth': 3, 'model__min_child_weight': 7, 'model__n_estimators': 558, 'model__reg_alpha': 10.0, 'model__reg_lambda': 10.0, 'model__subsample': 0.6, 'scale': RobustScaler()}

--- Running XGBoost (No Impute) for Tbol---
Best Score: 9.5849
Best Params: {'model__colsample_bytree': 0.8121933336736923, 'model__gamma': 4.541167823325013, 'model__learning_rate': 0.01721239241449281, 'model__max_depth': 3, 'model__min_child_weight': 5, 'model__n_estimators': 160, 'model__reg_alpha': 0.000999703086809506, 'model__reg_lambda': 10.0, 'model__subsample': 0.8913710753251523, 'scale': RobustScaler()}

--- Running Random Forest for Tbol---
Best Score: 9.5795
Best Params: {'impute__strategy': 'mean', 'model__bootstrap': True, 'model__max_depth': 37, 'model__max_features': 'sqrt', 'model__min_samples_leaf': 13, 'model__min_samples_split': 7, 'model__n_estimators': 388, 'scale': 'passthrough'}

--- Running Decision Tree for Tbol---
Best Score: 9.9041
Best Params: {'impute__strategy': 'median', 'model__max_depth': 5, 'model__max_features': 'log2', 'model__min_samples_leaf': 20, 'model__min_samples_split': 2, 'scale': RobustScaler()}

--- Running SVR (rbf) for Tbol---
Best Score: 9.9579
Best Params: {'model__C': 8.685253449219843, 'model__epsilon': 0.06146735397919111, 'model__gamma': 0.5850700713744317, 'model__kernel': 'rbf', 'scale': StandardScaler()}

--- Running CatBoost (Imputed) for log of tbol---
Best Score: 0.2042
Best Params: {'impute__strategy': 'mean', 'model__bagging_temperature': 0.2856414871984972, 'model__depth': 10, 'model__iterations': 100, 'model__l2_leaf_reg': 6.072876765171328, 'model__learning_rate': 0.05745942562622797, 'model__random_strength': 3.0226325953834086, 'scale': StandardScaler()}

--- Running Catboost (No Impute) for log of tbol---
Best Score: 0.2038
Best Params: {'model__bagging_temperature': 0.14608474548371478, 'model__depth': 4, 'model__iterations': 914, 'model__l2_leaf_reg': 6.305810793256132, 'model__learning_rate': 0.01261853858479749, 'model__random_strength': 1e-09, 'scale': StandardScaler()}

--- Running XGBoost (Imputed) for log of tbol---
Best Score: 0.2055
Best Params: {'impute__strategy': 'mean', 'model__colsample_bytree': 0.7978442818200928, 'model__gamma': 0.28442611197840795, 'model__learning_rate': 0.049185741104807175, 'model__max_depth': 8, 'model__min_child_weight': 7, 'model__n_estimators': 736, 'model__reg_alpha': 0.02469353592260278, 'model__reg_lambda': 0.15662525854706597, 'model__subsample': 0.9894241952754143, 'scale': RobustScaler()}

--- Running XGBoost (No Impute) for log of tbol---
Best Score: 0.2038
Best Params: {'model__colsample_bytree': 0.6, 'model__gamma': 0.0, 'model__learning_rate': 0.10262094374111544, 'model__max_depth': 3, 'model__min_child_weight': 7, 'model__n_estimators': 800, 'model__reg_alpha': 10.0, 'model__reg_lambda': 10.0, 'model__subsample': 0.6699747847046869, 'scale': RobustScaler()}

--- Running Random Forest for log of tbol---
Best Score: 0.2037
Best Params: {'impute__strategy': 'median', 'model__bootstrap': True, 'model__max_depth': 31, 'model__max_features': 'log2', 'model__min_samples_leaf': 10, 'model__min_samples_split': 5, 'model__n_estimators': 717, 'scale': StandardScaler()}

--- Running Decision Tree for log of tbol---
Best Score: 0.2103
Best Params: {'impute__strategy': 'mean', 'model__max_depth': 5, 'model__max_features': 'sqrt', 'model__min_samples_leaf': 13, 'model__min_samples_split': 2, 'scale': 'passthrough'}

--- Running SVR (rbf) for log of tbol---
Best Score: 0.2128
Best Params: {'model__C': 0.1, 'model__epsilon': 0.06922977741709375, 'model__gamma': 0.25981783577407186, 'model__kernel': 'rbf', 'scale': StandardScaler()}

Best overall model is: Pipeline(steps=[('impute', SimpleImputer()),
                ('ratio', RatioGenerator(cols=['F70', 'F24', 'F12', 'F8'])),
                ('scale', 'passthrough'),
                ('model',
                 RandomForestRegressor(max_depth=37, max_features='sqrt',
                                       min_samples_leaf=13, min_samples_split=7,
                                       n_estimators=388, n_jobs=-1,
                                       random_state=2026))])
Best overall model performance on test set:
RMSE: 9.6702
R^2: 0.3302
Best overall log model is: Pipeline(steps=[('impute', SimpleImputer(strategy='median')),
                ('ratio', RatioGenerator(cols=['F70', 'F24', 'F12', 'F8'])),
                ('scale', StandardScaler()),
                ('model',
                 RandomForestRegressor(max_depth=31, max_features='log2',
                                       min_samples_leaf=10, min_samples_split=5,
                                       n_estimators=717, n_jobs=-1,
                                       random_state=2026))])
Best overall log model performance on test set:
RMSE: 0.2085
R^2: 0.3311
