/bsuhome/alexanderemert/miniforge3/envs/starform-alex/lib/python3.14/site-packages/skopt/optimizer/optimizer.py:517: UserWarning: The objective has been evaluated at point [SimpleImputer(), np.int64(3), None, np.int64(6), np.int64(2), StandardScaler()] before, using random point [SimpleImputer(strategy='median'), np.int64(8), 'sqrt', np.int64(9), np.int64(12), StandardScaler()]
  warnings.warn(
/bsuhome/alexanderemert/miniforge3/envs/starform-alex/lib/python3.14/site-packages/skopt/optimizer/optimizer.py:517: UserWarning: The objective has been evaluated at point [SimpleImputer(strategy='median'), np.int64(16), None, np.int64(20), np.int64(20), StandardScaler()] before, using random point [KNNImputer(), np.int64(27), 'log2', np.int64(5), np.int64(9), 'passthrough']
  warnings.warn(
CatBoost:
Best CV Score: 26252.4220
XGBoost:
Best CV Score: 30986.5381
Random Forest:
Best CV Score: 34879.9451
Decision Tree:
Best CV Score: 37087.2162


CatBoost for log of lbol:
Best CV Score: 0.4313
XGBoost for log of lbol:
Best CV Score: 0.4322
Random Forest for log of lbol:
Best CV Score: 0.4824
Decision Tree for log of lbol:
Best CV Score: 0.6342


Summary of Best Models:
Best overall CV RMSE: 26252.4220

Best overall model performance on test set:
RMSE: 37611.7235
R^2: 0.6348

Final model impute strategy: passthrough
Final model scaler: StandardScaler()
Final model parameters: CatBoostRegressor(bagging_temperature=10.0, border_count=32, colsample_bylevel=1.0, depth=4, grow_policy='SymmetricTree', iterations=3000, l2_leaf_reg=0.4879264908500337, learning_rate=0.04750036748325277, loss_function='RMSE', min_data_in_leaf=60, random_state=2026, random_strength=2.5308291967826116e-08, verbose=0)
Best overall log CV RMSE: 0.4313

Best overall log model performance on test set:
RMSE: 0.4127
R^2: 0.9674

Final log model impute strategy: passthrough
Final log model scaler: passthrough
Final log model parameters: CatBoostRegressor(bagging_temperature=5.841085097706552, border_count=255, colsample_bylevel=0.38392733430369835, depth=6, grow_policy='SymmetricTree', iterations=2563, l2_leaf_reg=1.5394635509622556, learning_rate=0.027183302677781376, loss_function='RMSE', min_data_in_leaf=100, random_state=2026, random_strength=3.5630728793738414e-05, verbose=0)
