/bsuhome/alexanderemert/miniforge3/envs/starform-alex/lib/python3.14/site-packages/skopt/optimizer/optimizer.py:517: UserWarning: The objective has been evaluated at point [SimpleImputer(), np.True_, np.int64(30), None, np.int64(20), np.int64(2), np.int64(1000), RobustScaler()] before, using random point [KNNImputer(), True, np.int64(11), 'sqrt', np.int64(4), np.int64(5), np.int64(265), RobustScaler()]
  warnings.warn(
/bsuhome/alexanderemert/miniforge3/envs/starform-alex/lib/python3.14/site-packages/skopt/optimizer/optimizer.py:517: UserWarning: The objective has been evaluated at point [SimpleImputer(), np.int64(30), None, np.int64(20), np.int64(20), StandardScaler()] before, using random point [SimpleImputer(), np.int64(25), 'log2', np.int64(17), np.int64(17), 'passthrough']
  warnings.warn(
CatBoost:
Best CV Score: 0.1680
XGBoost:
Best CV Score: 0.1689
Random Forest:
Best CV Score: 0.1860
Decision Tree:
Best CV Score: 0.2199


CatBoost for log of diam:
Best CV Score: 0.2681
XGBoost for log of diam:
Best CV Score: 0.2701
Random Forest for log of diam:
Best CV Score: 0.3002
Decision Tree for log of diam:
Best CV Score: 0.3551


Summary of Best Models:
Best overall CV RMSE: 0.1680

Best overall model performance on test set:
RMSE: 0.1530
R^2: 0.8500

Final model impute strategy: passthrough
Final model scaler: RobustScaler()
Final model parameters: CatBoostRegressor(bagging_temperature=4.000371305086646, border_count=162, colsample_bylevel=0.5551423945775859, depth=7, grow_policy='SymmetricTree', iterations=2655, l2_leaf_reg=0.007820317356082409, learning_rate=0.031529351376282995, loss_function='RMSE', min_data_in_leaf=92, random_state=2026, random_strength=0.029994183024229425, verbose=0)
Best overall log CV RMSE: 0.2681

Best overall log model performance on test set:
RMSE: 0.2509
R^2: 0.8975

Final log model impute strategy: passthrough
Final log model scaler: StandardScaler()
Final log model parameters: CatBoostRegressor(bagging_temperature=2.1948439114735634, border_count=218, colsample_bylevel=0.3031984100006194, depth=3, grow_policy='SymmetricTree', iterations=2811, l2_leaf_reg=0.001, learning_rate=0.021801991878431775, loss_function='RMSE', min_data_in_leaf=100, random_state=2026, random_strength=10.0, verbose=0)
