--- Running CatBoost (Imputed) for Tbol---
Best Score: 9.6940
Best Params: {'impute__strategy': 'median', 'model__bagging_temperature': 0.0864207292836491, 'model__depth': 8, 'model__iterations': 328, 'model__l2_leaf_reg': 5.643554489567816, 'model__learning_rate': 0.01, 'model__random_strength': 10.0, 'scale': StandardScaler()}

--- Running Catboost (No Impute) for Tbol---
Best Score: 9.6161
Best Params: {'model__bagging_temperature': 0.3278369707783734, 'model__depth': 8, 'model__iterations': 248, 'model__l2_leaf_reg': 7.078158203292234, 'model__learning_rate': 0.02326104742639448, 'model__random_strength': 0.1865192724500136, 'scale': RobustScaler()}

--- Running XGBoost (Imputed) for Tbol---
Best Score: 9.6627
Best Params: {'impute__strategy': 'mean', 'model__colsample_bytree': 0.6054868713393295, 'model__gamma': 0.021276250419125235, 'model__learning_rate': 0.011793418784607967, 'model__max_depth': 3, 'model__min_child_weight': 7, 'model__n_estimators': 558, 'model__reg_alpha': 10.0, 'model__reg_lambda': 10.0, 'model__subsample': 0.6, 'scale': RobustScaler()}

--- Running XGBoost (No Impute) for Tbol---
Best Score: 9.5849
Best Params: {'model__colsample_bytree': 0.8121933336736923, 'model__gamma': 4.541167823325013, 'model__learning_rate': 0.01721239241449281, 'model__max_depth': 3, 'model__min_child_weight': 5, 'model__n_estimators': 160, 'model__reg_alpha': 0.000999703086809506, 'model__reg_lambda': 10.0, 'model__subsample': 0.8913710753251523, 'scale': RobustScaler()}

--- Running Random Forest for Tbol---
Best Score: 9.5795
Best Params: {'impute__strategy': 'mean', 'model__bootstrap': True, 'model__max_depth': 37, 'model__max_features': 'sqrt', 'model__min_samples_leaf': 13, 'model__min_samples_split': 7, 'model__n_estimators': 388, 'scale': 'passthrough'}

--- Running CatBoost (Imputed) for log of tbol---
Best Score: 0.2094
Best Params: {'impute__strategy': 'mean', 'model__bagging_temperature': 0.7865277225281355, 'model__depth': 5, 'model__iterations': 723, 'model__l2_leaf_reg': 2.705158182865983, 'model__learning_rate': 0.01, 'model__random_strength': 10.0, 'scale': 'passthrough'}

--- Running Catboost (No Impute) for log of tbol---
Best Score: 0.2090
Best Params: {'model__bagging_temperature': 1.0, 'model__depth': 10, 'model__iterations': 512, 'model__l2_leaf_reg': 10.0, 'model__learning_rate': 0.018278661174000753, 'model__random_strength': 0.30542521281025053, 'scale': StandardScaler()}

--- Running XGBoost (Imputed) for log of tbol---
Best Score: 0.2120
Best Params: {'impute__strategy': 'mean', 'model__colsample_bytree': 0.9671142960374697, 'model__gamma': 0.3868252519568394, 'model__learning_rate': 0.13440386117253525, 'model__max_depth': 7, 'model__min_child_weight': 4, 'model__n_estimators': 294, 'model__reg_alpha': 0.0007745965569659434, 'model__reg_lambda': 0.1215513019705238, 'model__subsample': 0.9232805936188169, 'scale': RobustScaler()}

--- Running XGBoost (No Impute) for log of tbol---
Best Score: 0.2089
Best Params: {'model__colsample_bytree': 0.7296432231933683, 'model__gamma': 0.6168156672549719, 'model__learning_rate': 0.010355711395729945, 'model__max_depth': 7, 'model__min_child_weight': 5, 'model__n_estimators': 778, 'model__reg_alpha': 0.018586829972897786, 'model__reg_lambda': 0.010509390117807355, 'model__subsample': 0.6701113388582658, 'scale': RobustScaler()}

--- Running Random Forest for log of tbol---
Best Score: 0.2094
Best Params: {'impute__strategy': 'median', 'model__bootstrap': True, 'model__max_depth': 31, 'model__max_features': 'log2', 'model__min_samples_leaf': 10, 'model__min_samples_split': 5, 'model__n_estimators': 717, 'scale': StandardScaler()}

Best overall model is: Pipeline(steps=[('impute', SimpleImputer()),
                ('ratio', RatioGenerator(cols=['F70', 'F24', 'F12', 'F8'])),
                ('scale', 'passthrough'),
                ('model',
                 RandomForestRegressor(max_depth=37, max_features='sqrt',
                                       min_samples_leaf=13, min_samples_split=7,
                                       n_estimators=388, n_jobs=-1,
                                       random_state=2026))])
Best overall model performance on test set:
RMSE: 9.6702
R^2: 0.3302
Best overall log model is: Pipeline(steps=[('impute', 'passthrough'),
                ('ratio', RatioGenerator(cols=['F70', 'F24', 'F12', 'F8'])),
                ('scale', RobustScaler()),
                ('model',
                 XGBRegressor(base_score=None, booster=None, callbacks=None,
                              colsample_bylevel=None, colsample_bynode=None,
                              colsample_bytree=0.7296432231933683, device=None,
                              early_stopping_rounds=None,
                              enable_categorical=False, eval_metric=None,...
                              gamma=0.6168156672549719, grow_policy=None,
                              importance_type=None,
                              interaction_constraints=None,
                              learning_rate=0.010355711395729945, max_bin=None,
                              max_cat_threshold=None, max_cat_to_onehot=None,
                              max_delta_step=None, max_depth=7, max_leaves=None,
                              min_child_weight=5, missing=nan,
                              monotone_constraints=None, multi_strategy=None,
                              n_estimators=778, n_jobs=-1,
                              num_parallel_tree=None, ...))])
Best overall log model performance on test set:
RMSE: 0.2130
R^2: 0.3377
